Archive member included because of file (symbol)

/homes/cs354/bin/cross_compiler/lib/gcc/arm-none-eabi/4.8.1//libgcc.a(_udivsi3.o)
                              binaries/qsort.o (__aeabi_uidiv)
/homes/cs354/bin/cross_compiler/lib/gcc/arm-none-eabi/4.8.1//libgcc.a(_divsi3.o)
                              binaries/doprnt.o (__aeabi_idiv)
/homes/cs354/bin/cross_compiler/lib/gcc/arm-none-eabi/4.8.1//libgcc.a(_dvmd_tls.o)
                              /homes/cs354/bin/cross_compiler/lib/gcc/arm-none-eabi/4.8.1//libgcc.a(_udivsi3.o) (__aeabi_idiv0)
/homes/cs354/bin/cross_compiler/lib/gcc/arm-none-eabi/4.8.1//libgcc.a(_arm_muldivdf3.o)
                              binaries/doprnt.o (__aeabi_dmul)
/homes/cs354/bin/cross_compiler/lib/gcc/arm-none-eabi/4.8.1//libgcc.a(_arm_cmpdf2.o)
                              binaries/doprnt.o (__aeabi_dcmplt)
/homes/cs354/bin/cross_compiler/lib/gcc/arm-none-eabi/4.8.1//libgcc.a(_arm_fixdfsi.o)
                              binaries/doprnt.o (__aeabi_d2iz)

Allocating common symbols
Common symbol       size              file

netbufpool          0x4               binaries/net.o
bounded             0x270             binaries/rt_create.o
readylist           0x2               binaries/ready.o
rfltab              0x5a0             binaries/rflinit.o
netportseed         0x4               binaries/net.o
sleepq              0x2               binaries/clkinit.o
gpiotab             0x10              binaries/gpioinit.o
intc_vector         0x200             binaries/evec.o
nnames              0x4               binaries/naminit.o
udptab              0x168             binaries/udp.o
minheap             0x4               binaries/meminit.o
marks               0x50              binaries/mark.o
currpid             0x4               binaries/initialize.o
Lf_data             0x20c             binaries/lfsinit.o
porttab             0x2d0             binaries/ptinit.o
bad                 0x258             binaries/rt_create.o
ttytab              0x110             binaries/ttyinit.o
proctab             0x15e0            binaries/initialize.o
eth_a_regs          0x1c              binaries/ethinit.o
prcount             0x4               binaries/initialize.o
lfltab              0xf00             binaries/lflinit.o
rdstab              0x8c              binaries/rdsinit.o
ethertab            0x138             binaries/ethinit.o
good                0x258             binaries/rt_create.o
NetData             0xb0              binaries/net.o
nmarks              0x4               binaries/mark.o
Defer               0x8               binaries/resched.o
semtab              0x4b0             binaries/initialize.o
maxheap             0x4               binaries/meminit.o
preempt             0x4               binaries/clkinit.o
buftab              0xf0              binaries/bufinit.o
Rf_data             0x18              binaries/rfsinit.o
numBad              0x4               binaries/rt_create.o
mkmutex             0x4               binaries/mark.o
numGood             0x4               binaries/rt_create.o
count1000           0x4               binaries/clkinit.o
clktime             0x4               binaries/clkinit.o
arpcache            0x140             binaries/arp.o
icmptab             0x230             binaries/icmp.o
nbpools             0x4               binaries/bufinit.o
queuetab            0x980             binaries/queue.o
ptnextid            0x4               binaries/ptinit.o
Ram                 0x19000           binaries/raminit.o
executionBegan      0x4               binaries/rt_create.o
numBoundedJobs      0x4               binaries/rt_create.o
ipoqueue            0x2c              binaries/ip.o
memlist             0x8               binaries/initialize.o
nametab             0x19a0            binaries/naminit.o
ptfree              0x4               binaries/ptinit.o

Memory Configuration

Name             Origin             Length             Attributes
*default*        0x00000000         0xffffffff

Linker script and memory map

                0x81000000                physbase = 0x81000000
                0x81000000                . = physbase
                0x81000000                . = ALIGN (0x1000)

.text           0x81000000    0x16000
                0x81000000                text = ABSOLUTE (.)
 *(.text .text.*)
 .text          0x81000000       0x4c binaries/start.o
                0x81000000                start
 .text          0x8100004c      0x33c binaries/ascdate.o
                0x8100004c                ascdate
 .text          0x81000388       0x18 binaries/bufinit.o
                0x81000388                bufinit
 .text          0x810003a0       0x68 binaries/chprio.o
                0x810003a0                chprio
 .text          0x81000408       0xf8 binaries/clkhandler.o
                0x81000408                clkhandler
 .text          0x81000500       0xe0 binaries/clkinit.o
                0x81000500                clkinit
 .text          0x810005e0       0x50 binaries/close.o
                0x810005e0                close
 .text          0x81000630        0x0 binaries/conf.o
 .text          0x81000630       0x68 binaries/control.o
                0x81000630                control
 .text          0x81000698      0x290 binaries/create.o
                0x81000698                create
 .text          0x81000928      0x104 binaries/dummy.o
                0x81000928                func1
                0x8100095c                func2
                0x81000990                func3
                0x810009c4                func4
                0x810009f8                func5
 .text          0x81000a2c       0xc4 binaries/evec.o
                0x81000a2c                initintc
                0x81000a58                set_evec
                0x81000a98                irq_dispatch
 .text          0x81000af0       0x10 binaries/exit.o
                0x81000af0                exit
 .text          0x81000b00       0x7c binaries/freebuf.o
                0x81000b00                freebuf
 .text          0x81000b7c      0x148 binaries/freemem.o
                0x81000b7c                freemem
 .text          0x81000cc4       0x78 binaries/getbuf.o
                0x81000cc4                getbuf
 .text          0x81000d3c       0x50 binaries/getc.o
                0x81000d3c                getc
 .text          0x81000d8c       0x68 binaries/getdev.o
                0x81000d8c                getdev
 .text          0x81000df4       0xa0 binaries/getitem.o
                0x81000df4                getitem
                0x81000e24                getfirst
                0x81000e58                getlast
 .text          0x81000e94      0x108 binaries/getmem.o
                0x81000e94                getmem
 .text          0x81000f9c       0x10 binaries/getpid.o
                0x81000f9c                getpid
 .text          0x81000fac       0x5c binaries/getprio.o
                0x81000fac                getprio
 .text          0x81001008       0xc8 binaries/getstk.o
                0x81001008                getstk
 .text          0x810010d0        0x8 binaries/getticks.o
                0x810010d0                getticks
 .text          0x810010d8       0x38 binaries/gettime.o
                0x810010d8                gettime
 .text          0x81001110      0x1f4 binaries/getutime.o
                0x81001110                getutime
 .text          0x81001304        0x4 binaries/hook.o
                0x81001304                hook
 .text          0x81001308       0x50 binaries/init.o
                0x81001308                init
 .text          0x81001358      0x348 binaries/initialize.o
                0x810013fc                nulluser
                0x81001640                stop
                0x81001664                delay
 .text          0x810016a0       0xd0 binaries/insert.o
                0x810016a0                insert
 .text          0x81001770      0x134 binaries/insertd.o
                0x81001770                insertd
 .text          0x810018a4        0x8 binaries/ioerr.o
                0x810018a4                ioerr
 .text          0x810018ac        0x8 binaries/ionull.o
                0x810018ac                ionull
 .text          0x810018b4      0x228 binaries/kill.o
                0x810018b4                kill
 .text          0x81001adc       0xd0 binaries/kprintf.o
                0x81001adc                kputc
                0x81001b2c                kgetc
                0x81001b6c                kprintf
 .text          0x81001bac      0x1bc binaries/main.o
                0x81001bac                main
 .text          0x81001d68       0xd0 binaries/mark.o
                0x81001d68                markinit
                0x81001d94                mark
 .text          0x81001e38       0x48 binaries/meminit.o
                0x81001e38                meminit
 .text          0x81001e80      0x140 binaries/mkbufpool.o
                0x81001e80                mkbufpool
 .text          0x81001fc0       0x7c binaries/newqueue.o
                0x81001fc0                newqueue
 .text          0x8100203c       0x60 binaries/open.o
                0x8100203c                open
 .text          0x8100209c       0x20 binaries/panic.o
                0x8100209c                panic
 .text          0x810020bc       0xac binaries/platinit.o
                0x810020bc                counterinit
                0x810020d4                platinit
 .text          0x81002168       0xa8 binaries/ptclear.o
                0x81002168                _ptclear
 .text          0x81002210       0x78 binaries/ptcount.o
                0x81002210                ptcount
 .text          0x81002288       0xdc binaries/ptcreate.o
                0x81002288                ptcreate
 .text          0x81002364       0x74 binaries/ptdelete.o
                0x81002364                ptdelete
 .text          0x810023d8       0xbc binaries/ptinit.o
                0x810023d8                ptinit
 .text          0x81002494       0xd0 binaries/ptrecv.o
                0x81002494                ptrecv
 .text          0x81002564       0x68 binaries/ptreset.o
                0x81002564                ptreset
 .text          0x810025cc       0xf4 binaries/ptsend.o
                0x810025cc                ptsend
 .text          0x810026c0       0x58 binaries/putc.o
                0x810026c0                putc
 .text          0x81002718       0xf4 binaries/queue.o
                0x81002718                enqueue
                0x810027b0                dequeue
 .text          0x8100280c       0x60 binaries/read.o
                0x8100280c                read
 .text          0x8100286c       0x74 binaries/ready.o
                0x8100286c                ready
 .text          0x810028e0       0x60 binaries/receive.o
                0x810028e0                receive
 .text          0x81002940       0x48 binaries/recvclr.o
                0x81002940                recvclr
 .text          0x81002988       0xb0 binaries/recvtime.o
                0x81002988                recvtime
 .text          0x81002a38      0x368 binaries/resched.o
                0x81002a38                resched
                0x81002ce4                resched_cntl
 .text          0x81002da0       0x90 binaries/resume.o
                0x81002da0                resume
 .text          0x81002e30       0xfc binaries/rt_create.o
                0x81002e30                rt_create
 .text          0x81002f2c      0x3bc binaries/rt_plan_and_resume.o
                0x81002f2c                rt_plan_and_resume
 .text          0x810032e8       0x58 binaries/seek.o
                0x810032e8                seek
 .text          0x81003340       0x58 binaries/semcount.o
                0x81003340                semcount
 .text          0x81003398       0xb8 binaries/semcreate.o
                0x81003398                semcreate
 .text          0x81003450       0xac binaries/semdelete.o
                0x81003450                semdelete
 .text          0x810034fc       0xa4 binaries/semreset.o
                0x810034fc                semreset
 .text          0x810035a0       0xc0 binaries/send.o
                0x810035a0                send
 .text          0x81003660       0x80 binaries/signal.o
                0x81003660                signal
 .text          0x810036e0       0xb0 binaries/signaln.o
                0x810036e0                signaln
 .text          0x81003790       0xcc binaries/sleep.o
                0x81003790                sleepms
                0x8100382c                sleep
 .text          0x8100385c       0xbc binaries/suspend.o
                0x8100385c                suspend
 .text          0x81003918       0xb8 binaries/unsleep.o
                0x81003918                unsleep
 .text          0x810039d0       0x10 binaries/userret.o
                0x810039d0                userret
 .text          0x810039e0       0xac binaries/wait.o
                0x810039e0                wait
 .text          0x81003a8c       0xa0 binaries/wakeup.o
                0x81003a8c                wakeup
 .text          0x81003b2c       0x60 binaries/write.o
                0x81003b2c                write
 .text          0x81003b8c       0x18 binaries/xdone.o
                0x81003b8c                xdone
 .text          0x81003ba4       0x20 binaries/yield.o
                0x81003ba4                yield
 .text          0x81003bc4        0xc binaries/abs.o
                0x81003bc4                abs
 .text          0x81003bd0      0x114 binaries/atoi.o
                0x81003bd0                atoi
 .text          0x81003ce4      0x114 binaries/atol.o
                0x81003ce4                atol
 .text          0x81003df8       0x20 binaries/bzero.o
                0x81003df8                bzero
 .text          0x81003e18        0x0 binaries/ctype_.o
 .text          0x81003e18      0xa34 binaries/doprnt.o
                0x81004038                _doprnt
 .text          0x8100484c      0x704 binaries/doscan.o
                0x8100484c                _doscan
 .text          0x81004f50      0x898 binaries/fdoprnt.o
                0x81004ffc                _fdoprnt
 .text          0x810057e8       0x14 binaries/fgetc.o
                0x810057e8                fgetc
 .text          0x810057fc       0x84 binaries/fgets.o
                0x810057fc                fgets
 .text          0x81005880       0x3c binaries/fprintf.o
                0x81005880                fprintf
 .text          0x810058bc       0x24 binaries/fputc.o
                0x810058bc                fputc
 .text          0x810058e0       0x38 binaries/fputs.o
                0x810058e0                fputs
 .text          0x81005918       0x78 binaries/fscanf.o
                0x8100594c                fscanf
 .text          0x81005990       0x2c binaries/getchar.o
                0x81005990                getchar
 .text          0x810059bc        0xc binaries/labs.o
                0x810059bc                labs
 .text          0x810059c8        0x0 binaries/memchr.o
 .text          0x810059c8       0x60 binaries/memcmp.o
                0x810059c8                memcmp
 .text          0x81005a28       0x24 binaries/memcpy.o
                0x81005a28                memcpy
 .text          0x81005a4c       0x20 binaries/memset.o
                0x81005a4c                memset
 .text          0x81005a6c       0x58 binaries/printf.o
                0x81005a6c                printf
 .text          0x81005ac4       0x2c binaries/putchar.o
                0x81005ac4                putchar
 .text          0x81005af0      0x254 binaries/qsort.o
                0x81005d24                qsort
 .text          0x81005d44       0x7c binaries/rand.o
                0x81005d44                rand
                0x81005d7c                rand_r
                0x81005db0                srand
 .text          0x81005dc0       0x68 binaries/sprintf.o
                0x81005dd8                sprintf
 .text          0x81005e28       0x78 binaries/sscanf.o
                0x81005e5c                sscanf
 .text          0x81005ea0       0x48 binaries/strchr.o
                0x81005ea0                strchr
 .text          0x81005ee8       0x54 binaries/strcmp.o
                0x81005ee8                strcmp
 .text          0x81005f3c       0x18 binaries/strcpy.o
                0x81005f3c                strcpy
 .text          0x81005f54       0x30 binaries/strlen.o
                0x81005f54                strlen
 .text          0x81005f84       0x50 binaries/strncat.o
                0x81005f84                strncat
 .text          0x81005fd4       0x54 binaries/strncmp.o
                0x81005fd4                strncmp
 .text          0x81006028       0x80 binaries/strncpy.o
                0x81006028                strncpy
 .text          0x810060a8       0x48 binaries/strnlen.o
                0x810060a8                strnlen
 .text          0x810060f0       0x58 binaries/strrchr.o
                0x810060f0                strrchr
 .text          0x81006148       0xb0 binaries/strstr.o
                0x81006148                strstr
 .text          0x810061f8       0xc8 binaries/ttycontrol.o
                0x810061f8                ttycontrol
 .text          0x810062c0       0x6c binaries/ttygetc.o
                0x810062c0                ttygetc
 .text          0x8100632c      0x4e0 binaries/ttyhandle_in.o
                0x810063f8                ttyhandle_in
 .text          0x8100680c      0x14c binaries/ttyhandle_out.o
                0x8100680c                ttyhandle_out
 .text          0x81006958       0xc8 binaries/ttyhandler.o
                0x81006958                ttyhandler
 .text          0x81006a20      0x120 binaries/ttyinit.o
                0x81006a20                ttyinit
 .text          0x81006b40        0xc binaries/ttykickout.o
                0x81006b40                ttykickout
 .text          0x81006b4c       0x78 binaries/ttyputc.o
                0x81006b4c                ttyputc
 .text          0x81006bc4      0x110 binaries/ttyread.o
                0x81006bc4                ttyread
 .text          0x81006cd4       0x4c binaries/ttywrite.o
                0x81006cd4                ttywrite
 .text          0x81006d20      0x134 binaries/mount.o
                0x81006d20                namlen
                0x81006d74                mount
 .text          0x81006e54      0x1c8 binaries/naminit.o
                0x81006e54                naminit
 .text          0x8100701c      0x238 binaries/nammap.o
                0x8100701c                namrepl
                0x81007154                namcpy
                0x810071b0                nammap
 .text          0x81007254       0x40 binaries/namopen.o
                0x81007254                namopen
 .text          0x81007294       0x40 binaries/ethcontrol.o
                0x81007294                ethcontrol
 .text          0x810072d4      0x178 binaries/ethhandler.o
                0x810072d4                ethhandler
 .text          0x8100744c      0x734 binaries/ethinit.o
                0x8100744c                eth_phy_read
                0x810074bc                eth_phy_write
                0x81007514                eth_phy_reset
                0x81007684                ethinit
 .text          0x81007b80       0xd8 binaries/ethread.o
                0x81007b80                ethread
 .text          0x81007c58       0xf0 binaries/ethwrite.o
                0x81007c58                ethwrite
 .text          0x81007d48       0x90 binaries/rdsbufalloc.o
                0x81007d48                rdsbufalloc
 .text          0x81007dd8       0xa0 binaries/rdsclose.o
                0x81007dd8                rdsclose
 .text          0x81007e78      0x20c binaries/rdscomm.o
                0x81007e78                rdscomm
 .text          0x81008084      0x1a0 binaries/rdscontrol.o
                0x81008084                rdscontrol
 .text          0x81008224      0x180 binaries/rdsinit.o
                0x81008224                rdsinit
 .text          0x810083a4      0x134 binaries/rdsopen.o
                0x810083a4                rdsopen
 .text          0x810084d8      0x304 binaries/rdsprocess.o
                0x810084d8                rdsprocess
 .text          0x810087dc      0x210 binaries/rdsread.o
                0x810087dc                rdsread
 .text          0x810089ec      0x184 binaries/rdswrite.o
                0x810089ec                rdswrite
 .text          0x81008b70        0x8 binaries/ramclose.o
                0x81008b70                ramclose
 .text          0x81008b78       0x3c binaries/raminit.o
                0x81008b78                raminit
 .text          0x81008bb4        0x8 binaries/ramopen.o
                0x81008bb4                ramopen
 .text          0x81008bbc       0x24 binaries/ramread.o
                0x81008bbc                ramread
 .text          0x81008be0       0x20 binaries/ramwrite.o
                0x81008be0                ramwrite
 .text          0x81008c00       0x94 binaries/lfdballoc.o
                0x81008c00                lfdballoc
 .text          0x81008c94       0x4c binaries/lfdbfree.o
                0x81008c94                lfdbfree
 .text          0x81008ce0       0xb8 binaries/lfflush.o
                0x81008ce0                lfflush
 .text          0x81008d98       0xc8 binaries/lfgetmode.o
                0x81008d98                lfgetmode
 .text          0x81008e60       0x6c binaries/lfiballoc.o
                0x81008e60                lfiballoc
 .text          0x81008ecc       0x30 binaries/lfibclear.o
                0x81008ecc                lfibclear
 .text          0x81008efc       0x64 binaries/lfibget.o
                0x81008efc                lfibget
 .text          0x81008f60       0x8c binaries/lfibput.o
                0x81008f60                lfibput
 .text          0x81008fec       0x84 binaries/lflclose.o
                0x81008fec                lflclose
 .text          0x81009070       0xa0 binaries/lflcontrol.o
                0x81009070                lflcontrol
 .text          0x81009110       0xa8 binaries/lflgetc.o
                0x81009110                lflgetc
 .text          0x810091b8       0xa8 binaries/lflinit.o
                0x810091b8                lflinit
 .text          0x81009260       0xdc binaries/lflputc.o
                0x81009260                lflputc
 .text          0x8100933c       0x78 binaries/lflread.o
                0x8100933c                lflread
 .text          0x810093b4       0x80 binaries/lflseek.o
                0x810093b4                lflseek
 .text          0x81009434       0x5c binaries/lflwrite.o
                0x81009434                lflwrite
 .text          0x81009490       0xa0 binaries/lfscheck.o
                0x81009490                lfscheck
 .text          0x81009530      0x144 binaries/lfsckfmt.o
                0x81009530                lfsckfmt
 .text          0x81009674      0x15c binaries/lfscreate.o
                0x81009674                lfscreate
 .text          0x810097d0      0x1f0 binaries/lfsetup.o
                0x810097d0                lfsetup
 .text          0x810099c0       0x44 binaries/lfsinit.o
                0x810099c0                lfsinit
 .text          0x81009a04      0x358 binaries/lfsopen.o
                0x81009a04                lfsopen
 .text          0x81009d5c      0x108 binaries/lftruncate.o
                0x81009d5c                lftruncate
 .text          0x81009e64       0x70 binaries/rflclose.o
                0x81009e64                rflclose
 .text          0x81009ed4       0x28 binaries/rflgetc.o
                0x81009ed4                rflgetc
 .text          0x81009efc       0x54 binaries/rflinit.o
                0x81009efc                rflinit
 .text          0x81009f50       0x30 binaries/rflputc.o
                0x81009f50                rflputc
 .text          0x81009f80      0x28c binaries/rflread.o
                0x81009f80                rflread
 .text          0x8100a20c       0x74 binaries/rflseek.o
                0x8100a20c                rflseek
 .text          0x8100a280      0x2c8 binaries/rflwrite.o
                0x8100a280                rflwrite
 .text          0x8100a548      0x198 binaries/rfscomm.o
                0x8100a548                rfscomm
 .text          0x8100a6e0      0x21c binaries/rfscontrol.o
                0x8100a6e0                rfscontrol
 .text          0x8100a8fc       0xc8 binaries/rfsgetmode.o
                0x8100a8fc                rfsgetmode
 .text          0x8100a9c4       0x84 binaries/rfsinit.o
                0x8100a9c4                rfsinit
 .text          0x8100aa48       0xa4 binaries/rfsndmsg.o
                0x8100aa48                rfsndmsg
 .text          0x8100aaec      0x22c binaries/rfsopen.o
                0x8100aaec                rfsopen
 .text          0x8100ad18       0x8c binaries/spicontrol.o
                0x8100ad18                spicontrol
 .text          0x8100ada4       0xa8 binaries/spiinit.o
                0x8100ada4                spiinit
 .text          0x8100ae4c      0x19c binaries/gpiocontrol.o
                0x8100ae4c                gpiocontrol
 .text          0x8100afe8      0x204 binaries/gpiohandler.o
                0x8100afe8                gpiohandler
 .text          0x8100b1ec       0xe8 binaries/gpioinit.o
                0x8100b1ec                gpioinit
 .text          0x8100b2d4       0x18 binaries/gpioread.o
                0x8100b2d4                gpioread
 .text          0x8100b2ec       0x18 binaries/gpioselect.o
                0x8100b2ec                gpioselect
 .text          0x8100b304       0x20 binaries/gpiowrite.o
                0x8100b304                gpiowrite
 .text          0x8100b324      0x714 binaries/arp.o
                0x8100b324                arp_init
                0x8100b344                arp_alloc
                0x8100b418                arp_ntoh
                0x8100b4bc                arp_hton
                0x8100b560                arp_resolve
                0x8100b7c4                arp_in
 .text          0x8100ba38      0x6b0 binaries/dhcp.o
                0x8100ba38                dhcp_get_opt_val
                0x8100ba98                dhcp_bld_bootp_msg
                0x8100bb90                dhcp_bld_disc
                0x8100bbe4                dhcp_bld_req
                0x8100bca8                getlocalip
 .text          0x8100c0e8      0x56c binaries/dns.o
                0x8100c1d0                dnslookup
 .text          0x8100c654      0x120 binaries/dot2ip.o
                0x8100c654                dot2ip
 .text          0x8100c774      0x33c binaries/hexdump.o
                0x8100c774                hexdump
                0x8100c8d4                hexadump
 .text          0x8100cab0      0x660 binaries/icmp.o
                0x8100cab0                icmp_init
                0x8100cad4                icmp_register
                0x8100cb90                icmp_recv
                0x8100cce0                icmp_mkpkt
                0x8100cdd0                icmp_in
                0x8100cf1c                icmp_send
                0x8100cf8c                icmp_release
                0x8100d048                icmp_cksum
                0x8100d0a8                icmp_hton
                0x8100d0dc                icmp_ntoh
 .text          0x8100d110      0x674 binaries/ip.o
                0x8100d110                ip_local
                0x8100d140                ipcksum
                0x8100d184                ip_ntoh
                0x8100d228                ip_in
                0x8100d364                ip_hton
                0x8100d408                ip_out
                0x8100d4bc                ip_send
                0x8100d5ec                ipout
                0x8100d6e8                ip_enqueue
 .text          0x8100d784      0x228 binaries/net.o
                0x8100d784                net_init
                0x8100d88c                eth_hton
                0x8100d8a0                eth_ntoh
                0x8100d8b4                netin
                0x8100d95c                getport
 .text          0x8100d9ac      0x9dc binaries/pdump.o
                0x8100d9ac                pdump
                0x8100df38                pdumph
 .text          0x8100e388      0x56c binaries/tftp.o
                0x8100e388                tftp_send1
                0x8100e474                tftpget_mb
                0x8100e8c0                tftpget
 .text          0x8100e8f4      0x890 binaries/udp.o
                0x8100e8f4                udp_init
                0x8100e91c                udp_in
                0x8100ea08                udp_register
                0x8100eb04                udp_recv
                0x8100ec38                udp_recvaddr
                0x8100ed88                udp_send
                0x8100ef00                udp_sendto
                0x8100f060                udp_release
                0x8100f11c                udp_ntoh
                0x8100f150                udp_hton
 .text          0x8100f184      0x120 binaries/addargs.o
                0x8100f184                addargs
 .text          0x8100f2a4      0x2b4 binaries/lexan.o
                0x8100f2a4                lexan
 .text          0x8100f558      0x6ac binaries/shell.o
                0x8100f558                shell
 .text          0x8100fc04       0x64 binaries/xsh_argecho.o
                0x8100fc04                xsh_argecho
 .text          0x8100fc68      0x1f8 binaries/xsh_arp.o
                0x8100fc68                xsh_arp
 .text          0x8100fe60      0x23c binaries/xsh_cat.o
                0x8100fe60                xsh_cat
 .text          0x8101009c       0x5c binaries/xsh_clear.o
                0x8101009c                xsh_clear
 .text          0x810100f8      0x29c binaries/xsh_date.o
                0x810100f8                xsh_date
 .text          0x81010394       0x98 binaries/xsh_devdump.o
                0x81010394                xsh_devdump
 .text          0x8101042c       0x68 binaries/xsh_echo.o
                0x8101042c                xsh_echo
 .text          0x81010494        0x8 binaries/xsh_exit.o
                0x81010494                xsh_exit
 .text          0x8101049c      0x3d0 binaries/xsh_help.o
                0x8101049c                xsh_help
 .text          0x8101086c      0x1f8 binaries/xsh_kill.o
                0x8101086c                xsh_kill
 .text          0x81010a64      0x490 binaries/xsh_memdump.o
                0x81010b60                xsh_memdump
 .text          0x81010ef4      0x224 binaries/xsh_memstat.o
                0x81010ef4                xsh_memstat
 .text          0x81011118      0x3fc binaries/xsh_netinfo.o
                0x81011118                xsh_netinfo
 .text          0x81011514      0x3b0 binaries/xsh_ping.o
                0x81011514                xsh_ping
 .text          0x810118c4      0x220 binaries/xsh_ps.o
                0x810118c4                xsh_ps
 .text          0x81011ae4      0x1cc binaries/xsh_sleep.o
                0x81011ae4                xsh_sleep
 .text          0x81011cb0      0x244 binaries/xsh_udpdump.o
                0x81011cb0                xsh_udpdump
 .text          0x81011ef4      0x400 binaries/xsh_udpecho.o
                0x81011ef4                xsh_udpecho
 .text          0x810122f4      0x254 binaries/xsh_udpserver.o
                0x810122f4                xsh_udpeserver
 .text          0x81012548      0x1ac binaries/xsh_uptime.o
                0x81012548                xsh_uptime
 .text          0x810126f4       0x2c binaries/ctxsw.o
                0x810126f4                ctxsw
 .text          0x81012720      0x100 binaries/intr.o
                0x81012720                disable
                0x8101272c                restore
                0x81012750                enable
                0x81012758                pause
                0x81012758                halt
                0x81012760                irq_except
                0x81012790                initevec
                0x810127f0                expjmpinstr
 .text          0x81012820      0x114 /homes/cs354/bin/cross_compiler/lib/gcc/arm-none-eabi/4.8.1//libgcc.a(_udivsi3.o)
                0x81012820                __udivsi3
                0x81012820                __aeabi_uidiv
                0x81012914                __aeabi_uidivmod
 .text          0x81012934      0x148 /homes/cs354/bin/cross_compiler/lib/gcc/arm-none-eabi/4.8.1//libgcc.a(_divsi3.o)
                0x81012934                __aeabi_idiv
                0x81012934                __divsi3
                0x81012a5c                __aeabi_idivmod
 .text          0x81012a7c        0x4 /homes/cs354/bin/cross_compiler/lib/gcc/arm-none-eabi/4.8.1//libgcc.a(_dvmd_tls.o)
                0x81012a7c                __aeabi_ldiv0
                0x81012a7c                __aeabi_idiv0
 .text          0x81012a80      0x49c /homes/cs354/bin/cross_compiler/lib/gcc/arm-none-eabi/4.8.1//libgcc.a(_arm_muldivdf3.o)
                0x81012a80                __aeabi_dmul
                0x81012a80                __muldf3
                0x81012d10                __aeabi_ddiv
                0x81012d10                __divdf3
 .text          0x81012f1c      0x144 /homes/cs354/bin/cross_compiler/lib/gcc/arm-none-eabi/4.8.1//libgcc.a(_arm_cmpdf2.o)
                0x81012f1c                __gtdf2
                0x81012f1c                __gedf2
                0x81012f24                __ltdf2
                0x81012f24                __ledf2
                0x81012f2c                __cmpdf2
                0x81012f2c                __eqdf2
                0x81012f2c                __nedf2
                0x81012fb4                __aeabi_cdrcmple
                0x81012fd0                __aeabi_cdcmple
                0x81012fd0                __aeabi_cdcmpeq
                0x81012fe8                __aeabi_dcmpeq
                0x81013000                __aeabi_dcmplt
                0x81013018                __aeabi_dcmple
                0x81013030                __aeabi_dcmpge
                0x81013048                __aeabi_dcmpgt
 .text          0x81013060       0x5c /homes/cs354/bin/cross_compiler/lib/gcc/arm-none-eabi/4.8.1//libgcc.a(_arm_fixdfsi.o)
                0x81013060                __fixdfsi
                0x81013060                __aeabi_d2iz
 *(.rodata .rodata.*)
 .rodata.str1.4
                0x810130bc       0x78 binaries/ascdate.o
 .rodata.str1.4
                0x81013134       0xf9 binaries/conf.o
                                 0xfc (size before relaxing)
 *fill*         0x8101322d        0x3 
 .rodata.str1.4
                0x81013230       0x3c binaries/dummy.o
 .rodata.str1.4
                0x8101326c       0x61 binaries/getutime.o
                                 0x64 (size before relaxing)
 *fill*         0x810132cd        0x3 
 .rodata.str1.4
                0x810132d0      0x18c binaries/initialize.o
                                0x190 (size before relaxing)
 .rodata.str1.4
                0x8101345c       0x25 binaries/main.o
                                 0x28 (size before relaxing)
 *fill*         0x81013481        0x3 
 .rodata.str1.4
                0x81013484        0xf binaries/panic.o
                                 0x10 (size before relaxing)
 *fill*         0x81013493        0x1 
 .rodata.str1.4
                0x81013494       0x1d binaries/ptinit.o
                                 0x20 (size before relaxing)
 *fill*         0x810134b1        0x3 
 .rodata.str1.4
                0x810134b4       0x25 binaries/ptsend.o
                                 0x28 (size before relaxing)
 *fill*         0x810134d9        0x3 
 .rodata.str1.4
                0x810134dc       0x14 binaries/resched.o
 .rodata.str1.4
                0x810134f0       0x22 binaries/rt_plan_and_resume.o
                                 0x24 (size before relaxing)
 *fill*         0x81013512        0x2 
 .rodata.str1.4
                0x81013514       0x27 binaries/xdone.o
                                 0x28 (size before relaxing)
 *fill*         0x8101353b        0x1 
 .rodata        0x8101353c       0x84 binaries/ctype_.o
                0x8101353c                _ctype_
 .rodata.str1.4
                0x810135c0       0x2f binaries/doprnt.o
                                 0x30 (size before relaxing)
 .rodata.str1.4
                0x00000000       0x30 binaries/fdoprnt.o
 *fill*         0x810135ef        0x1 
 .rodata.str1.4
                0x810135f0       0x86 binaries/naminit.o
                                 0x90 (size before relaxing)
 *fill*         0x81013676        0x2 
 .rodata.str1.4
                0x81013678       0xe5 binaries/ethinit.o
                                 0xe8 (size before relaxing)
 *fill*         0x8101375d        0x3 
 .rodata.str1.4
                0x81013760       0x12 binaries/ethread.o
                                 0x14 (size before relaxing)
 *fill*         0x81013772        0x2 
 .rodata.str1.4
                0x81013774       0x2c binaries/rdsbufalloc.o
 .rodata.str1.4
                0x810137a0       0x76 binaries/rdscomm.o
                                 0x78 (size before relaxing)
 *fill*         0x81013816        0x2 
 .rodata.str1.4
                0x81013818       0x48 binaries/rdscontrol.o
 .rodata.str1.4
                0x81013860       0x96 binaries/rdsinit.o
                                 0x98 (size before relaxing)
 *fill*         0x810138f6        0x2 
 .rodata.str1.4
                0x810138f8       0x22 binaries/rdsopen.o
                                 0x24 (size before relaxing)
 *fill*         0x8101391a        0x2 
 .rodata.str1.4
                0x8101391c       0x4d binaries/rdsprocess.o
                                 0x50 (size before relaxing)
 *fill*         0x81013969        0x3 
 .rodata.str1.4
                0x8101396c        0x9 binaries/raminit.o
                                  0xc (size before relaxing)
 *fill*         0x81013975        0x3 
 .rodata.str1.4
                0x81013978       0x37 binaries/lfdballoc.o
                                 0x38 (size before relaxing)
 *fill*         0x810139af        0x1 
 .rodata.str1.4
                0x810139b0       0x14 binaries/lfiballoc.o
 .rodata.str1.4
                0x810139c4       0x23 binaries/lflcontrol.o
                                 0x24 (size before relaxing)
 *fill*         0x810139e7        0x1 
 .rodata.str1.4
                0x810139e8      0x11f binaries/lfsckfmt.o
                                0x120 (size before relaxing)
 *fill*         0x81013b07        0x1 
 .rodata.str1.4
                0x81013b08       0x2a binaries/lfsopen.o
                                 0x2c (size before relaxing)
 *fill*         0x81013b32        0x2 
 .rodata.str1.4
                0x81013b34       0x21 binaries/rflread.o
                                 0x24 (size before relaxing)
 .rodata.str1.4
                0x00000000       0x24 binaries/rflwrite.o
 *fill*         0x81013b55        0x3 
 .rodata.str1.4
                0x81013b58       0x75 binaries/rfscomm.o
                                 0x78 (size before relaxing)
 *fill*         0x81013bcd        0x3 
 .rodata.str1.4
                0x81013bd0       0x23 binaries/rfscontrol.o
                                 0x24 (size before relaxing)
 *fill*         0x81013bf3        0x1 
 .rodata.str1.4
                0x81013bf4       0x63 binaries/rfsinit.o
                                 0x64 (size before relaxing)
 *fill*         0x81013c57        0x1 
 .rodata.str1.4
                0x81013c58       0x2a binaries/rfsndmsg.o
                                 0x2c (size before relaxing)
 .rodata.str1.4
                0x00000000       0x24 binaries/rfsopen.o
 *fill*         0x81013c82        0x2 
 .rodata.str1.4
                0x81013c84       0x3d binaries/arp.o
                                 0x40 (size before relaxing)
 *fill*         0x81013cc1        0x3 
 .rodata.str1.4
                0x81013cc4       0xd3 binaries/dhcp.o
                                 0xd4 (size before relaxing)
 *fill*         0x81013d97        0x1 
 .rodata.str1.4
                0x81013d98       0x1a binaries/dns.o
                                 0x1c (size before relaxing)
 *fill*         0x81013db2        0x2 
 .rodata.str1.4
                0x81013db4       0xca binaries/hexdump.o
                                 0xd8 (size before relaxing)
 *fill*         0x81013e7e        0x2 
 .rodata.str1.4
                0x81013e80       0x29 binaries/icmp.o
                                 0x2c (size before relaxing)
 *fill*         0x81013ea9        0x3 
 .rodata.str1.4
                0x81013eac       0x6e binaries/ip.o
                                 0x70 (size before relaxing)
 *fill*         0x81013f1a        0x2 
 .rodata.str1.4
                0x81013f1c       0x53 binaries/net.o
                                 0x54 (size before relaxing)
 *fill*         0x81013f6f        0x1 
 .rodata.str1.4
                0x81013f70      0x292 binaries/pdump.o
                                0x298 (size before relaxing)
 *fill*         0x81014202        0x2 
 .rodata.str1.4
                0x81014204      0x154 binaries/tftp.o
                                0x158 (size before relaxing)
 .rodata        0x81014358       0xfc binaries/shell.o
                0x81014358                cmdtab
 .rodata.str1.4
                0x81014454      0x2e6 binaries/shell.o
                                0x2f0 (size before relaxing)
 *fill*         0x8101473a        0x2 
 .rodata.str1.4
                0x8101473c       0x29 binaries/xsh_argecho.o
                                 0x30 (size before relaxing)
 *fill*         0x81014765        0x3 
 .rodata.str1.4
                0x81014768      0x13e binaries/xsh_arp.o
                                0x144 (size before relaxing)
 *fill*         0x810148a6        0x2 
 .rodata.str1.4
                0x810148a8       0x81 binaries/xsh_cat.o
                                 0xd4 (size before relaxing)
 *fill*         0x81014929        0x3 
 .rodata.str1.4
                0x8101492c       0x19 binaries/xsh_clear.o
                                 0x1c (size before relaxing)
 *fill*         0x81014945        0x3 
 .rodata.str1.4
                0x81014948      0x1af binaries/xsh_date.o
                                0x1cc (size before relaxing)
 *fill*         0x81014af7        0x1 
 .rodata.str1.4
                0x81014af8       0x61 binaries/xsh_devdump.o
                                 0x64 (size before relaxing)
 *fill*         0x81014b59        0x3 
 .rodata.str1.4
                0x81014b5c        0x8 binaries/xsh_echo.o
                                  0xc (size before relaxing)
 .rodata.str1.4
                0x81014b64       0xe7 binaries/xsh_help.o
                                0x17c (size before relaxing)
 *fill*         0x81014c4b        0x1 
 .rodata.str1.4
                0x81014c4c       0xc8 binaries/xsh_kill.o
                                0x138 (size before relaxing)
 .rodata.str1.4
                0x81014d14      0x226 binaries/xsh_memdump.o
                                0x27c (size before relaxing)
 *fill*         0x81014f3a        0x2 
 .rodata.str1.4
                0x81014f3c      0x1cc binaries/xsh_memstat.o
                                0x234 (size before relaxing)
 .rodata.str1.4
                0x81015108      0x10f binaries/xsh_netinfo.o
                                0x1cc (size before relaxing)
 *fill*         0x81015217        0x1 
 .rodata.str1.4
                0x81015218      0x13f binaries/xsh_ping.o
                                0x1b4 (size before relaxing)
 *fill*         0x81015357        0x1 
 .rodata        0x81015358       0x20 binaries/xsh_ps.o
 .rodata.str1.4
                0x81015378      0x11a binaries/xsh_ps.o
                                0x1d4 (size before relaxing)
 *fill*         0x81015492        0x2 
 .rodata.str1.4
                0x81015494       0x5e binaries/xsh_sleep.o
                                 0xf8 (size before relaxing)
 *fill*         0x810154f2        0x2 
 .rodata        0x810154f4        0xc binaries/xsh_udpdump.o
 .rodata.str1.4
                0x81015500      0x122 binaries/xsh_udpdump.o
                                0x1e0 (size before relaxing)
 *fill*         0x81015622        0x2 
 .rodata.str1.4
                0x81015624      0x1ae binaries/xsh_udpecho.o
                                0x224 (size before relaxing)
 *fill*         0x810157d2        0x2 
 .rodata.str1.4
                0x810157d4       0x97 binaries/xsh_udpserver.o
                                0x13c (size before relaxing)
 *fill*         0x8101586b        0x1 
 .rodata.str1.4
                0x8101586c       0x78 binaries/xsh_uptime.o
                                0x114 (size before relaxing)
                0x810158e4                etext = ABSOLUTE (.)
                0x81016000                . = ALIGN (0x1000)
 *fill*         0x810158e4      0x71c 

.glue_7         0x81016000        0x0
 .glue_7        0x00000000        0x0 linker stubs

.glue_7t        0x81016000        0x0
 .glue_7t       0x00000000        0x0 linker stubs

.vfp11_veneer   0x81016000        0x0
 .vfp11_veneer  0x00000000        0x0 linker stubs

.v4_bx          0x81016000        0x0
 .v4_bx         0x00000000        0x0 linker stubs

.iplt           0x81016000        0x0
 .iplt          0x00000000        0x0 binaries/start.o

.rel.dyn        0x81016000        0x0
 .rel.iplt      0x00000000        0x0 binaries/start.o

.data           0x81016000     0x1000
                0x81016000                data = ABSOLUTE (.)
 *(.data .data.*)
 .data          0x81016000        0x0 binaries/start.o
 .data          0x81016000       0x88 binaries/ascdate.o
                0x81016000                Date
 .data          0x81016088        0x0 binaries/bufinit.o
 .data          0x81016088        0x0 binaries/chprio.o
 .data          0x81016088        0x0 binaries/clkhandler.o
 .data          0x81016088        0x0 binaries/clkinit.o
 .data          0x81016088        0x0 binaries/close.o
 .data          0x81016088      0x708 binaries/conf.o
                0x81016088                devtab
 .data          0x81016790        0x0 binaries/control.o
 .data          0x81016790        0x4 binaries/create.o
 .data          0x81016794        0x0 binaries/dummy.o
 .data          0x81016794       0x40 binaries/evec.o
                0x81016794                expmsg2
                0x810167a8                expmsg1
 .data          0x810167d4        0x0 binaries/exit.o
 .data          0x810167d4        0x0 binaries/freebuf.o
 .data          0x810167d4        0x0 binaries/freemem.o
 .data          0x810167d4        0x0 binaries/getbuf.o
 .data          0x810167d4        0x0 binaries/getc.o
 .data          0x810167d4        0x0 binaries/getdev.o
 .data          0x810167d4        0x0 binaries/getitem.o
 .data          0x810167d4        0x0 binaries/getmem.o
 .data          0x810167d4        0x0 binaries/getpid.o
 .data          0x810167d4        0x0 binaries/getprio.o
 .data          0x810167d4        0x0 binaries/getstk.o
 .data          0x810167d4        0x0 binaries/getticks.o
 .data          0x810167d4        0x0 binaries/gettime.o
 .data          0x810167d4        0x0 binaries/getutime.o
 .data          0x810167d4        0x0 binaries/hook.o
 .data          0x810167d4        0x0 binaries/init.o
 .data          0x810167d4        0x0 binaries/initialize.o
 .data          0x810167d4        0x0 binaries/insert.o
 .data          0x810167d4        0x0 binaries/insertd.o
 .data          0x810167d4        0x0 binaries/ioerr.o
 .data          0x810167d4        0x0 binaries/ionull.o
 .data          0x810167d4        0x0 binaries/kill.o
 .data          0x810167d4        0x0 binaries/kprintf.o
 .data          0x810167d4        0x0 binaries/main.o
 .data          0x810167d4        0x0 binaries/mark.o
 .data          0x810167d4        0x0 binaries/meminit.o
 .data          0x810167d4        0x0 binaries/mkbufpool.o
 .data          0x810167d4        0x2 binaries/newqueue.o
 .data          0x810167d6        0x0 binaries/open.o
 .data          0x810167d6        0x0 binaries/panic.o
 .data          0x810167d6        0x0 binaries/platinit.o
 .data          0x810167d6        0x0 binaries/ptclear.o
 .data          0x810167d6        0x0 binaries/ptcount.o
 .data          0x810167d6        0x0 binaries/ptcreate.o
 .data          0x810167d6        0x0 binaries/ptdelete.o
 .data          0x810167d6        0x0 binaries/ptinit.o
 .data          0x810167d6        0x0 binaries/ptrecv.o
 .data          0x810167d6        0x0 binaries/ptreset.o
 .data          0x810167d6        0x0 binaries/ptsend.o
 .data          0x810167d6        0x0 binaries/putc.o
 .data          0x810167d6        0x0 binaries/queue.o
 .data          0x810167d6        0x0 binaries/read.o
 .data          0x810167d6        0x0 binaries/ready.o
 .data          0x810167d6        0x0 binaries/receive.o
 .data          0x810167d6        0x0 binaries/recvclr.o
 .data          0x810167d6        0x0 binaries/recvtime.o
 .data          0x810167d6        0x0 binaries/resched.o
 .data          0x810167d6        0x0 binaries/resume.o
 .data          0x810167d6        0x0 binaries/rt_create.o
 .data          0x810167d6        0x0 binaries/rt_plan_and_resume.o
 .data          0x810167d6        0x0 binaries/seek.o
 .data          0x810167d6        0x0 binaries/semcount.o
 .data          0x810167d6        0x0 binaries/semcreate.o
 .data          0x810167d6        0x0 binaries/semdelete.o
 .data          0x810167d6        0x0 binaries/semreset.o
 .data          0x810167d6        0x0 binaries/send.o
 .data          0x810167d6        0x0 binaries/signal.o
 .data          0x810167d6        0x0 binaries/signaln.o
 .data          0x810167d6        0x0 binaries/sleep.o
 .data          0x810167d6        0x0 binaries/suspend.o
 .data          0x810167d6        0x0 binaries/unsleep.o
 .data          0x810167d6        0x0 binaries/userret.o
 .data          0x810167d6        0x0 binaries/wait.o
 .data          0x810167d6        0x0 binaries/wakeup.o
 .data          0x810167d6        0x0 binaries/write.o
 .data          0x810167d6        0x0 binaries/xdone.o
 .data          0x810167d6        0x0 binaries/yield.o
 .data          0x810167d6        0x0 binaries/abs.o
 .data          0x810167d6        0x0 binaries/atoi.o
 .data          0x810167d6        0x0 binaries/atol.o
 .data          0x810167d6        0x0 binaries/bzero.o
 .data          0x810167d6        0x0 binaries/ctype_.o
 .data          0x810167d6        0x0 binaries/doprnt.o
 *fill*         0x810167d6        0x2 
 .data          0x810167d8       0x80 binaries/doscan.o
                0x810167d8                _sctab
 .data          0x81016858        0x0 binaries/fdoprnt.o
 .data          0x81016858        0x0 binaries/fgetc.o
 .data          0x81016858        0x0 binaries/fgets.o
 .data          0x81016858        0x0 binaries/fprintf.o
 .data          0x81016858        0x0 binaries/fputc.o
 .data          0x81016858        0x0 binaries/fputs.o
 .data          0x81016858        0x0 binaries/fscanf.o
 .data          0x81016858        0x0 binaries/getchar.o
 .data          0x81016858        0x0 binaries/labs.o
 .data          0x81016858        0x0 binaries/memchr.o
 .data          0x81016858        0x0 binaries/memcmp.o
 .data          0x81016858        0x0 binaries/memcpy.o
 .data          0x81016858        0x0 binaries/memset.o
 .data          0x81016858        0x0 binaries/printf.o
 .data          0x81016858        0x0 binaries/putchar.o
 .data          0x81016858        0x0 binaries/qsort.o
 .data          0x81016858        0x4 binaries/rand.o
 .data          0x8101685c        0x0 binaries/sprintf.o
 .data          0x8101685c        0x0 binaries/sscanf.o
 .data          0x8101685c        0x0 binaries/strchr.o
 .data          0x8101685c        0x0 binaries/strcmp.o
 .data          0x8101685c        0x0 binaries/strcpy.o
 .data          0x8101685c        0x0 binaries/strlen.o
 .data          0x8101685c        0x0 binaries/strncat.o
 .data          0x8101685c        0x0 binaries/strncmp.o
 .data          0x8101685c        0x0 binaries/strncpy.o
 .data          0x8101685c        0x0 binaries/strnlen.o
 .data          0x8101685c        0x0 binaries/strrchr.o
 .data          0x8101685c        0x0 binaries/strstr.o
 .data          0x8101685c        0x0 binaries/ttycontrol.o
 .data          0x8101685c        0x0 binaries/ttygetc.o
 .data          0x8101685c        0x0 binaries/ttyhandle_in.o
 .data          0x8101685c        0x0 binaries/ttyhandle_out.o
 .data          0x8101685c        0x0 binaries/ttyhandler.o
 .data          0x8101685c        0x0 binaries/ttyinit.o
 .data          0x8101685c        0x0 binaries/ttykickout.o
 .data          0x8101685c        0x0 binaries/ttyputc.o
 .data          0x8101685c        0x0 binaries/ttyread.o
 .data          0x8101685c        0x0 binaries/ttywrite.o
 .data          0x8101685c        0x0 binaries/mount.o
 .data          0x8101685c        0x0 binaries/naminit.o
 .data          0x8101685c        0x0 binaries/nammap.o
 .data          0x8101685c        0x0 binaries/namopen.o
 .data          0x8101685c        0x0 binaries/ethcontrol.o
 .data          0x8101685c        0x0 binaries/ethhandler.o
 .data          0x8101685c        0x0 binaries/ethinit.o
 .data          0x8101685c        0x0 binaries/ethread.o
 .data          0x8101685c        0x0 binaries/ethwrite.o
 .data          0x8101685c        0x0 binaries/rdsbufalloc.o
 .data          0x8101685c        0x0 binaries/rdsclose.o
 .data          0x8101685c        0x0 binaries/rdscomm.o
 .data          0x8101685c        0x0 binaries/rdscontrol.o
 .data          0x8101685c        0x0 binaries/rdsinit.o
 .data          0x8101685c        0x0 binaries/rdsopen.o
 .data          0x8101685c        0x0 binaries/rdsprocess.o
 .data          0x8101685c        0x0 binaries/rdsread.o
 .data          0x8101685c        0x0 binaries/rdswrite.o
 .data          0x8101685c        0x0 binaries/ramclose.o
 .data          0x8101685c        0x0 binaries/raminit.o
 .data          0x8101685c        0x0 binaries/ramopen.o
 .data          0x8101685c        0x0 binaries/ramread.o
 .data          0x8101685c        0x0 binaries/ramwrite.o
 .data          0x8101685c        0x0 binaries/lfdballoc.o
 .data          0x8101685c        0x0 binaries/lfdbfree.o
 .data          0x8101685c        0x0 binaries/lfflush.o
 .data          0x8101685c        0x0 binaries/lfgetmode.o
 .data          0x8101685c        0x0 binaries/lfiballoc.o
 .data          0x8101685c        0x0 binaries/lfibclear.o
 .data          0x8101685c        0x0 binaries/lfibget.o
 .data          0x8101685c        0x0 binaries/lfibput.o
 .data          0x8101685c        0x0 binaries/lflclose.o
 .data          0x8101685c        0x0 binaries/lflcontrol.o
 .data          0x8101685c        0x0 binaries/lflgetc.o
 .data          0x8101685c        0x0 binaries/lflinit.o
 .data          0x8101685c        0x0 binaries/lflputc.o
 .data          0x8101685c        0x0 binaries/lflread.o
 .data          0x8101685c        0x0 binaries/lflseek.o
 .data          0x8101685c        0x0 binaries/lflwrite.o
 .data          0x8101685c        0x0 binaries/lfscheck.o
 .data          0x8101685c        0x0 binaries/lfsckfmt.o
 .data          0x8101685c        0x0 binaries/lfscreate.o
 .data          0x8101685c        0x0 binaries/lfsetup.o
 .data          0x8101685c        0x0 binaries/lfsinit.o
 .data          0x8101685c        0x0 binaries/lfsopen.o
 .data          0x8101685c        0x0 binaries/lftruncate.o
 .data          0x8101685c        0x0 binaries/rflclose.o
 .data          0x8101685c        0x0 binaries/rflgetc.o
 .data          0x8101685c        0x0 binaries/rflinit.o
 .data          0x8101685c        0x0 binaries/rflputc.o
 .data          0x8101685c        0x0 binaries/rflread.o
 .data          0x8101685c        0x0 binaries/rflseek.o
 .data          0x8101685c        0x0 binaries/rflwrite.o
 .data          0x8101685c        0x0 binaries/rfscomm.o
 .data          0x8101685c        0x0 binaries/rfscontrol.o
 .data          0x8101685c        0x0 binaries/rfsgetmode.o
 .data          0x8101685c        0x0 binaries/rfsinit.o
 .data          0x8101685c        0x0 binaries/rfsndmsg.o
 .data          0x8101685c        0x0 binaries/rfsopen.o
 .data          0x8101685c        0x0 binaries/spicontrol.o
 .data          0x8101685c        0x0 binaries/spiinit.o
 .data          0x8101685c        0x0 binaries/gpiocontrol.o
 .data          0x8101685c        0x0 binaries/gpiohandler.o
 .data          0x8101685c        0x0 binaries/gpioinit.o
 .data          0x8101685c        0x0 binaries/gpioread.o
 .data          0x8101685c        0x0 binaries/gpioselect.o
 .data          0x8101685c        0x0 binaries/gpiowrite.o
 .data          0x8101685c        0x0 binaries/arp.o
 .data          0x8101685c        0x0 binaries/dhcp.o
 .data          0x8101685c        0x0 binaries/dns.o
 .data          0x8101685c        0x0 binaries/dot2ip.o
 .data          0x8101685c        0x0 binaries/hexdump.o
 .data          0x8101685c        0x4 binaries/icmp.o
 .data          0x81016860        0x0 binaries/ip.o
 .data          0x81016860        0x0 binaries/net.o
 .data          0x81016860        0x0 binaries/pdump.o
 .data          0x81016860        0x0 binaries/tftp.o
 .data          0x81016860        0x4 binaries/udp.o
 .data          0x81016864        0x0 binaries/addargs.o
 .data          0x81016864        0x0 binaries/lexan.o
 .data          0x81016864        0x4 binaries/shell.o
                0x81016864                ncmd
 .data          0x81016868        0x0 binaries/xsh_argecho.o
 .data          0x81016868        0x0 binaries/xsh_arp.o
 .data          0x81016868        0x0 binaries/xsh_cat.o
 .data          0x81016868        0x0 binaries/xsh_clear.o
 .data          0x81016868        0x0 binaries/xsh_date.o
 .data          0x81016868        0x0 binaries/xsh_devdump.o
 .data          0x81016868        0x0 binaries/xsh_echo.o
 .data          0x81016868        0x0 binaries/xsh_exit.o
 .data          0x81016868        0x0 binaries/xsh_help.o
 .data          0x81016868        0x0 binaries/xsh_kill.o
 .data          0x81016868        0x0 binaries/xsh_memdump.o
 .data          0x81016868        0x0 binaries/xsh_memstat.o
 .data          0x81016868        0x0 binaries/xsh_netinfo.o
 .data          0x81016868        0x0 binaries/xsh_ping.o
 .data          0x81016868        0x0 binaries/xsh_ps.o
 .data          0x81016868        0x0 binaries/xsh_sleep.o
 .data          0x81016868        0x0 binaries/xsh_udpdump.o
 .data          0x81016868        0x0 binaries/xsh_udpecho.o
 .data          0x81016868        0x0 binaries/xsh_udpserver.o
 .data          0x81016868        0x0 binaries/xsh_uptime.o
 .data          0x81016868        0x0 binaries/ctxsw.o
 .data          0x81016868        0x0 binaries/intr.o
 .data          0x81016868        0x0 /homes/cs354/bin/cross_compiler/lib/gcc/arm-none-eabi/4.8.1//libgcc.a(_udivsi3.o)
 .data          0x81016868        0x0 /homes/cs354/bin/cross_compiler/lib/gcc/arm-none-eabi/4.8.1//libgcc.a(_divsi3.o)
 .data          0x81016868        0x0 /homes/cs354/bin/cross_compiler/lib/gcc/arm-none-eabi/4.8.1//libgcc.a(_dvmd_tls.o)
 .data          0x81016868        0x0 /homes/cs354/bin/cross_compiler/lib/gcc/arm-none-eabi/4.8.1//libgcc.a(_arm_muldivdf3.o)
 .data          0x81016868        0x0 /homes/cs354/bin/cross_compiler/lib/gcc/arm-none-eabi/4.8.1//libgcc.a(_arm_cmpdf2.o)
 .data          0x81016868        0x0 /homes/cs354/bin/cross_compiler/lib/gcc/arm-none-eabi/4.8.1//libgcc.a(_arm_fixdfsi.o)
                0x81016868                edata = ABSOLUTE (.)
                0x81017000                . = ALIGN (0x1000)
 *fill*         0x81016868      0x798 

.igot.plt       0x81017000        0x0
 .igot.plt      0x00000000        0x0 binaries/start.o

.bss            0x81017000    0x20000
                0x81017000                bss = ABSOLUTE (.)
 *(.bss .bss.*)
 .bss           0x81017000        0x0 binaries/start.o
 .bss           0x81017000        0x0 binaries/ascdate.o
 .bss           0x81017000        0x0 binaries/bufinit.o
 .bss           0x81017000        0x0 binaries/chprio.o
 .bss           0x81017000        0x0 binaries/clkhandler.o
 .bss           0x81017000        0x0 binaries/clkinit.o
 .bss           0x81017000        0x0 binaries/close.o
 .bss           0x81017000        0x0 binaries/conf.o
 .bss           0x81017000        0x0 binaries/control.o
 .bss           0x81017000        0x0 binaries/create.o
 .bss           0x81017000        0x0 binaries/dummy.o
 .bss           0x81017000        0x0 binaries/evec.o
 .bss           0x81017000        0x0 binaries/exit.o
 .bss           0x81017000        0x0 binaries/freebuf.o
 .bss           0x81017000        0x0 binaries/freemem.o
 .bss           0x81017000        0x0 binaries/getbuf.o
 .bss           0x81017000        0x0 binaries/getc.o
 .bss           0x81017000        0x0 binaries/getdev.o
 .bss           0x81017000        0x0 binaries/getitem.o
 .bss           0x81017000        0x0 binaries/getmem.o
 .bss           0x81017000        0x0 binaries/getpid.o
 .bss           0x81017000        0x0 binaries/getprio.o
 .bss           0x81017000        0x0 binaries/getstk.o
 .bss           0x81017000        0x0 binaries/getticks.o
 .bss           0x81017000        0x0 binaries/gettime.o
 .bss           0x81017000        0x0 binaries/getutime.o
 .bss           0x81017000        0x0 binaries/hook.o
 .bss           0x81017000        0x0 binaries/init.o
 .bss           0x81017000        0x0 binaries/initialize.o
 .bss           0x81017000        0x0 binaries/insert.o
 .bss           0x81017000        0x0 binaries/insertd.o
 .bss           0x81017000        0x0 binaries/ioerr.o
 .bss           0x81017000        0x0 binaries/ionull.o
 .bss           0x81017000        0x0 binaries/kill.o
 .bss           0x81017000        0x0 binaries/kprintf.o
 .bss           0x81017000        0x0 binaries/main.o
 .bss           0x81017000        0x0 binaries/mark.o
 .bss           0x81017000        0x0 binaries/meminit.o
 .bss           0x81017000        0x0 binaries/mkbufpool.o
 .bss           0x81017000        0x0 binaries/newqueue.o
 .bss           0x81017000        0x0 binaries/open.o
 .bss           0x81017000        0x0 binaries/panic.o
 .bss           0x81017000        0x0 binaries/platinit.o
 .bss           0x81017000        0x0 binaries/ptclear.o
 .bss           0x81017000        0x0 binaries/ptcount.o
 .bss           0x81017000        0x0 binaries/ptcreate.o
 .bss           0x81017000        0x0 binaries/ptdelete.o
 .bss           0x81017000        0x0 binaries/ptinit.o
 .bss           0x81017000        0x0 binaries/ptrecv.o
 .bss           0x81017000        0x0 binaries/ptreset.o
 .bss           0x81017000        0x0 binaries/ptsend.o
 .bss           0x81017000        0x0 binaries/putc.o
 .bss           0x81017000        0x0 binaries/queue.o
 .bss           0x81017000        0x0 binaries/read.o
 .bss           0x81017000        0x0 binaries/ready.o
 .bss           0x81017000        0x0 binaries/receive.o
 .bss           0x81017000        0x0 binaries/recvclr.o
 .bss           0x81017000        0x0 binaries/recvtime.o
 .bss           0x81017000        0x4 binaries/resched.o
                0x81017000                doingBounded
 .bss           0x81017004        0x0 binaries/resume.o
 .bss           0x81017004        0x0 binaries/rt_create.o
 .bss           0x81017004        0x0 binaries/rt_plan_and_resume.o
 .bss           0x81017004        0x0 binaries/seek.o
 .bss           0x81017004        0x0 binaries/semcount.o
 .bss           0x81017004        0x4 binaries/semcreate.o
 .bss           0x81017008        0x0 binaries/semdelete.o
 .bss           0x81017008        0x0 binaries/semreset.o
 .bss           0x81017008        0x0 binaries/send.o
 .bss           0x81017008        0x0 binaries/signal.o
 .bss           0x81017008        0x0 binaries/signaln.o
 .bss           0x81017008        0x0 binaries/sleep.o
 .bss           0x81017008        0x0 binaries/suspend.o
 .bss           0x81017008        0x0 binaries/unsleep.o
 .bss           0x81017008        0x0 binaries/userret.o
 .bss           0x81017008        0x0 binaries/wait.o
 .bss           0x81017008        0x0 binaries/wakeup.o
 .bss           0x81017008        0x0 binaries/write.o
 .bss           0x81017008        0x0 binaries/xdone.o
 .bss           0x81017008        0x0 binaries/yield.o
 .bss           0x81017008        0x0 binaries/abs.o
 .bss           0x81017008        0x0 binaries/atoi.o
 .bss           0x81017008        0x0 binaries/atol.o
 .bss           0x81017008        0x0 binaries/bzero.o
 .bss           0x81017008        0x0 binaries/ctype_.o
 .bss           0x81017008        0x0 binaries/doprnt.o
 .bss           0x81017008        0x0 binaries/doscan.o
 .bss           0x81017008        0x0 binaries/fdoprnt.o
 .bss           0x81017008        0x0 binaries/fgetc.o
 .bss           0x81017008        0x0 binaries/fgets.o
 .bss           0x81017008        0x0 binaries/fprintf.o
 .bss           0x81017008        0x0 binaries/fputc.o
 .bss           0x81017008        0x0 binaries/fputs.o
 .bss           0x81017008        0x0 binaries/fscanf.o
 .bss           0x81017008        0x0 binaries/getchar.o
 .bss           0x81017008        0x0 binaries/labs.o
 .bss           0x81017008        0x0 binaries/memchr.o
 .bss           0x81017008        0x0 binaries/memcmp.o
 .bss           0x81017008        0x0 binaries/memcpy.o
 .bss           0x81017008        0x0 binaries/memset.o
 .bss           0x81017008        0x0 binaries/printf.o
 .bss           0x81017008        0x0 binaries/putchar.o
 .bss           0x81017008        0x8 binaries/qsort.o
 .bss           0x81017010        0x0 binaries/rand.o
 .bss           0x81017010        0x0 binaries/sprintf.o
 .bss           0x81017010        0x0 binaries/sscanf.o
 .bss           0x81017010        0x0 binaries/strchr.o
 .bss           0x81017010        0x0 binaries/strcmp.o
 .bss           0x81017010        0x0 binaries/strcpy.o
 .bss           0x81017010        0x0 binaries/strlen.o
 .bss           0x81017010        0x0 binaries/strncat.o
 .bss           0x81017010        0x0 binaries/strncmp.o
 .bss           0x81017010        0x0 binaries/strncpy.o
 .bss           0x81017010        0x0 binaries/strnlen.o
 .bss           0x81017010        0x0 binaries/strrchr.o
 .bss           0x81017010        0x0 binaries/strstr.o
 .bss           0x81017010        0x0 binaries/ttycontrol.o
 .bss           0x81017010        0x0 binaries/ttygetc.o
 .bss           0x81017010        0x0 binaries/ttyhandle_in.o
 .bss           0x81017010        0x0 binaries/ttyhandle_out.o
 .bss           0x81017010        0x0 binaries/ttyhandler.o
 .bss           0x81017010        0x0 binaries/ttyinit.o
 .bss           0x81017010        0x0 binaries/ttykickout.o
 .bss           0x81017010        0x0 binaries/ttyputc.o
 .bss           0x81017010        0x0 binaries/ttyread.o
 .bss           0x81017010        0x0 binaries/ttywrite.o
 .bss           0x81017010        0x0 binaries/mount.o
 .bss           0x81017010        0x0 binaries/naminit.o
 .bss           0x81017010        0x0 binaries/nammap.o
 .bss           0x81017010        0x0 binaries/namopen.o
 .bss           0x81017010        0x0 binaries/ethcontrol.o
 .bss           0x81017010        0x0 binaries/ethhandler.o
 .bss           0x81017010        0x0 binaries/ethinit.o
 .bss           0x81017010        0x0 binaries/ethread.o
 .bss           0x81017010        0x0 binaries/ethwrite.o
 .bss           0x81017010        0x0 binaries/rdsbufalloc.o
 .bss           0x81017010        0x0 binaries/rdsclose.o
 .bss           0x81017010        0x0 binaries/rdscomm.o
 .bss           0x81017010        0x0 binaries/rdscontrol.o
 .bss           0x81017010        0x0 binaries/rdsinit.o
 .bss           0x81017010        0x0 binaries/rdsopen.o
 .bss           0x81017010        0x0 binaries/rdsprocess.o
 .bss           0x81017010        0x0 binaries/rdsread.o
 .bss           0x81017010        0x0 binaries/rdswrite.o
 .bss           0x81017010        0x0 binaries/ramclose.o
 .bss           0x81017010        0x0 binaries/raminit.o
 .bss           0x81017010        0x0 binaries/ramopen.o
 .bss           0x81017010        0x0 binaries/ramread.o
 .bss           0x81017010        0x0 binaries/ramwrite.o
 .bss           0x81017010        0x0 binaries/lfdballoc.o
 .bss           0x81017010        0x0 binaries/lfdbfree.o
 .bss           0x81017010        0x0 binaries/lfflush.o
 .bss           0x81017010        0x0 binaries/lfgetmode.o
 .bss           0x81017010        0x0 binaries/lfiballoc.o
 .bss           0x81017010        0x0 binaries/lfibclear.o
 .bss           0x81017010        0x0 binaries/lfibget.o
 .bss           0x81017010        0x0 binaries/lfibput.o
 .bss           0x81017010        0x0 binaries/lflclose.o
 .bss           0x81017010        0x0 binaries/lflcontrol.o
 .bss           0x81017010        0x0 binaries/lflgetc.o
 .bss           0x81017010        0x0 binaries/lflinit.o
 .bss           0x81017010        0x0 binaries/lflputc.o
 .bss           0x81017010        0x0 binaries/lflread.o
 .bss           0x81017010        0x0 binaries/lflseek.o
 .bss           0x81017010        0x0 binaries/lflwrite.o
 .bss           0x81017010        0x0 binaries/lfscheck.o
 .bss           0x81017010        0x0 binaries/lfsckfmt.o
 .bss           0x81017010        0x0 binaries/lfscreate.o
 .bss           0x81017010        0x0 binaries/lfsetup.o
 .bss           0x81017010        0x0 binaries/lfsinit.o
 .bss           0x81017010        0x0 binaries/lfsopen.o
 .bss           0x81017010        0x0 binaries/lftruncate.o
 .bss           0x81017010        0x0 binaries/rflclose.o
 .bss           0x81017010        0x0 binaries/rflgetc.o
 .bss           0x81017010        0x0 binaries/rflinit.o
 .bss           0x81017010        0x0 binaries/rflputc.o
 .bss           0x81017010        0x0 binaries/rflread.o
 .bss           0x81017010        0x0 binaries/rflseek.o
 .bss           0x81017010        0x0 binaries/rflwrite.o
 .bss           0x81017010        0x0 binaries/rfscomm.o
 .bss           0x81017010        0x0 binaries/rfscontrol.o
 .bss           0x81017010        0x0 binaries/rfsgetmode.o
 .bss           0x81017010        0x0 binaries/rfsinit.o
 .bss           0x81017010        0x0 binaries/rfsndmsg.o
 .bss           0x81017010        0x0 binaries/rfsopen.o
 .bss           0x81017010        0x0 binaries/spicontrol.o
 .bss           0x81017010        0x0 binaries/spiinit.o
 .bss           0x81017010        0x0 binaries/gpiocontrol.o
 .bss           0x81017010        0x0 binaries/gpiohandler.o
 .bss           0x81017010        0x0 binaries/gpioinit.o
 .bss           0x81017010        0x0 binaries/gpioread.o
 .bss           0x81017010        0x0 binaries/gpioselect.o
 .bss           0x81017010        0x0 binaries/gpiowrite.o
 .bss           0x81017010        0x0 binaries/arp.o
 .bss           0x81017010        0x0 binaries/dhcp.o
 .bss           0x81017010        0x0 binaries/dns.o
 .bss           0x81017010        0x0 binaries/dot2ip.o
 .bss           0x81017010        0x0 binaries/hexdump.o
 .bss           0x81017010        0x0 binaries/icmp.o
 .bss           0x81017010        0x0 binaries/ip.o
 .bss           0x81017010        0x0 binaries/net.o
 .bss           0x81017010        0x0 binaries/pdump.o
 .bss           0x81017010        0x0 binaries/tftp.o
 .bss           0x81017010        0x0 binaries/udp.o
 .bss           0x81017010        0x0 binaries/addargs.o
 .bss           0x81017010        0x0 binaries/lexan.o
 .bss           0x81017010        0x0 binaries/shell.o
 .bss           0x81017010        0x0 binaries/xsh_argecho.o
 .bss           0x81017010        0x0 binaries/xsh_arp.o
 .bss           0x81017010        0x0 binaries/xsh_cat.o
 .bss           0x81017010        0x0 binaries/xsh_clear.o
 .bss           0x81017010        0x0 binaries/xsh_date.o
 .bss           0x81017010        0x0 binaries/xsh_devdump.o
 .bss           0x81017010        0x0 binaries/xsh_echo.o
 .bss           0x81017010        0x0 binaries/xsh_exit.o
 .bss           0x81017010        0x0 binaries/xsh_help.o
 .bss           0x81017010        0x0 binaries/xsh_kill.o
 .bss           0x81017010        0x0 binaries/xsh_memdump.o
 .bss           0x81017010        0x0 binaries/xsh_memstat.o
 .bss           0x81017010        0x0 binaries/xsh_netinfo.o
 .bss           0x81017010        0x4 binaries/xsh_ping.o
 .bss           0x81017014        0x0 binaries/xsh_ps.o
 .bss           0x81017014        0x0 binaries/xsh_sleep.o
 .bss           0x81017014        0x0 binaries/xsh_udpdump.o
 .bss           0x81017014        0x0 binaries/xsh_udpecho.o
 .bss           0x81017014        0x0 binaries/xsh_udpserver.o
 .bss           0x81017014        0x0 binaries/xsh_uptime.o
 .bss           0x81017014        0x0 binaries/ctxsw.o
 .bss           0x81017014        0x0 binaries/intr.o
 .bss           0x81017014        0x0 /homes/cs354/bin/cross_compiler/lib/gcc/arm-none-eabi/4.8.1//libgcc.a(_udivsi3.o)
 .bss           0x81017014        0x0 /homes/cs354/bin/cross_compiler/lib/gcc/arm-none-eabi/4.8.1//libgcc.a(_divsi3.o)
 .bss           0x81017014        0x0 /homes/cs354/bin/cross_compiler/lib/gcc/arm-none-eabi/4.8.1//libgcc.a(_dvmd_tls.o)
 .bss           0x81017014        0x0 /homes/cs354/bin/cross_compiler/lib/gcc/arm-none-eabi/4.8.1//libgcc.a(_arm_muldivdf3.o)
 .bss           0x81017014        0x0 /homes/cs354/bin/cross_compiler/lib/gcc/arm-none-eabi/4.8.1//libgcc.a(_arm_cmpdf2.o)
 .bss           0x81017014        0x0 /homes/cs354/bin/cross_compiler/lib/gcc/arm-none-eabi/4.8.1//libgcc.a(_arm_fixdfsi.o)
 *(COMMON)
 COMMON         0x81017014       0xf4 binaries/bufinit.o
                0x81017014                buftab
                0x81017104                nbpools
 COMMON         0x81017108       0x10 binaries/clkinit.o
                0x81017108                sleepq
                0x8101710c                preempt
                0x81017110                count1000
                0x81017114                clktime
 COMMON         0x81017118      0x200 binaries/evec.o
                0x81017118                intc_vector
 COMMON         0x81017318     0x1aa0 binaries/initialize.o
                0x81017318                currpid
                0x8101731c                proctab
                0x810188fc                prcount
                0x81018900                semtab
                0x81018db0                memlist
 COMMON         0x81018db8       0x58 binaries/mark.o
                0x81018db8                marks
                0x81018e08                nmarks
                0x81018e0c                mkmutex
 COMMON         0x81018e10        0x8 binaries/meminit.o
                0x81018e10                minheap
                0x81018e14                maxheap
 COMMON         0x81018e18      0x2d8 binaries/ptinit.o
                0x81018e18                porttab
                0x810190e8                ptnextid
                0x810190ec                ptfree
 COMMON         0x810190f0      0x980 binaries/queue.o
                0x810190f0                queuetab
 COMMON         0x81019a70        0x2 binaries/ready.o
                0x81019a70                readylist
 *fill*         0x81019a72        0x2 
 COMMON         0x81019a74        0x8 binaries/resched.o
                0x81019a74                Defer
 COMMON         0x81019a7c      0x730 binaries/rt_create.o
                0x81019a7c                bounded
                0x81019cec                bad
                0x81019f44                good
                0x8101a19c                numBad
                0x8101a1a0                numGood
                0x8101a1a4                executionBegan
                0x8101a1a8                numBoundedJobs
 COMMON         0x8101a1ac      0x110 binaries/ttyinit.o
                0x8101a1ac                ttytab
 COMMON         0x8101a2bc     0x19a4 binaries/naminit.o
                0x8101a2bc                nnames
                0x8101a2c0                nametab
 COMMON         0x8101bc60      0x154 binaries/ethinit.o
                0x8101bc60                eth_a_regs
                0x8101bc7c                ethertab
 COMMON         0x8101bdb4       0x8c binaries/rdsinit.o
                0x8101bdb4                rdstab
 COMMON         0x8101be40    0x19000 binaries/raminit.o
                0x8101be40                Ram
 COMMON         0x81034e40      0xf00 binaries/lflinit.o
                0x81034e40                lfltab
 COMMON         0x81035d40      0x20c binaries/lfsinit.o
                0x81035d40                Lf_data
 COMMON         0x81035f4c      0x5a0 binaries/rflinit.o
                0x81035f4c                rfltab
 COMMON         0x810364ec       0x18 binaries/rfsinit.o
                0x810364ec                Rf_data
 COMMON         0x81036504       0x10 binaries/gpioinit.o
                0x81036504                gpiotab
 COMMON         0x81036514      0x140 binaries/arp.o
                0x81036514                arpcache
 COMMON         0x81036654      0x230 binaries/icmp.o
                0x81036654                icmptab
 COMMON         0x81036884       0x2c binaries/ip.o
                0x81036884                ipoqueue
 COMMON         0x810368b0       0xb8 binaries/net.o
                0x810368b0                netbufpool
                0x810368b4                netportseed
                0x810368b8                NetData
 COMMON         0x81036968      0x168 binaries/udp.o
                0x81036968                udptab
                0x81036ad0                ebss = ABSOLUTE (.)
                0x81037000                . = ALIGN (0x1000)
 *fill*         0x81036ad0      0x530 
 */()
                0x81037000                end = ABSOLUTE (.)
                0x81037000                _end = ABSOLUTE (.)
                0x81037000                . = ALIGN (0x1000)
LOAD binaries/start.o
LOAD binaries/ascdate.o
LOAD binaries/bufinit.o
LOAD binaries/chprio.o
LOAD binaries/clkhandler.o
LOAD binaries/clkinit.o
LOAD binaries/close.o
LOAD binaries/conf.o
LOAD binaries/control.o
LOAD binaries/create.o
LOAD binaries/dummy.o
LOAD binaries/evec.o
LOAD binaries/exit.o
LOAD binaries/freebuf.o
LOAD binaries/freemem.o
LOAD binaries/getbuf.o
LOAD binaries/getc.o
LOAD binaries/getdev.o
LOAD binaries/getitem.o
LOAD binaries/getmem.o
LOAD binaries/getpid.o
LOAD binaries/getprio.o
LOAD binaries/getstk.o
LOAD binaries/getticks.o
LOAD binaries/gettime.o
LOAD binaries/getutime.o
LOAD binaries/hook.o
LOAD binaries/init.o
LOAD binaries/initialize.o
LOAD binaries/insert.o
LOAD binaries/insertd.o
LOAD binaries/ioerr.o
LOAD binaries/ionull.o
LOAD binaries/kill.o
LOAD binaries/kprintf.o
LOAD binaries/main.o
LOAD binaries/mark.o
LOAD binaries/meminit.o
LOAD binaries/mkbufpool.o
LOAD binaries/newqueue.o
LOAD binaries/open.o
LOAD binaries/panic.o
LOAD binaries/platinit.o
LOAD binaries/ptclear.o
LOAD binaries/ptcount.o
LOAD binaries/ptcreate.o
LOAD binaries/ptdelete.o
LOAD binaries/ptinit.o
LOAD binaries/ptrecv.o
LOAD binaries/ptreset.o
LOAD binaries/ptsend.o
LOAD binaries/putc.o
LOAD binaries/queue.o
LOAD binaries/read.o
LOAD binaries/ready.o
LOAD binaries/receive.o
LOAD binaries/recvclr.o
LOAD binaries/recvtime.o
[...]
 .ARM.attributes
                0x00001ec9       0x35 binaries/lfdbfree.o
 .ARM.attributes
                0x00001efe       0x35 binaries/lfflush.o
 .ARM.attributes
                0x00001f33       0x35 binaries/lfgetmode.o
 .ARM.attributes
                0x00001f68       0x35 binaries/lfiballoc.o
 .ARM.attributes
                0x00001f9d       0x35 binaries/lfibclear.o
 .ARM.attributes
                0x00001fd2       0x35 binaries/lfibget.o
 .ARM.attributes
                0x00002007       0x35 binaries/lfibput.o
 .ARM.attributes
                0x0000203c       0x35 binaries/lflclose.o
 .ARM.attributes
                0x00002071       0x35 binaries/lflcontrol.o
 .ARM.attributes
                0x000020a6       0x35 binaries/lflgetc.o
 .ARM.attributes
                0x000020db       0x35 binaries/lflinit.o
 .ARM.attributes
                0x00002110       0x35 binaries/lflputc.o
 .ARM.attributes
                0x00002145       0x35 binaries/lflread.o
 .ARM.attributes
                0x0000217a       0x35 binaries/lflseek.o
 .ARM.attributes
                0x000021af       0x35 binaries/lflwrite.o
 .ARM.attributes
                0x000021e4       0x35 binaries/lfscheck.o
 .ARM.attributes
                0x00002219       0x35 binaries/lfsckfmt.o
 .ARM.attributes
                0x0000224e       0x35 binaries/lfscreate.o
 .ARM.attributes
                0x00002283       0x35 binaries/lfsetup.o
 .ARM.attributes
                0x000022b8       0x35 binaries/lfsinit.o
 .ARM.attributes
                0x000022ed       0x35 binaries/lfsopen.o
 .ARM.attributes
                0x00002322       0x35 binaries/lftruncate.o
 .ARM.attributes
                0x00002357       0x35 binaries/rflclose.o
 .ARM.attributes
                0x0000238c       0x35 binaries/rflgetc.o
 .ARM.attributes
                0x000023c1       0x35 binaries/rflinit.o
 .ARM.attributes
                0x000023f6       0x35 binaries/rflputc.o
 .ARM.attributes
                0x0000242b       0x35 binaries/rflread.o
 .ARM.attributes
                0x00002460       0x35 binaries/rflseek.o
 .ARM.attributes
                0x00002495       0x35 binaries/rflwrite.o
 .ARM.attributes
                0x000024ca       0x35 binaries/rfscomm.o
 .ARM.attributes
                0x000024ff       0x35 binaries/rfscontrol.o
 .ARM.attributes
                0x00002534       0x35 binaries/rfsgetmode.o
 .ARM.attributes
                0x00002569       0x35 binaries/rfsinit.o
 .ARM.attributes
                0x0000259e       0x35 binaries/rfsndmsg.o
 .ARM.attributes
                0x000025d3       0x35 binaries/rfsopen.o
 .ARM.attributes
                0x00002608       0x35 binaries/spicontrol.o
 .ARM.attributes
                0x0000263d       0x35 binaries/spiinit.o
 .ARM.attributes
                0x00002672       0x35 binaries/gpiocontrol.o
 .ARM.attributes
                0x000026a7       0x35 binaries/gpiohandler.o
 .ARM.attributes
                0x000026dc       0x35 binaries/gpioinit.o
 .ARM.attributes
                0x00002711       0x35 binaries/gpioread.o
 .ARM.attributes
                0x00002746       0x35 binaries/gpioselect.o
 .ARM.attributes
                0x0000277b       0x35 binaries/gpiowrite.o
 .ARM.attributes
                0x000027b0       0x35 binaries/arp.o
 .ARM.attributes
                0x000027e5       0x35 binaries/dhcp.o
 .ARM.attributes
                0x0000281a       0x35 binaries/dns.o
 .ARM.attributes
                0x0000284f       0x35 binaries/dot2ip.o
 .ARM.attributes
                0x00002884       0x35 binaries/hexdump.o
 .ARM.attributes
                0x000028b9       0x35 binaries/icmp.o
 .ARM.attributes
                0x000028ee       0x35 binaries/ip.o
 .ARM.attributes
                0x00002923       0x35 binaries/net.o
 .ARM.attributes
                0x00002958       0x35 binaries/pdump.o
 .ARM.attributes
                0x0000298d       0x35 binaries/tftp.o
 .ARM.attributes
                0x000029c2       0x35 binaries/udp.o
 .ARM.attributes
                0x000029f7       0x35 binaries/addargs.o
 .ARM.attributes
                0x00002a2c       0x35 binaries/lexan.o
 .ARM.attributes
                0x00002a61       0x35 binaries/shell.o
 .ARM.attributes
                0x00002a96       0x35 binaries/xsh_argecho.o
 .ARM.attributes
                0x00002acb       0x35 binaries/xsh_arp.o
 .ARM.attributes
                0x00002b00       0x35 binaries/xsh_cat.o
 .ARM.attributes
                0x00002b35       0x35 binaries/xsh_clear.o
 .ARM.attributes
                0x00002b6a       0x35 binaries/xsh_date.o
 .ARM.attributes
                0x00002b9f       0x35 binaries/xsh_devdump.o
 .ARM.attributes
                0x00002bd4       0x35 binaries/xsh_echo.o
 .ARM.attributes
                0x00002c09       0x35 binaries/xsh_exit.o
 .ARM.attributes
                0x00002c3e       0x35 binaries/xsh_help.o
 .ARM.attributes
                0x00002c73       0x35 binaries/xsh_kill.o
 .ARM.attributes
                0x00002ca8       0x35 binaries/xsh_memdump.o
 .ARM.attributes
                0x00002cdd       0x35 binaries/xsh_memstat.o
 .ARM.attributes
                0x00002d12       0x35 binaries/xsh_netinfo.o
 .ARM.attributes
                0x00002d47       0x35 binaries/xsh_ping.o
 .ARM.attributes
                0x00002d7c       0x35 binaries/xsh_ps.o
 .ARM.attributes
                0x00002db1       0x35 binaries/xsh_sleep.o
 .ARM.attributes
                0x00002de6       0x35 binaries/xsh_udpdump.o
 .ARM.attributes
                0x00002e1b       0x35 binaries/xsh_udpecho.o
 .ARM.attributes
                0x00002e50       0x35 binaries/xsh_udpserver.o
 .ARM.attributes
                0x00002e85       0x35 binaries/xsh_uptime.o
 .ARM.attributes
                0x00002eba       0x25 binaries/ctxsw.o
 .ARM.attributes
                0x00002edf       0x25 binaries/intr.o
 .ARM.attributes
                0x00002f04       0x18 /homes/cs354/bin/cross_compiler/lib/gcc/arm-none-eabi/4.8.1//libgcc.a(_udivsi3.o)
 .ARM.attributes
                0x00002f1c       0x18 /homes/cs354/bin/cross_compiler/lib/gcc/arm-none-eabi/4.8.1//libgcc.a(_divsi3.o)
 .ARM.attributes
                0x00002f34       0x18 /homes/cs354/bin/cross_compiler/lib/gcc/arm-none-eabi/4.8.1//libgcc.a(_dvmd_tls.o)
 .ARM.attributes
                0x00002f4c       0x18 /homes/cs354/bin/cross_compiler/lib/gcc/arm-none-eabi/4.8.1//libgcc.a(_arm_muldivdf3.o)
 .ARM.attributes
                0x00002f64       0x18 /homes/cs354/bin/cross_compiler/lib/gcc/arm-none-eabi/4.8.1//libgcc.a(_arm_cmpdf2.o)
 .ARM.attributes
                0x00002f7c       0x18 /homes/cs354/bin/cross_compiler/lib/gcc/arm-none-eabi/4.8.1//libgcc.a(_arm_fixdfsi.o)

.comment        0x00000000       0x30
 .comment       0x00000000       0x30 binaries/ascdate.o
                                 0x31 (size before relaxing)
 .comment       0x00000000       0x31 binaries/bufinit.o
 .comment       0x00000000       0x31 binaries/chprio.o
 .comment       0x00000000       0x31 binaries/clkhandler.o
 .comment       0x00000000       0x31 binaries/clkinit.o
 .comment       0x00000000       0x31 binaries/close.o
 .comment       0x00000000       0x31 binaries/conf.o
 .comment       0x00000000       0x31 binaries/control.o
 .comment       0x00000000       0x31 binaries/create.o
 .comment       0x00000000       0x31 binaries/dummy.o
 .comment       0x00000000       0x31 binaries/evec.o
 .comment       0x00000000       0x31 binaries/exit.o
 .comment       0x00000000       0x31 binaries/freebuf.o
 .comment       0x00000000       0x31 binaries/freemem.o
 .comment       0x00000000       0x31 binaries/getbuf.o
 .comment       0x00000000       0x31 binaries/getc.o
 .comment       0x00000000       0x31 binaries/getdev.o
 .comment       0x00000000       0x31 binaries/getitem.o
 .comment       0x00000000       0x31 binaries/getmem.o
 .comment       0x00000000       0x31 binaries/getpid.o
 .comment       0x00000000       0x31 binaries/getprio.o
 .comment       0x00000000       0x31 binaries/getstk.o
 .comment       0x00000000       0x31 binaries/getticks.o
 .comment       0x00000000       0x31 binaries/gettime.o
 .comment       0x00000000       0x31 binaries/getutime.o
 .comment       0x00000000       0x31 binaries/hook.o
 .comment       0x00000000       0x31 binaries/init.o
 .comment       0x00000000       0x31 binaries/initialize.o
 .comment       0x00000000       0x31 binaries/insert.o
 .comment       0x00000000       0x31 binaries/insertd.o
 .comment       0x00000000       0x31 binaries/ioerr.o
 .comment       0x00000000       0x31 binaries/ionull.o
 .comment       0x00000000       0x31 binaries/kill.o
 .comment       0x00000000       0x31 binaries/kprintf.o
 .comment       0x00000000       0x31 binaries/main.o
 .comment       0x00000000       0x31 binaries/mark.o
 .comment       0x00000000       0x31 binaries/meminit.o
 .comment       0x00000000       0x31 binaries/mkbufpool.o
 .comment       0x00000000       0x31 binaries/newqueue.o
 .comment       0x00000000       0x31 binaries/open.o
 .comment       0x00000000       0x31 binaries/panic.o
 .comment       0x00000000       0x31 binaries/platinit.o
 .comment       0x00000000       0x31 binaries/ptclear.o
 .comment       0x00000000       0x31 binaries/ptcount.o
 .comment       0x00000000       0x31 binaries/ptcreate.o
 .comment       0x00000000       0x31 binaries/ptdelete.o
 .comment       0x00000000       0x31 binaries/ptinit.o
 .comment       0x00000000       0x31 binaries/ptrecv.o
 .comment       0x00000000       0x31 binaries/ptreset.o
 .comment       0x00000000       0x31 binaries/ptsend.o
 .comment       0x00000000       0x31 binaries/putc.o
 .comment       0x00000000       0x31 binaries/queue.o
 .comment       0x00000000       0x31 binaries/read.o
 .comment       0x00000000       0x31 binaries/ready.o
 .comment       0x00000000       0x31 binaries/receive.o
 .comment       0x00000000       0x31 binaries/recvclr.o
 .comment       0x00000000       0x31 binaries/recvtime.o
 .comment       0x00000000       0x31 binaries/resched.o
 .comment       0x00000000       0x31 binaries/resume.o
 .comment       0x00000000       0x31 binaries/rt_create.o
 .comment       0x00000000       0x31 binaries/rt_plan_and_resume.o
 .comment       0x00000000       0x31 binaries/seek.o
 .comment       0x00000000       0x31 binaries/semcount.o
 .comment       0x00000000       0x31 binaries/semcreate.o
 .comment       0x00000000       0x31 binaries/semdelete.o
 .comment       0x00000000       0x31 binaries/semreset.o
 .comment       0x00000000       0x31 binaries/send.o
 .comment       0x00000000       0x31 binaries/signal.o
 .comment       0x00000000       0x31 binaries/signaln.o
 .comment       0x00000000       0x31 binaries/sleep.o
 .comment       0x00000000       0x31 binaries/suspend.o
 .comment       0x00000000       0x31 binaries/unsleep.o
 .comment       0x00000000       0x31 binaries/userret.o
 .comment       0x00000000       0x31 binaries/wait.o
 .comment       0x00000000       0x31 binaries/wakeup.o
 .comment       0x00000000       0x31 binaries/write.o
 .comment       0x00000000       0x31 binaries/xdone.o
 .comment       0x00000000       0x31 binaries/yield.o
 .comment       0x00000000       0x31 binaries/abs.o
 .comment       0x00000000       0x31 binaries/atoi.o
 .comment       0x00000000       0x31 binaries/atol.o
 .comment       0x00000000       0x31 binaries/bzero.o
 .comment       0x00000000       0x31 binaries/ctype_.o
 .comment       0x00000000       0x31 binaries/doprnt.o
 .comment       0x00000000       0x31 binaries/doscan.o
 .comment       0x00000000       0x31 binaries/fdoprnt.o
 .comment       0x00000000       0x31 binaries/fgetc.o
 .comment       0x00000000       0x31 binaries/fgets.o
 .comment       0x00000000       0x31 binaries/fprintf.o
 .comment       0x00000000       0x31 binaries/fputc.o
 .comment       0x00000000       0x31 binaries/fputs.o
 .comment       0x00000000       0x31 binaries/fscanf.o
 .comment       0x00000000       0x31 binaries/getchar.o
 .comment       0x00000000       0x31 binaries/labs.o
 .comment       0x00000000       0x31 binaries/memchr.o
 .comment       0x00000000       0x31 binaries/memcmp.o
 .comment       0x00000000       0x31 binaries/memcpy.o
 .comment       0x00000000       0x31 binaries/memset.o
 .comment       0x00000000       0x31 binaries/printf.o
 .comment       0x00000000       0x31 binaries/putchar.o
 .comment       0x00000000       0x31 binaries/qsort.o
 .comment       0x00000000       0x31 binaries/rand.o
 .comment       0x00000000       0x31 binaries/sprintf.o
 .comment       0x00000000       0x31 binaries/sscanf.o
 .comment       0x00000000       0x31 binaries/strchr.o
 .comment       0x00000000       0x31 binaries/strcmp.o
 .comment       0x00000000       0x31 binaries/strcpy.o
 .comment       0x00000000       0x31 binaries/strlen.o
 .comment       0x00000000       0x31 binaries/strncat.o
 .comment       0x00000000       0x31 binaries/strncmp.o
 .comment       0x00000000       0x31 binaries/strncpy.o
 .comment       0x00000000       0x31 binaries/strnlen.o
 .comment       0x00000000       0x31 binaries/strrchr.o
 .comment       0x00000000       0x31 binaries/strstr.o
 .comment       0x00000000       0x31 binaries/ttycontrol.o
 .comment       0x00000000       0x31 binaries/ttygetc.o
 .comment       0x00000000       0x31 binaries/ttyhandle_in.o
 .comment       0x00000000       0x31 binaries/ttyhandle_out.o
 .comment       0x00000000       0x31 binaries/ttyhandler.o
 .comment       0x00000000       0x31 binaries/ttyinit.o
 .comment       0x00000000       0x31 binaries/ttykickout.o
 .comment       0x00000000       0x31 binaries/ttyputc.o
 .comment       0x00000000       0x31 binaries/ttyread.o
 .comment       0x00000000       0x31 binaries/ttywrite.o
 .comment       0x00000000       0x31 binaries/mount.o
 .comment       0x00000000       0x31 binaries/naminit.o
 .comment       0x00000000       0x31 binaries/nammap.o
 .comment       0x00000000       0x31 binaries/namopen.o
 .comment       0x00000000       0x31 binaries/ethcontrol.o
 .comment       0x00000000       0x31 binaries/ethhandler.o
 .comment       0x00000000       0x31 binaries/ethinit.o
 .comment       0x00000000       0x31 binaries/ethread.o
 .comment       0x00000000       0x31 binaries/ethwrite.o
 .comment       0x00000000       0x31 binaries/rdsbufalloc.o
 .comment       0x00000000       0x31 binaries/rdsclose.o
 .comment       0x00000000       0x31 binaries/rdscomm.o
 .comment       0x00000000       0x31 binaries/rdscontrol.o
 .comment       0x00000000       0x31 binaries/rdsinit.o
 .comment       0x00000000       0x31 binaries/rdsopen.o
 .comment       0x00000000       0x31 binaries/rdsprocess.o
 .comment       0x00000000       0x31 binaries/rdsread.o
 .comment       0x00000000       0x31 binaries/rdswrite.o
 .comment       0x00000000       0x31 binaries/ramclose.o
 .comment       0x00000000       0x31 binaries/raminit.o
 .comment       0x00000000       0x31 binaries/ramopen.o
 .comment       0x00000000       0x31 binaries/ramread.o
 .comment       0x00000000       0x31 binaries/ramwrite.o
 .comment       0x00000000       0x31 binaries/lfdballoc.o
 .comment       0x00000000       0x31 binaries/lfdbfree.o
 .comment       0x00000000       0x31 binaries/lfflush.o
 .comment       0x00000000       0x31 binaries/lfgetmode.o
 .comment       0x00000000       0x31 binaries/lfiballoc.o
 .comment       0x00000000       0x31 binaries/lfibclear.o
 .comment       0x00000000       0x31 binaries/lfibget.o
 .comment       0x00000000       0x31 binaries/lfibput.o
 .comment       0x00000000       0x31 binaries/lflclose.o
 .comment       0x00000000       0x31 binaries/lflcontrol.o
 .comment       0x00000000       0x31 binaries/lflgetc.o
 .comment       0x00000000       0x31 binaries/lflinit.o
 .comment       0x00000000       0x31 binaries/lflputc.o
 .comment       0x00000000       0x31 binaries/lflread.o
 .comment       0x00000000       0x31 binaries/lflseek.o
 .comment       0x00000000       0x31 binaries/lflwrite.o
 .comment       0x00000000       0x31 binaries/lfscheck.o
 .comment       0x00000000       0x31 binaries/lfsckfmt.o
 .comment       0x00000000       0x31 binaries/lfscreate.o
 .comment       0x00000000       0x31 binaries/lfsetup.o
 .comment       0x00000000       0x31 binaries/lfsinit.o
 .comment       0x00000000       0x31 binaries/lfsopen.o
 .comment       0x00000000       0x31 binaries/lftruncate.o
 .comment       0x00000000       0x31 binaries/rflclose.o
 .comment       0x00000000       0x31 binaries/rflgetc.o
 .comment       0x00000000       0x31 binaries/rflinit.o
 .comment       0x00000000       0x31 binaries/rflputc.o
 .comment       0x00000000       0x31 binaries/rflread.o
 .comment       0x00000000       0x31 binaries/rflseek.o
 .comment       0x00000000       0x31 binaries/rflwrite.o
 .comment       0x00000000       0x31 binaries/rfscomm.o
 .comment       0x00000000       0x31 binaries/rfscontrol.o
 .comment       0x00000000       0x31 binaries/rfsgetmode.o
 .comment       0x00000000       0x31 binaries/rfsinit.o
 .comment       0x00000000       0x31 binaries/rfsndmsg.o
 .comment       0x00000000       0x31 binaries/rfsopen.o
 .comment       0x00000000       0x31 binaries/spicontrol.o
 .comment       0x00000000       0x31 binaries/spiinit.o
 .comment       0x00000000       0x31 binaries/gpiocontrol.o
 .comment       0x00000000       0x31 binaries/gpiohandler.o
 .comment       0x00000000       0x31 binaries/gpioinit.o
 .comment       0x00000000       0x31 binaries/gpioread.o
 .comment       0x00000000       0x31 binaries/gpioselect.o
 .comment       0x00000000       0x31 binaries/gpiowrite.o
 .comment       0x00000000       0x31 binaries/arp.o
 .comment       0x00000000       0x31 binaries/dhcp.o
 .comment       0x00000000       0x31 binaries/dns.o
 .comment       0x00000000       0x31 binaries/dot2ip.o
 .comment       0x00000000       0x31 binaries/hexdump.o
 .comment       0x00000000       0x31 binaries/icmp.o
 .comment       0x00000000       0x31 binaries/ip.o
 .comment       0x00000000       0x31 binaries/net.o
 .comment       0x00000000       0x31 binaries/pdump.o
 .comment       0x00000000       0x31 binaries/tftp.o
 .comment       0x00000000       0x31 binaries/udp.o
 .comment       0x00000000       0x31 binaries/addargs.o
 .comment       0x00000000       0x31 binaries/lexan.o
 .comment       0x00000000       0x31 binaries/shell.o
 .comment       0x00000000       0x31 binaries/xsh_argecho.o
 .comment       0x00000000       0x31 binaries/xsh_arp.o
 .comment       0x00000000       0x31 binaries/xsh_cat.o
 .comment       0x00000000       0x31 binaries/xsh_clear.o
 .comment       0x00000000       0x31 binaries/xsh_date.o
 .comment       0x00000000       0x31 binaries/xsh_devdump.o
 .comment       0x00000000       0x31 binaries/xsh_echo.o
 .comment       0x00000000       0x31 binaries/xsh_exit.o
 .comment       0x00000000       0x31 binaries/xsh_help.o
 .comment       0x00000000       0x31 binaries/xsh_kill.o
 .comment       0x00000000       0x31 binaries/xsh_memdump.o
 .comment       0x00000000       0x31 binaries/xsh_memstat.o
 .comment       0x00000000       0x31 binaries/xsh_netinfo.o
 .comment       0x00000000       0x31 binaries/xsh_ping.o
 .comment       0x00000000       0x31 binaries/xsh_ps.o
 .comment       0x00000000       0x31 binaries/xsh_sleep.o
 .comment       0x00000000       0x31 binaries/xsh_udpdump.o
 .comment       0x00000000       0x31 binaries/xsh_udpecho.o
 .comment       0x00000000       0x31 binaries/xsh_udpserver.o
 .comment       0x00000000       0x31 binaries/xsh_uptime.o

.debug_frame    0x00000000       0x40
 .debug_frame   0x00000000       0x20 /homes/cs354/bin/cross_compiler/lib/gcc/arm-none-eabi/4.8.1//libgcc.a(_udivsi3.o)
 .debug_frame   0x00000020       0x20 /homes/cs354/bin/cross_compiler/lib/gcc/arm-none-eabi/4.8.1//libgcc.a(_divsi3.o)
