Archive member included because of file (symbol)

/homes/cs354/bin/cross_compiler/lib/gcc/arm-none-eabi/4.8.1//libgcc.a(_udivsi3.o)
                              binaries/qsort.o (__aeabi_uidiv)
/homes/cs354/bin/cross_compiler/lib/gcc/arm-none-eabi/4.8.1//libgcc.a(_divsi3.o)
                              binaries/doprnt.o (__aeabi_idiv)
/homes/cs354/bin/cross_compiler/lib/gcc/arm-none-eabi/4.8.1//libgcc.a(_dvmd_tls.o)
                              /homes/cs354/bin/cross_compiler/lib/gcc/arm-none-eabi/4.8.1//libgcc.a(_udivsi3.o) (__aeabi_idiv0)
/homes/cs354/bin/cross_compiler/lib/gcc/arm-none-eabi/4.8.1//libgcc.a(_arm_muldivdf3.o)
                              binaries/doprnt.o (__aeabi_dmul)
/homes/cs354/bin/cross_compiler/lib/gcc/arm-none-eabi/4.8.1//libgcc.a(_arm_cmpdf2.o)
                              binaries/doprnt.o (__aeabi_dcmplt)
/homes/cs354/bin/cross_compiler/lib/gcc/arm-none-eabi/4.8.1//libgcc.a(_arm_fixdfsi.o)
                              binaries/doprnt.o (__aeabi_d2iz)

Allocating common symbols
Common symbol       size              file

netbufpool          0x4               binaries/net.o
readylist           0x2               binaries/ready.o
rfltab              0x5a0             binaries/rflinit.o
buddy1              0x10              binaries/initialize.o
netportseed         0x4               binaries/net.o
sleepq              0x2               binaries/clkinit.o
gpiotab             0x10              binaries/gpioinit.o
buddy10             0x10              binaries/initialize.o
buddy6              0x10              binaries/initialize.o
intc_vector         0x200             binaries/evec.o
nnames              0x4               binaries/naminit.o
udptab              0x168             binaries/udp.o
minheap             0x4               binaries/meminit.o
marks               0x50              binaries/mark.o
currpid             0x4               binaries/initialize.o
Lf_data             0x20c             binaries/lfsinit.o
porttab             0x2d0             binaries/ptinit.o
ttytab              0x110             binaries/ttyinit.o
buddy8              0x10              binaries/initialize.o
proctab             0x15e0            binaries/initialize.o
eth_a_regs          0x1c              binaries/ethinit.o
prcount             0x4               binaries/initialize.o
buddy3              0x10              binaries/initialize.o
lfltab              0xf00             binaries/lflinit.o
buddy4              0x10              binaries/initialize.o
rdstab              0x8c              binaries/rdsinit.o
ethertab            0x138             binaries/ethinit.o
buddy0              0x10              binaries/initialize.o
NetData             0xb0              binaries/net.o
buddy7              0x10              binaries/initialize.o
nmarks              0x4               binaries/mark.o
buddy13             0x10              binaries/initialize.o
Defer               0x8               binaries/resched.o
semtab              0x4b0             binaries/initialize.o
maxheap             0x4               binaries/meminit.o
preempt             0x4               binaries/clkinit.o
buftab              0xf0              binaries/bufinit.o
Rf_data             0x18              binaries/rfsinit.o
mkmutex             0x4               binaries/mark.o
buddy11             0x10              binaries/initialize.o
buddy12             0x10              binaries/initialize.o
buddy15             0x10              binaries/initialize.o
count1000           0x4               binaries/clkinit.o
clktime             0x4               binaries/clkinit.o
freelists           0x100             binaries/meminit.o
arpcache            0x140             binaries/arp.o
icmptab             0x230             binaries/icmp.o
nbpools             0x4               binaries/bufinit.o
queuetab            0x980             binaries/queue.o
buddy9              0x10              binaries/initialize.o
ptnextid            0x4               binaries/ptinit.o
maxbuddy            0x4               binaries/meminit.o
Ram                 0x19000           binaries/raminit.o
ipoqueue            0x2c              binaries/ip.o
buddy14             0x10              binaries/initialize.o
minbuddy            0x4               binaries/meminit.o
buddy2              0x10              binaries/initialize.o
memlist             0x10              binaries/initialize.o
nametab             0x19a0            binaries/naminit.o
ptfree              0x4               binaries/ptinit.o
buddy5              0x10              binaries/initialize.o

Memory Configuration

Name             Origin             Length             Attributes
*default*        0x00000000         0xffffffff

Linker script and memory map

                0x81000000                physbase = 0x81000000
                0x81000000                . = physbase
                0x81000000                . = ALIGN (0x1000)

.text           0x81000000    0x16000
                0x81000000                text = ABSOLUTE (.)
 *(.text .text.*)
 .text          0x81000000       0x4c binaries/start.o
                0x81000000                start
 .text          0x8100004c      0x33c binaries/ascdate.o
                0x8100004c                ascdate
 .text          0x81000388       0x18 binaries/bufinit.o
                0x81000388                bufinit
 .text          0x810003a0       0x68 binaries/chprio.o
                0x810003a0                chprio
 .text          0x81000408       0xf0 binaries/clkhandler.o
                0x81000408                clkhandler
 .text          0x810004f8       0xe0 binaries/clkinit.o
                0x810004f8                clkinit
 .text          0x810005d8       0x50 binaries/close.o
                0x810005d8                close
 .text          0x81000628        0x0 binaries/conf.o
 .text          0x81000628       0x68 binaries/control.o
                0x81000628                control
 .text          0x81000690      0x290 binaries/create.o
                0x81000690                create
 .text          0x81000920       0xc4 binaries/evec.o
                0x81000920                initintc
                0x8100094c                set_evec
                0x8100098c                irq_dispatch
 .text          0x810009e4       0x10 binaries/exit.o
                0x810009e4                exit
 .text          0x810009f4      0x204 binaries/freebuddy.o
                0x810009f4                freebuddy
 .text          0x81000bf8       0x7c binaries/freebuf.o
                0x81000bf8                freebuf
 .text          0x81000c74      0x148 binaries/freemem.o
                0x81000c74                freemem
 .text          0x81000dbc      0x1e4 binaries/getbuddy.o
                0x81000dbc                getbuddy
 .text          0x81000fa0       0x78 binaries/getbuf.o
                0x81000fa0                getbuf
 .text          0x81001018       0x50 binaries/getc.o
                0x81001018                getc
 .text          0x81001068       0x68 binaries/getdev.o
                0x81001068                getdev
 .text          0x810010d0       0xa0 binaries/getitem.o
                0x810010d0                getitem
                0x81001100                getfirst
                0x81001134                getlast
 .text          0x81001170      0x108 binaries/getmem.o
                0x81001170                getmem
 .text          0x81001278       0x10 binaries/getpid.o
                0x81001278                getpid
 .text          0x81001288       0x5c binaries/getprio.o
                0x81001288                getprio
 .text          0x810012e4       0xc8 binaries/getstk.o
                0x810012e4                getstk
 .text          0x810013ac        0x8 binaries/getticks.o
                0x810013ac                getticks
 .text          0x810013b4       0x38 binaries/gettime.o
                0x810013b4                gettime
 .text          0x810013ec      0x1f4 binaries/getutime.o
                0x810013ec                getutime
 .text          0x810015e0       0x50 binaries/init.o
                0x810015e0                init
 .text          0x81001630      0x384 binaries/initialize.o
                0x810016d4                nulluser
                0x81001954                stop
                0x81001978                delay
 .text          0x810019b4       0xd0 binaries/insert.o
                0x810019b4                insert
 .text          0x81001a84      0x134 binaries/insertd.o
                0x81001a84                insertd
 .text          0x81001bb8        0x8 binaries/ioerr.o
                0x81001bb8                ioerr
 .text          0x81001bc0        0x8 binaries/ionull.o
                0x81001bc0                ionull
 .text          0x81001bc8      0x19c binaries/kill.o
                0x81001bc8                kill
 .text          0x81001d64       0xd0 binaries/kprintf.o
                0x81001d64                kputc
                0x81001db4                kgetc
                0x81001df4                kprintf
 .text          0x81001e34       0x64 binaries/main.o
                0x81001e34                main
 .text          0x81001e98       0xd0 binaries/mark.o
                0x81001e98                markinit
                0x81001ec4                mark
 .text          0x81001f68      0x220 binaries/meminit.o
                0x81001f68                meminit
 .text          0x81002188      0x140 binaries/mkbufpool.o
                0x81002188                mkbufpool
 .text          0x810022c8       0x7c binaries/newqueue.o
                0x810022c8                newqueue
 .text          0x81002344       0x60 binaries/open.o
                0x81002344                open
 .text          0x810023a4       0x20 binaries/panic.o
                0x810023a4                panic
 .text          0x810023c4       0xac binaries/platinit.o
                0x810023c4                counterinit
                0x810023dc                platinit
 .text          0x81002470      0x194 binaries/pow.o
                0x81002470                power
                0x810024a4                visualize
                0x810025d8                func1
 .text          0x81002604       0xa8 binaries/ptclear.o
                0x81002604                _ptclear
 .text          0x810026ac       0x78 binaries/ptcount.o
                0x810026ac                ptcount
 .text          0x81002724       0xdc binaries/ptcreate.o
                0x81002724                ptcreate
 .text          0x81002800       0x74 binaries/ptdelete.o
                0x81002800                ptdelete
 .text          0x81002874       0xbc binaries/ptinit.o
                0x81002874                ptinit
 .text          0x81002930       0xd0 binaries/ptrecv.o
                0x81002930                ptrecv
 .text          0x81002a00       0x68 binaries/ptreset.o
                0x81002a00                ptreset
 .text          0x81002a68       0xf4 binaries/ptsend.o
                0x81002a68                ptsend
 .text          0x81002b5c       0x58 binaries/putc.o
                0x81002b5c                putc
 .text          0x81002bb4       0xf4 binaries/queue.o
                0x81002bb4                enqueue
                0x81002c4c                dequeue
 .text          0x81002ca8       0x60 binaries/read.o
                0x81002ca8                read
 .text          0x81002d08       0x74 binaries/ready.o
                0x81002d08                ready
 .text          0x81002d7c       0x60 binaries/receive.o
                0x81002d7c                receive
 .text          0x81002ddc       0x48 binaries/recvclr.o
                0x81002ddc                recvclr
 .text          0x81002e24       0xb0 binaries/recvtime.o
                0x81002e24                recvtime
 .text          0x81002ed4      0x1ac binaries/resched.o
                0x81002ed4                resched
                0x81002fc4                resched_cntl
 .text          0x81003080       0x90 binaries/resume.o
                0x81003080                resume
 .text          0x81003110       0x58 binaries/seek.o
                0x81003110                seek
 .text          0x81003168       0x58 binaries/semcount.o
                0x81003168                semcount
 .text          0x810031c0       0xb8 binaries/semcreate.o
                0x810031c0                semcreate
 .text          0x81003278       0xac binaries/semdelete.o
                0x81003278                semdelete
 .text          0x81003324       0xa4 binaries/semreset.o
                0x81003324                semreset
 .text          0x810033c8       0xc0 binaries/send.o
                0x810033c8                send
 .text          0x81003488       0x80 binaries/signal.o
                0x81003488                signal
 .text          0x81003508       0xb0 binaries/signaln.o
                0x81003508                signaln
 .text          0x810035b8       0xcc binaries/sleep.o
                0x810035b8                sleepms
                0x81003654                sleep
 .text          0x81003684       0xbc binaries/suspend.o
                0x81003684                suspend
 .text          0x81003740       0xb8 binaries/unsleep.o
                0x81003740                unsleep
 .text          0x810037f8       0x10 binaries/userret.o
                0x810037f8                userret
 .text          0x81003808       0xac binaries/wait.o
                0x81003808                wait
 .text          0x810038b4       0xa0 binaries/wakeup.o
                0x810038b4                wakeup
 .text          0x81003954       0x60 binaries/write.o
                0x81003954                write
 .text          0x810039b4       0x18 binaries/xdone.o
                0x810039b4                xdone
 .text          0x810039cc       0x20 binaries/yield.o
                0x810039cc                yield
 .text          0x810039ec        0xc binaries/abs.o
                0x810039ec                abs
 .text          0x810039f8      0x114 binaries/atoi.o
                0x810039f8                atoi
 .text          0x81003b0c      0x114 binaries/atol.o
                0x81003b0c                atol
 .text          0x81003c20       0x20 binaries/bzero.o
                0x81003c20                bzero
 .text          0x81003c40        0x0 binaries/ctype_.o
 .text          0x81003c40      0xa34 binaries/doprnt.o
                0x81003e60                _doprnt
 .text          0x81004674      0x704 binaries/doscan.o
                0x81004674                _doscan
 .text          0x81004d78      0x898 binaries/fdoprnt.o
                0x81004e24                _fdoprnt
 .text          0x81005610       0x14 binaries/fgetc.o
                0x81005610                fgetc
 .text          0x81005624       0x84 binaries/fgets.o
                0x81005624                fgets
 .text          0x810056a8       0x3c binaries/fprintf.o
                0x810056a8                fprintf
 .text          0x810056e4       0x24 binaries/fputc.o
                0x810056e4                fputc
 .text          0x81005708       0x38 binaries/fputs.o
                0x81005708                fputs
 .text          0x81005740       0x78 binaries/fscanf.o
                0x81005774                fscanf
 .text          0x810057b8       0x2c binaries/getchar.o
                0x810057b8                getchar
 .text          0x810057e4        0xc binaries/labs.o
                0x810057e4                labs
 .text          0x810057f0        0x0 binaries/memchr.o
 .text          0x810057f0       0x60 binaries/memcmp.o
                0x810057f0                memcmp
 .text          0x81005850       0x24 binaries/memcpy.o
                0x81005850                memcpy
 .text          0x81005874       0x20 binaries/memset.o
                0x81005874                memset
 .text          0x81005894       0x58 binaries/printf.o
                0x81005894                printf
 .text          0x810058ec       0x2c binaries/putchar.o
                0x810058ec                putchar
 .text          0x81005918      0x254 binaries/qsort.o
                0x81005b4c                qsort
 .text          0x81005b6c       0x7c binaries/rand.o
                0x81005b6c                rand
                0x81005ba4                rand_r
                0x81005bd8                srand
 .text          0x81005be8       0x68 binaries/sprintf.o
                0x81005c00                sprintf
 .text          0x81005c50       0x78 binaries/sscanf.o
                0x81005c84                sscanf
 .text          0x81005cc8       0x48 binaries/strchr.o
                0x81005cc8                strchr
 .text          0x81005d10       0x54 binaries/strcmp.o
                0x81005d10                strcmp
 .text          0x81005d64       0x18 binaries/strcpy.o
                0x81005d64                strcpy
 .text          0x81005d7c       0x30 binaries/strlen.o
                0x81005d7c                strlen
 .text          0x81005dac       0x50 binaries/strncat.o
                0x81005dac                strncat
 .text          0x81005dfc       0x54 binaries/strncmp.o
                0x81005dfc                strncmp
 .text          0x81005e50       0x80 binaries/strncpy.o
                0x81005e50                strncpy
 .text          0x81005ed0       0x48 binaries/strnlen.o
                0x81005ed0                strnlen
 .text          0x81005f18       0x58 binaries/strrchr.o
                0x81005f18                strrchr
 .text          0x81005f70       0xb0 binaries/strstr.o
                0x81005f70                strstr
 .text          0x81006020       0xc8 binaries/ttycontrol.o
                0x81006020                ttycontrol
 .text          0x810060e8       0x6c binaries/ttygetc.o
                0x810060e8                ttygetc
 .text          0x81006154      0x4e0 binaries/ttyhandle_in.o
                0x81006220                ttyhandle_in
 .text          0x81006634      0x14c binaries/ttyhandle_out.o
                0x81006634                ttyhandle_out
 .text          0x81006780       0xc8 binaries/ttyhandler.o
                0x81006780                ttyhandler
 .text          0x81006848      0x120 binaries/ttyinit.o
                0x81006848                ttyinit
 .text          0x81006968        0xc binaries/ttykickout.o
                0x81006968                ttykickout
 .text          0x81006974       0x78 binaries/ttyputc.o
                0x81006974                ttyputc
 .text          0x810069ec      0x110 binaries/ttyread.o
                0x810069ec                ttyread
 .text          0x81006afc       0x4c binaries/ttywrite.o
                0x81006afc                ttywrite
 .text          0x81006b48      0x134 binaries/mount.o
                0x81006b48                namlen
                0x81006b9c                mount
 .text          0x81006c7c      0x1c8 binaries/naminit.o
                0x81006c7c                naminit
 .text          0x81006e44      0x238 binaries/nammap.o
                0x81006e44                namrepl
                0x81006f7c                namcpy
                0x81006fd8                nammap
 .text          0x8100707c       0x40 binaries/namopen.o
                0x8100707c                namopen
 .text          0x810070bc       0x40 binaries/ethcontrol.o
                0x810070bc                ethcontrol
 .text          0x810070fc      0x178 binaries/ethhandler.o
                0x810070fc                ethhandler
 .text          0x81007274      0x734 binaries/ethinit.o
                0x81007274                eth_phy_read
                0x810072e4                eth_phy_write
                0x8100733c                eth_phy_reset
                0x810074ac                ethinit
 .text          0x810079a8       0xd8 binaries/ethread.o
                0x810079a8                ethread
 .text          0x81007a80       0xf0 binaries/ethwrite.o
                0x81007a80                ethwrite
 .text          0x81007b70       0x90 binaries/rdsbufalloc.o
                0x81007b70                rdsbufalloc
 .text          0x81007c00       0xa0 binaries/rdsclose.o
                0x81007c00                rdsclose
 .text          0x81007ca0      0x20c binaries/rdscomm.o
                0x81007ca0                rdscomm
 .text          0x81007eac      0x1a0 binaries/rdscontrol.o
                0x81007eac                rdscontrol
 .text          0x8100804c      0x180 binaries/rdsinit.o
                0x8100804c                rdsinit
 .text          0x810081cc      0x134 binaries/rdsopen.o
                0x810081cc                rdsopen
 .text          0x81008300      0x304 binaries/rdsprocess.o
                0x81008300                rdsprocess
 .text          0x81008604      0x210 binaries/rdsread.o
                0x81008604                rdsread
 .text          0x81008814      0x184 binaries/rdswrite.o
                0x81008814                rdswrite
 .text          0x81008998        0x8 binaries/ramclose.o
                0x81008998                ramclose
 .text          0x810089a0       0x3c binaries/raminit.o
                0x810089a0                raminit
 .text          0x810089dc        0x8 binaries/ramopen.o
                0x810089dc                ramopen
 .text          0x810089e4       0x24 binaries/ramread.o
                0x810089e4                ramread
 .text          0x81008a08       0x20 binaries/ramwrite.o
                0x81008a08                ramwrite
 .text          0x81008a28       0x94 binaries/lfdballoc.o
                0x81008a28                lfdballoc
 .text          0x81008abc       0x4c binaries/lfdbfree.o
                0x81008abc                lfdbfree
 .text          0x81008b08       0xb8 binaries/lfflush.o
                0x81008b08                lfflush
 .text          0x81008bc0       0xc8 binaries/lfgetmode.o
                0x81008bc0                lfgetmode
 .text          0x81008c88       0x6c binaries/lfiballoc.o
                0x81008c88                lfiballoc
 .text          0x81008cf4       0x30 binaries/lfibclear.o
                0x81008cf4                lfibclear
 .text          0x81008d24       0x64 binaries/lfibget.o
                0x81008d24                lfibget
 .text          0x81008d88       0x8c binaries/lfibput.o
                0x81008d88                lfibput
 .text          0x81008e14       0x84 binaries/lflclose.o
                0x81008e14                lflclose
 .text          0x81008e98       0xa0 binaries/lflcontrol.o
                0x81008e98                lflcontrol
 .text          0x81008f38       0xa8 binaries/lflgetc.o
                0x81008f38                lflgetc
 .text          0x81008fe0       0xa8 binaries/lflinit.o
                0x81008fe0                lflinit
 .text          0x81009088       0xdc binaries/lflputc.o
                0x81009088                lflputc
 .text          0x81009164       0x78 binaries/lflread.o
                0x81009164                lflread
 .text          0x810091dc       0x80 binaries/lflseek.o
                0x810091dc                lflseek
 .text          0x8100925c       0x5c binaries/lflwrite.o
                0x8100925c                lflwrite
 .text          0x810092b8       0xa0 binaries/lfscheck.o
                0x810092b8                lfscheck
 .text          0x81009358      0x144 binaries/lfsckfmt.o
                0x81009358                lfsckfmt
 .text          0x8100949c      0x15c binaries/lfscreate.o
                0x8100949c                lfscreate
 .text          0x810095f8      0x1f0 binaries/lfsetup.o
                0x810095f8                lfsetup
 .text          0x810097e8       0x44 binaries/lfsinit.o
                0x810097e8                lfsinit
 .text          0x8100982c      0x358 binaries/lfsopen.o
                0x8100982c                lfsopen
 .text          0x81009b84      0x108 binaries/lftruncate.o
                0x81009b84                lftruncate
 .text          0x81009c8c       0x70 binaries/rflclose.o
                0x81009c8c                rflclose
 .text          0x81009cfc       0x28 binaries/rflgetc.o
                0x81009cfc                rflgetc
 .text          0x81009d24       0x54 binaries/rflinit.o
                0x81009d24                rflinit
 .text          0x81009d78       0x30 binaries/rflputc.o
                0x81009d78                rflputc
 .text          0x81009da8      0x28c binaries/rflread.o
                0x81009da8                rflread
 .text          0x8100a034       0x74 binaries/rflseek.o
                0x8100a034                rflseek
 .text          0x8100a0a8      0x2c8 binaries/rflwrite.o
                0x8100a0a8                rflwrite
 .text          0x8100a370      0x198 binaries/rfscomm.o
                0x8100a370                rfscomm
 .text          0x8100a508      0x21c binaries/rfscontrol.o
                0x8100a508                rfscontrol
 .text          0x8100a724       0xc8 binaries/rfsgetmode.o
                0x8100a724                rfsgetmode
 .text          0x8100a7ec       0x84 binaries/rfsinit.o
                0x8100a7ec                rfsinit
 .text          0x8100a870       0xa4 binaries/rfsndmsg.o
                0x8100a870                rfsndmsg
 .text          0x8100a914      0x22c binaries/rfsopen.o
                0x8100a914                rfsopen
 .text          0x8100ab40       0x8c binaries/spicontrol.o
                0x8100ab40                spicontrol
 .text          0x8100abcc       0xa8 binaries/spiinit.o
                0x8100abcc                spiinit
 .text          0x8100ac74      0x19c binaries/gpiocontrol.o
                0x8100ac74                gpiocontrol
 .text          0x8100ae10      0x204 binaries/gpiohandler.o
                0x8100ae10                gpiohandler
 .text          0x8100b014       0xe8 binaries/gpioinit.o
                0x8100b014                gpioinit
 .text          0x8100b0fc       0x18 binaries/gpioread.o
                0x8100b0fc                gpioread
 .text          0x8100b114       0x18 binaries/gpioselect.o
                0x8100b114                gpioselect
 .text          0x8100b12c       0x20 binaries/gpiowrite.o
                0x8100b12c                gpiowrite
 .text          0x8100b14c      0x714 binaries/arp.o
                0x8100b14c                arp_init
                0x8100b16c                arp_alloc
                0x8100b240                arp_ntoh
                0x8100b2e4                arp_hton
                0x8100b388                arp_resolve
                0x8100b5ec                arp_in
 .text          0x8100b860      0x6b0 binaries/dhcp.o
                0x8100b860                dhcp_get_opt_val
                0x8100b8c0                dhcp_bld_bootp_msg
                0x8100b9b8                dhcp_bld_disc
                0x8100ba0c                dhcp_bld_req
                0x8100bad0                getlocalip
 .text          0x8100bf10      0x56c binaries/dns.o
                0x8100bff8                dnslookup
 .text          0x8100c47c      0x120 binaries/dot2ip.o
                0x8100c47c                dot2ip
 .text          0x8100c59c      0x33c binaries/hexdump.o
                0x8100c59c                hexdump
                0x8100c6fc                hexadump
 .text          0x8100c8d8      0x660 binaries/icmp.o
                0x8100c8d8                icmp_init
                0x8100c8fc                icmp_register
                0x8100c9b8                icmp_recv
                0x8100cb08                icmp_mkpkt
                0x8100cbf8                icmp_in
                0x8100cd44                icmp_send
                0x8100cdb4                icmp_release
                0x8100ce70                icmp_cksum
                0x8100ced0                icmp_hton
                0x8100cf04                icmp_ntoh
 .text          0x8100cf38      0x674 binaries/ip.o
                0x8100cf38                ip_local
                0x8100cf68                ipcksum
                0x8100cfac                ip_ntoh
                0x8100d050                ip_in
                0x8100d18c                ip_hton
                0x8100d230                ip_out
                0x8100d2e4                ip_send
                0x8100d414                ipout
                0x8100d510                ip_enqueue
 .text          0x8100d5ac      0x228 binaries/net.o
                0x8100d5ac                net_init
                0x8100d6b4                eth_hton
                0x8100d6c8                eth_ntoh
                0x8100d6dc                netin
                0x8100d784                getport
 .text          0x8100d7d4      0x9dc binaries/pdump.o
                0x8100d7d4                pdump
                0x8100dd60                pdumph
 .text          0x8100e1b0      0x56c binaries/tftp.o
                0x8100e1b0                tftp_send1
                0x8100e29c                tftpget_mb
                0x8100e6e8                tftpget
 .text          0x8100e71c      0x890 binaries/udp.o
                0x8100e71c                udp_init
                0x8100e744                udp_in
                0x8100e830                udp_register
                0x8100e92c                udp_recv
                0x8100ea60                udp_recvaddr
                0x8100ebb0                udp_send
                0x8100ed28                udp_sendto
                0x8100ee88                udp_release
                0x8100ef44                udp_ntoh
                0x8100ef78                udp_hton
 .text          0x8100efac      0x120 binaries/addargs.o
                0x8100efac                addargs
 .text          0x8100f0cc      0x2b4 binaries/lexan.o
                0x8100f0cc                lexan
 .text          0x8100f380      0x6ac binaries/shell.o
                0x8100f380                shell
 .text          0x8100fa2c       0x64 binaries/xsh_argecho.o
                0x8100fa2c                xsh_argecho
 .text          0x8100fa90      0x1f8 binaries/xsh_arp.o
                0x8100fa90                xsh_arp
 .text          0x8100fc88      0x23c binaries/xsh_cat.o
                0x8100fc88                xsh_cat
 .text          0x8100fec4       0x5c binaries/xsh_clear.o
                0x8100fec4                xsh_clear
 .text          0x8100ff20      0x29c binaries/xsh_date.o
                0x8100ff20                xsh_date
 .text          0x810101bc       0x98 binaries/xsh_devdump.o
                0x810101bc                xsh_devdump
 .text          0x81010254       0x68 binaries/xsh_echo.o
                0x81010254                xsh_echo
 .text          0x810102bc        0x8 binaries/xsh_exit.o
                0x810102bc                xsh_exit
 .text          0x810102c4      0x3d0 binaries/xsh_help.o
                0x810102c4                xsh_help
 .text          0x81010694      0x1f8 binaries/xsh_kill.o
                0x81010694                xsh_kill
 .text          0x8101088c      0x490 binaries/xsh_memdump.o
                0x81010988                xsh_memdump
 .text          0x81010d1c      0x224 binaries/xsh_memstat.o
                0x81010d1c                xsh_memstat
 .text          0x81010f40      0x3fc binaries/xsh_netinfo.o
                0x81010f40                xsh_netinfo
 .text          0x8101133c      0x3b0 binaries/xsh_ping.o
                0x8101133c                xsh_ping
 .text          0x810116ec      0x220 binaries/xsh_ps.o
                0x810116ec                xsh_ps
 .text          0x8101190c      0x1cc binaries/xsh_sleep.o
                0x8101190c                xsh_sleep
 .text          0x81011ad8      0x244 binaries/xsh_udpdump.o
                0x81011ad8                xsh_udpdump
 .text          0x81011d1c      0x400 binaries/xsh_udpecho.o
                0x81011d1c                xsh_udpecho
 .text          0x8101211c      0x254 binaries/xsh_udpserver.o
                0x8101211c                xsh_udpeserver
 .text          0x81012370      0x1ac binaries/xsh_uptime.o
                0x81012370                xsh_uptime
 .text          0x8101251c       0x2c binaries/ctxsw.o
                0x8101251c                ctxsw
 .text          0x81012548      0x100 binaries/intr.o
                0x81012548                disable
                0x81012554                restore
                0x81012578                enable
                0x81012580                pause
                0x81012580                halt
                0x81012588                irq_except
                0x810125b8                initevec
                0x81012618                expjmpinstr
 .text          0x81012648      0x114 /homes/cs354/bin/cross_compiler/lib/gcc/arm-none-eabi/4.8.1//libgcc.a(_udivsi3.o)
                0x81012648                __udivsi3
                0x81012648                __aeabi_uidiv
                0x8101273c                __aeabi_uidivmod
 .text          0x8101275c      0x148 /homes/cs354/bin/cross_compiler/lib/gcc/arm-none-eabi/4.8.1//libgcc.a(_divsi3.o)
                0x8101275c                __aeabi_idiv
                0x8101275c                __divsi3
                0x81012884                __aeabi_idivmod
 .text          0x810128a4        0x4 /homes/cs354/bin/cross_compiler/lib/gcc/arm-none-eabi/4.8.1//libgcc.a(_dvmd_tls.o)
                0x810128a4                __aeabi_ldiv0
                0x810128a4                __aeabi_idiv0
 .text          0x810128a8      0x49c /homes/cs354/bin/cross_compiler/lib/gcc/arm-none-eabi/4.8.1//libgcc.a(_arm_muldivdf3.o)
                0x810128a8                __aeabi_dmul
                0x810128a8                __muldf3
                0x81012b38                __aeabi_ddiv
                0x81012b38                __divdf3
 .text          0x81012d44      0x144 /homes/cs354/bin/cross_compiler/lib/gcc/arm-none-eabi/4.8.1//libgcc.a(_arm_cmpdf2.o)
                0x81012d44                __gtdf2
                0x81012d44                __gedf2
                0x81012d4c                __ltdf2
                0x81012d4c                __ledf2
                0x81012d54                __cmpdf2
                0x81012d54                __eqdf2
                0x81012d54                __nedf2
                0x81012ddc                __aeabi_cdrcmple
                0x81012df8                __aeabi_cdcmple
                0x81012df8                __aeabi_cdcmpeq
                0x81012e10                __aeabi_dcmpeq
                0x81012e28                __aeabi_dcmplt
                0x81012e40                __aeabi_dcmple
                0x81012e58                __aeabi_dcmpge
                0x81012e70                __aeabi_dcmpgt
 .text          0x81012e88       0x5c /homes/cs354/bin/cross_compiler/lib/gcc/arm-none-eabi/4.8.1//libgcc.a(_arm_fixdfsi.o)
                0x81012e88                __fixdfsi
                0x81012e88                __aeabi_d2iz
 *(.rodata .rodata.*)
 .rodata.str1.4
                0x81012ee4       0x78 binaries/ascdate.o
 .rodata.str1.4
                0x81012f5c       0xf9 binaries/conf.o
                                 0xfc (size before relaxing)
 *fill*         0x81013055        0x3 
 .rodata.str1.4
                0x81013058       0x61 binaries/getutime.o
                                 0x64 (size before relaxing)
 *fill*         0x810130b9        0x3 
 .rodata.str1.4
                0x810130bc      0x1b8 binaries/initialize.o
                                0x1bc (size before relaxing)
 .rodata.str1.4
                0x81013274       0x29 binaries/main.o
                                 0x2c (size before relaxing)
 *fill*         0x8101329d        0x3 
 .rodata.str1.4
                0x810132a0        0xf binaries/panic.o
                                 0x10 (size before relaxing)
 *fill*         0x810132af        0x1 
 .rodata.str1.4
                0x810132b0       0x4c binaries/pow.o
                                 0x50 (size before relaxing)
 .rodata.str1.4
                0x810132fc       0x1d binaries/ptinit.o
                                 0x20 (size before relaxing)
 *fill*         0x81013319        0x3 
 .rodata.str1.4
                0x8101331c       0x25 binaries/ptsend.o
                                 0x28 (size before relaxing)
 *fill*         0x81013341        0x3 
 .rodata.str1.4
                0x81013344       0x27 binaries/xdone.o
                                 0x28 (size before relaxing)
 *fill*         0x8101336b        0x1 
 .rodata        0x8101336c       0x84 binaries/ctype_.o
                0x8101336c                _ctype_
 .rodata.str1.4
                0x810133f0       0x2f binaries/doprnt.o
                                 0x30 (size before relaxing)
 .rodata.str1.4
                0x00000000       0x30 binaries/fdoprnt.o
 *fill*         0x8101341f        0x1 
 .rodata.str1.4
                0x81013420       0x86 binaries/naminit.o
                                 0x90 (size before relaxing)
 *fill*         0x810134a6        0x2 
 .rodata.str1.4
                0x810134a8       0xe5 binaries/ethinit.o
                                 0xe8 (size before relaxing)
 *fill*         0x8101358d        0x3 
 .rodata.str1.4
                0x81013590       0x12 binaries/ethread.o
                                 0x14 (size before relaxing)
 *fill*         0x810135a2        0x2 
 .rodata.str1.4
                0x810135a4       0x2c binaries/rdsbufalloc.o
 .rodata.str1.4
                0x810135d0       0x76 binaries/rdscomm.o
                                 0x78 (size before relaxing)
 *fill*         0x81013646        0x2 
 .rodata.str1.4
                0x81013648       0x48 binaries/rdscontrol.o
 .rodata.str1.4
                0x81013690       0x96 binaries/rdsinit.o
                                 0x98 (size before relaxing)
 *fill*         0x81013726        0x2 
 .rodata.str1.4
                0x81013728       0x22 binaries/rdsopen.o
                                 0x24 (size before relaxing)
 *fill*         0x8101374a        0x2 
 .rodata.str1.4
                0x8101374c       0x4d binaries/rdsprocess.o
                                 0x50 (size before relaxing)
 *fill*         0x81013799        0x3 
 .rodata.str1.4
                0x8101379c        0x9 binaries/raminit.o
                                  0xc (size before relaxing)
 *fill*         0x810137a5        0x3 
 .rodata.str1.4
                0x810137a8       0x37 binaries/lfdballoc.o
                                 0x38 (size before relaxing)
 *fill*         0x810137df        0x1 
 .rodata.str1.4
                0x810137e0       0x14 binaries/lfiballoc.o
 .rodata.str1.4
                0x810137f4       0x23 binaries/lflcontrol.o
                                 0x24 (size before relaxing)
 *fill*         0x81013817        0x1 
 .rodata.str1.4
                0x81013818      0x11f binaries/lfsckfmt.o
                                0x120 (size before relaxing)
 *fill*         0x81013937        0x1 
 .rodata.str1.4
                0x81013938       0x2a binaries/lfsopen.o
                                 0x2c (size before relaxing)
 *fill*         0x81013962        0x2 
 .rodata.str1.4
                0x81013964       0x21 binaries/rflread.o
                                 0x24 (size before relaxing)
 .rodata.str1.4
                0x00000000       0x24 binaries/rflwrite.o
 *fill*         0x81013985        0x3 
 .rodata.str1.4
                0x81013988       0x75 binaries/rfscomm.o
                                 0x78 (size before relaxing)
 *fill*         0x810139fd        0x3 
 .rodata.str1.4
                0x81013a00       0x23 binaries/rfscontrol.o
                                 0x24 (size before relaxing)
 *fill*         0x81013a23        0x1 
 .rodata.str1.4
                0x81013a24       0x63 binaries/rfsinit.o
                                 0x64 (size before relaxing)
 *fill*         0x81013a87        0x1 
 .rodata.str1.4
                0x81013a88       0x2a binaries/rfsndmsg.o
                                 0x2c (size before relaxing)
 .rodata.str1.4
                0x00000000       0x24 binaries/rfsopen.o
 *fill*         0x81013ab2        0x2 
 .rodata.str1.4
                0x81013ab4       0x3d binaries/arp.o
                                 0x40 (size before relaxing)
 *fill*         0x81013af1        0x3 
 .rodata.str1.4
                0x81013af4       0xd3 binaries/dhcp.o
                                 0xd4 (size before relaxing)
 *fill*         0x81013bc7        0x1 
 .rodata.str1.4
                0x81013bc8       0x1a binaries/dns.o
                                 0x1c (size before relaxing)
 *fill*         0x81013be2        0x2 
 .rodata.str1.4
                0x81013be4       0xca binaries/hexdump.o
                                 0xd8 (size before relaxing)
 *fill*         0x81013cae        0x2 
 .rodata.str1.4
                0x81013cb0       0x29 binaries/icmp.o
                                 0x2c (size before relaxing)
 *fill*         0x81013cd9        0x3 
 .rodata.str1.4
                0x81013cdc       0x6e binaries/ip.o
                                 0x70 (size before relaxing)
 *fill*         0x81013d4a        0x2 
 .rodata.str1.4
                0x81013d4c       0x53 binaries/net.o
                                 0x54 (size before relaxing)
 *fill*         0x81013d9f        0x1 
 .rodata.str1.4
                0x81013da0      0x292 binaries/pdump.o
                                0x298 (size before relaxing)
 *fill*         0x81014032        0x2 
 .rodata.str1.4
                0x81014034      0x154 binaries/tftp.o
                                0x158 (size before relaxing)
 .rodata        0x81014188       0xfc binaries/shell.o
                0x81014188                cmdtab
 .rodata.str1.4
                0x81014284      0x2e6 binaries/shell.o
                                0x2f0 (size before relaxing)
 *fill*         0x8101456a        0x2 
 .rodata.str1.4
                0x8101456c       0x29 binaries/xsh_argecho.o
                                 0x30 (size before relaxing)
 *fill*         0x81014595        0x3 
 .rodata.str1.4
                0x81014598      0x13e binaries/xsh_arp.o
                                0x144 (size before relaxing)
 *fill*         0x810146d6        0x2 
 .rodata.str1.4
                0x810146d8       0x81 binaries/xsh_cat.o
                                 0xd4 (size before relaxing)
 *fill*         0x81014759        0x3 
 .rodata.str1.4
                0x8101475c       0x19 binaries/xsh_clear.o
                                 0x1c (size before relaxing)
 *fill*         0x81014775        0x3 
 .rodata.str1.4
                0x81014778      0x1af binaries/xsh_date.o
                                0x1cc (size before relaxing)
 *fill*         0x81014927        0x1 
 .rodata.str1.4
                0x81014928       0x61 binaries/xsh_devdump.o
                                 0x64 (size before relaxing)
 *fill*         0x81014989        0x3 
 .rodata.str1.4
                0x8101498c        0x8 binaries/xsh_echo.o
                                  0xc (size before relaxing)
 .rodata.str1.4
                0x81014994       0xe7 binaries/xsh_help.o
                                0x17c (size before relaxing)
 *fill*         0x81014a7b        0x1 
 .rodata.str1.4
                0x81014a7c       0xc8 binaries/xsh_kill.o
                                0x138 (size before relaxing)
 .rodata.str1.4
                0x81014b44      0x226 binaries/xsh_memdump.o
                                0x27c (size before relaxing)
 *fill*         0x81014d6a        0x2 
 .rodata.str1.4
                0x81014d6c      0x1cc binaries/xsh_memstat.o
                                0x234 (size before relaxing)
 .rodata.str1.4
                0x81014f38      0x10f binaries/xsh_netinfo.o
                                0x1cc (size before relaxing)
 *fill*         0x81015047        0x1 
 .rodata.str1.4
                0x81015048      0x13f binaries/xsh_ping.o
                                0x1b4 (size before relaxing)
 *fill*         0x81015187        0x1 
 .rodata        0x81015188       0x20 binaries/xsh_ps.o
 .rodata.str1.4
                0x810151a8      0x11a binaries/xsh_ps.o
                                0x1d4 (size before relaxing)
 *fill*         0x810152c2        0x2 
 .rodata.str1.4
                0x810152c4       0x5e binaries/xsh_sleep.o
                                 0xf8 (size before relaxing)
 *fill*         0x81015322        0x2 
 .rodata        0x81015324        0xc binaries/xsh_udpdump.o
 .rodata.str1.4
                0x81015330      0x122 binaries/xsh_udpdump.o
                                0x1e0 (size before relaxing)
 *fill*         0x81015452        0x2 
 .rodata.str1.4
                0x81015454      0x1ae binaries/xsh_udpecho.o
                                0x224 (size before relaxing)
 *fill*         0x81015602        0x2 
 .rodata.str1.4
                0x81015604       0x97 binaries/xsh_udpserver.o
                                0x13c (size before relaxing)
 *fill*         0x8101569b        0x1 
 .rodata.str1.4
                0x8101569c       0x78 binaries/xsh_uptime.o
                                0x114 (size before relaxing)
                0x81015714                etext = ABSOLUTE (.)
                0x81016000                . = ALIGN (0x1000)
 *fill*         0x81015714      0x8ec 

.glue_7         0x81016000        0x0
 .glue_7        0x00000000        0x0 linker stubs

.glue_7t        0x81016000        0x0
 .glue_7t       0x00000000        0x0 linker stubs

.vfp11_veneer   0x81016000        0x0
 .vfp11_veneer  0x00000000        0x0 linker stubs

.v4_bx          0x81016000        0x0
 .v4_bx         0x00000000        0x0 linker stubs

.iplt           0x81016000        0x0
 .iplt          0x00000000        0x0 binaries/start.o

.rel.dyn        0x81016000        0x0
 .rel.iplt      0x00000000        0x0 binaries/start.o

.data           0x81016000     0x1000
                0x81016000                data = ABSOLUTE (.)
 *(.data .data.*)
 .data          0x81016000        0x0 binaries/start.o
 .data          0x81016000       0x88 binaries/ascdate.o
                0x81016000                Date
 .data          0x81016088        0x0 binaries/bufinit.o
 .data          0x81016088        0x0 binaries/chprio.o
 .data          0x81016088        0x0 binaries/clkhandler.o
 .data          0x81016088        0x0 binaries/clkinit.o
 .data          0x81016088        0x0 binaries/close.o
 .data          0x81016088      0x708 binaries/conf.o
                0x81016088                devtab
 .data          0x81016790        0x0 binaries/control.o
 .data          0x81016790        0x4 binaries/create.o
 .data          0x81016794       0x40 binaries/evec.o
                0x81016794                expmsg2
                0x810167a8                expmsg1
 .data          0x810167d4        0x0 binaries/exit.o
 .data          0x810167d4        0x0 binaries/freebuddy.o
 .data          0x810167d4        0x0 binaries/freebuf.o
 .data          0x810167d4        0x0 binaries/freemem.o
 .data          0x810167d4        0x0 binaries/getbuddy.o
 .data          0x810167d4        0x0 binaries/getbuf.o
 .data          0x810167d4        0x0 binaries/getc.o
 .data          0x810167d4        0x0 binaries/getdev.o
 .data          0x810167d4        0x0 binaries/getitem.o
 .data          0x810167d4        0x0 binaries/getmem.o
 .data          0x810167d4        0x0 binaries/getpid.o
 .data          0x810167d4        0x0 binaries/getprio.o
 .data          0x810167d4        0x0 binaries/getstk.o
 .data          0x810167d4        0x0 binaries/getticks.o
 .data          0x810167d4        0x0 binaries/gettime.o
 .data          0x810167d4        0x0 binaries/getutime.o
 .data          0x810167d4        0x0 binaries/init.o
 .data          0x810167d4        0x0 binaries/initialize.o
 .data          0x810167d4        0x0 binaries/insert.o
 .data          0x810167d4        0x0 binaries/insertd.o
 .data          0x810167d4        0x0 binaries/ioerr.o
 .data          0x810167d4        0x0 binaries/ionull.o
 .data          0x810167d4        0x0 binaries/kill.o
 .data          0x810167d4        0x0 binaries/kprintf.o
 .data          0x810167d4        0x0 binaries/main.o
 .data          0x810167d4        0x0 binaries/mark.o
 .data          0x810167d4        0x0 binaries/meminit.o
 .data          0x810167d4        0x0 binaries/mkbufpool.o
 .data          0x810167d4        0x2 binaries/newqueue.o
 .data          0x810167d6        0x0 binaries/open.o
 .data          0x810167d6        0x0 binaries/panic.o
 .data          0x810167d6        0x0 binaries/platinit.o
 .data          0x810167d6        0x0 binaries/pow.o
 .data          0x810167d6        0x0 binaries/ptclear.o
 .data          0x810167d6        0x0 binaries/ptcount.o
 .data          0x810167d6        0x0 binaries/ptcreate.o
 .data          0x810167d6        0x0 binaries/ptdelete.o
 .data          0x810167d6        0x0 binaries/ptinit.o
 .data          0x810167d6        0x0 binaries/ptrecv.o
 .data          0x810167d6        0x0 binaries/ptreset.o
 .data          0x810167d6        0x0 binaries/ptsend.o
 .data          0x810167d6        0x0 binaries/putc.o
 .data          0x810167d6        0x0 binaries/queue.o
 .data          0x810167d6        0x0 binaries/read.o
 .data          0x810167d6        0x0 binaries/ready.o
 .data          0x810167d6        0x0 binaries/receive.o
 .data          0x810167d6        0x0 binaries/recvclr.o
 .data          0x810167d6        0x0 binaries/recvtime.o
 .data          0x810167d6        0x0 binaries/resched.o
 .data          0x810167d6        0x0 binaries/resume.o
 .data          0x810167d6        0x0 binaries/seek.o
 .data          0x810167d6        0x0 binaries/semcount.o
 .data          0x810167d6        0x0 binaries/semcreate.o
 .data          0x810167d6        0x0 binaries/semdelete.o
 .data          0x810167d6        0x0 binaries/semreset.o
 .data          0x810167d6        0x0 binaries/send.o
 .data          0x810167d6        0x0 binaries/signal.o
 .data          0x810167d6        0x0 binaries/signaln.o
 .data          0x810167d6        0x0 binaries/sleep.o
 .data          0x810167d6        0x0 binaries/suspend.o
 .data          0x810167d6        0x0 binaries/unsleep.o
 .data          0x810167d6        0x0 binaries/userret.o
 .data          0x810167d6        0x0 binaries/wait.o
 .data          0x810167d6        0x0 binaries/wakeup.o
 .data          0x810167d6        0x0 binaries/write.o
 .data          0x810167d6        0x0 binaries/xdone.o
 .data          0x810167d6        0x0 binaries/yield.o
 .data          0x810167d6        0x0 binaries/abs.o
 .data          0x810167d6        0x0 binaries/atoi.o
 .data          0x810167d6        0x0 binaries/atol.o
 .data          0x810167d6        0x0 binaries/bzero.o
 .data          0x810167d6        0x0 binaries/ctype_.o
 .data          0x810167d6        0x0 binaries/doprnt.o
 *fill*         0x810167d6        0x2 
 .data          0x810167d8       0x80 binaries/doscan.o
                0x810167d8                _sctab
 .data          0x81016858        0x0 binaries/fdoprnt.o
 .data          0x81016858        0x0 binaries/fgetc.o
 .data          0x81016858        0x0 binaries/fgets.o
 .data          0x81016858        0x0 binaries/fprintf.o
 .data          0x81016858        0x0 binaries/fputc.o
 .data          0x81016858        0x0 binaries/fputs.o
 .data          0x81016858        0x0 binaries/fscanf.o
 .data          0x81016858        0x0 binaries/getchar.o
 .data          0x81016858        0x0 binaries/labs.o
 .data          0x81016858        0x0 binaries/memchr.o
 .data          0x81016858        0x0 binaries/memcmp.o
 .data          0x81016858        0x0 binaries/memcpy.o
 .data          0x81016858        0x0 binaries/memset.o
 .data          0x81016858        0x0 binaries/printf.o
 .data          0x81016858        0x0 binaries/putchar.o
 .data          0x81016858        0x0 binaries/qsort.o
 .data          0x81016858        0x4 binaries/rand.o
 .data          0x8101685c        0x0 binaries/sprintf.o
 .data          0x8101685c        0x0 binaries/sscanf.o
 .data          0x8101685c        0x0 binaries/strchr.o
 .data          0x8101685c        0x0 binaries/strcmp.o
 .data          0x8101685c        0x0 binaries/strcpy.o
 .data          0x8101685c        0x0 binaries/strlen.o
 .data          0x8101685c        0x0 binaries/strncat.o
 .data          0x8101685c        0x0 binaries/strncmp.o
 .data          0x8101685c        0x0 binaries/strncpy.o
 .data          0x8101685c        0x0 binaries/strnlen.o
 .data          0x8101685c        0x0 binaries/strrchr.o
 .data          0x8101685c        0x0 binaries/strstr.o
 .data          0x8101685c        0x0 binaries/ttycontrol.o
 .data          0x8101685c        0x0 binaries/ttygetc.o
 .data          0x8101685c        0x0 binaries/ttyhandle_in.o
 .data          0x8101685c        0x0 binaries/ttyhandle_out.o
 .data          0x8101685c        0x0 binaries/ttyhandler.o
 .data          0x8101685c        0x0 binaries/ttyinit.o
 .data          0x8101685c        0x0 binaries/ttykickout.o
 .data          0x8101685c        0x0 binaries/ttyputc.o
 .data          0x8101685c        0x0 binaries/ttyread.o
 .data          0x8101685c        0x0 binaries/ttywrite.o
 .data          0x8101685c        0x0 binaries/mount.o
 .data          0x8101685c        0x0 binaries/naminit.o
 .data          0x8101685c        0x0 binaries/nammap.o
 .data          0x8101685c        0x0 binaries/namopen.o
 .data          0x8101685c        0x0 binaries/ethcontrol.o
 .data          0x8101685c        0x0 binaries/ethhandler.o
 .data          0x8101685c        0x0 binaries/ethinit.o
 .data          0x8101685c        0x0 binaries/ethread.o
 .data          0x8101685c        0x0 binaries/ethwrite.o
 .data          0x8101685c        0x0 binaries/rdsbufalloc.o
 .data          0x8101685c        0x0 binaries/rdsclose.o
 .data          0x8101685c        0x0 binaries/rdscomm.o
 .data          0x8101685c        0x0 binaries/rdscontrol.o
 .data          0x8101685c        0x0 binaries/rdsinit.o
 .data          0x8101685c        0x0 binaries/rdsopen.o
 .data          0x8101685c        0x0 binaries/rdsprocess.o
 .data          0x8101685c        0x0 binaries/rdsread.o
 .data          0x8101685c        0x0 binaries/rdswrite.o
 .data          0x8101685c        0x0 binaries/ramclose.o
 .data          0x8101685c        0x0 binaries/raminit.o
 .data          0x8101685c        0x0 binaries/ramopen.o
 .data          0x8101685c        0x0 binaries/ramread.o
 .data          0x8101685c        0x0 binaries/ramwrite.o
 .data          0x8101685c        0x0 binaries/lfdballoc.o
 .data          0x8101685c        0x0 binaries/lfdbfree.o
 .data          0x8101685c        0x0 binaries/lfflush.o
 .data          0x8101685c        0x0 binaries/lfgetmode.o
 .data          0x8101685c        0x0 binaries/lfiballoc.o
 .data          0x8101685c        0x0 binaries/lfibclear.o
 .data          0x8101685c        0x0 binaries/lfibget.o
 .data          0x8101685c        0x0 binaries/lfibput.o
 .data          0x8101685c        0x0 binaries/lflclose.o
 .data          0x8101685c        0x0 binaries/lflcontrol.o
 .data          0x8101685c        0x0 binaries/lflgetc.o
 .data          0x8101685c        0x0 binaries/lflinit.o
 .data          0x8101685c        0x0 binaries/lflputc.o
 .data          0x8101685c        0x0 binaries/lflread.o
 .data          0x8101685c        0x0 binaries/lflseek.o
 .data          0x8101685c        0x0 binaries/lflwrite.o
 .data          0x8101685c        0x0 binaries/lfscheck.o
 .data          0x8101685c        0x0 binaries/lfsckfmt.o
 .data          0x8101685c        0x0 binaries/lfscreate.o
 .data          0x8101685c        0x0 binaries/lfsetup.o
 .data          0x8101685c        0x0 binaries/lfsinit.o
 .data          0x8101685c        0x0 binaries/lfsopen.o
 .data          0x8101685c        0x0 binaries/lftruncate.o
 .data          0x8101685c        0x0 binaries/rflclose.o
 .data          0x8101685c        0x0 binaries/rflgetc.o
 .data          0x8101685c        0x0 binaries/rflinit.o
 .data          0x8101685c        0x0 binaries/rflputc.o
 .data          0x8101685c        0x0 binaries/rflread.o
 .data          0x8101685c        0x0 binaries/rflseek.o
 .data          0x8101685c        0x0 binaries/rflwrite.o
 .data          0x8101685c        0x0 binaries/rfscomm.o
 .data          0x8101685c        0x0 binaries/rfscontrol.o
 .data          0x8101685c        0x0 binaries/rfsgetmode.o
 .data          0x8101685c        0x0 binaries/rfsinit.o
 .data          0x8101685c        0x0 binaries/rfsndmsg.o
 .data          0x8101685c        0x0 binaries/rfsopen.o
 .data          0x8101685c        0x0 binaries/spicontrol.o
 .data          0x8101685c        0x0 binaries/spiinit.o
 .data          0x8101685c        0x0 binaries/gpiocontrol.o
 .data          0x8101685c        0x0 binaries/gpiohandler.o
 .data          0x8101685c        0x0 binaries/gpioinit.o
 .data          0x8101685c        0x0 binaries/gpioread.o
 .data          0x8101685c        0x0 binaries/gpioselect.o
 .data          0x8101685c        0x0 binaries/gpiowrite.o
 .data          0x8101685c        0x0 binaries/arp.o
 .data          0x8101685c        0x0 binaries/dhcp.o
 .data          0x8101685c        0x0 binaries/dns.o
 .data          0x8101685c        0x0 binaries/dot2ip.o
 .data          0x8101685c        0x0 binaries/hexdump.o
 .data          0x8101685c        0x4 binaries/icmp.o
 .data          0x81016860        0x0 binaries/ip.o
 .data          0x81016860        0x0 binaries/net.o
 .data          0x81016860        0x0 binaries/pdump.o
 .data          0x81016860        0x0 binaries/tftp.o
 .data          0x81016860        0x4 binaries/udp.o
 .data          0x81016864        0x0 binaries/addargs.o
 .data          0x81016864        0x0 binaries/lexan.o
 .data          0x81016864        0x4 binaries/shell.o
                0x81016864                ncmd
 .data          0x81016868        0x0 binaries/xsh_argecho.o
 .data          0x81016868        0x0 binaries/xsh_arp.o
 .data          0x81016868        0x0 binaries/xsh_cat.o
 .data          0x81016868        0x0 binaries/xsh_clear.o
 .data          0x81016868        0x0 binaries/xsh_date.o
 .data          0x81016868        0x0 binaries/xsh_devdump.o
 .data          0x81016868        0x0 binaries/xsh_echo.o
 .data          0x81016868        0x0 binaries/xsh_exit.o
 .data          0x81016868        0x0 binaries/xsh_help.o
 .data          0x81016868        0x0 binaries/xsh_kill.o
 .data          0x81016868        0x0 binaries/xsh_memdump.o
 .data          0x81016868        0x0 binaries/xsh_memstat.o
 .data          0x81016868        0x0 binaries/xsh_netinfo.o
 .data          0x81016868        0x0 binaries/xsh_ping.o
 .data          0x81016868        0x0 binaries/xsh_ps.o
 .data          0x81016868        0x0 binaries/xsh_sleep.o
 .data          0x81016868        0x0 binaries/xsh_udpdump.o
 .data          0x81016868        0x0 binaries/xsh_udpecho.o
 .data          0x81016868        0x0 binaries/xsh_udpserver.o
 .data          0x81016868        0x0 binaries/xsh_uptime.o
 .data          0x81016868        0x0 binaries/ctxsw.o
 .data          0x81016868        0x0 binaries/intr.o
 .data          0x81016868        0x0 /homes/cs354/bin/cross_compiler/lib/gcc/arm-none-eabi/4.8.1//libgcc.a(_udivsi3.o)
 .data          0x81016868        0x0 /homes/cs354/bin/cross_compiler/lib/gcc/arm-none-eabi/4.8.1//libgcc.a(_divsi3.o)
 .data          0x81016868        0x0 /homes/cs354/bin/cross_compiler/lib/gcc/arm-none-eabi/4.8.1//libgcc.a(_dvmd_tls.o)
 .data          0x81016868        0x0 /homes/cs354/bin/cross_compiler/lib/gcc/arm-none-eabi/4.8.1//libgcc.a(_arm_muldivdf3.o)
 .data          0x81016868        0x0 /homes/cs354/bin/cross_compiler/lib/gcc/arm-none-eabi/4.8.1//libgcc.a(_arm_cmpdf2.o)
 .data          0x81016868        0x0 /homes/cs354/bin/cross_compiler/lib/gcc/arm-none-eabi/4.8.1//libgcc.a(_arm_fixdfsi.o)
                0x81016868                edata = ABSOLUTE (.)
                0x81017000                . = ALIGN (0x1000)
 *fill*         0x81016868      0x798 

.igot.plt       0x81017000        0x0
 .igot.plt      0x00000000        0x0 binaries/start.o

.bss            0x81017000    0x20000
                0x81017000                bss = ABSOLUTE (.)
 *(.bss .bss.*)
 .bss           0x81017000        0x0 binaries/start.o
 .bss           0x81017000        0x0 binaries/ascdate.o
 .bss           0x81017000        0x0 binaries/bufinit.o
 .bss           0x81017000        0x0 binaries/chprio.o
 .bss           0x81017000        0x0 binaries/clkhandler.o
 .bss           0x81017000        0x0 binaries/clkinit.o
 .bss           0x81017000        0x0 binaries/close.o
 .bss           0x81017000        0x0 binaries/conf.o
 .bss           0x81017000        0x0 binaries/control.o
 .bss           0x81017000        0x0 binaries/create.o
 .bss           0x81017000        0x0 binaries/evec.o
 .bss           0x81017000        0x0 binaries/exit.o
 .bss           0x81017000        0x0 binaries/freebuddy.o
 .bss           0x81017000        0x0 binaries/freebuf.o
 .bss           0x81017000        0x0 binaries/freemem.o
 .bss           0x81017000        0x0 binaries/getbuddy.o
 .bss           0x81017000        0x0 binaries/getbuf.o
 .bss           0x81017000        0x0 binaries/getc.o
 .bss           0x81017000        0x0 binaries/getdev.o
 .bss           0x81017000        0x0 binaries/getitem.o
 .bss           0x81017000        0x0 binaries/getmem.o
 .bss           0x81017000        0x0 binaries/getpid.o
 .bss           0x81017000        0x0 binaries/getprio.o
 .bss           0x81017000        0x0 binaries/getstk.o
 .bss           0x81017000        0x0 binaries/getticks.o
 .bss           0x81017000        0x0 binaries/gettime.o
 .bss           0x81017000        0x0 binaries/getutime.o
 .bss           0x81017000        0x0 binaries/init.o
 .bss           0x81017000        0x0 binaries/initialize.o
 .bss           0x81017000        0x0 binaries/insert.o
 .bss           0x81017000        0x0 binaries/insertd.o
 .bss           0x81017000        0x0 binaries/ioerr.o
 .bss           0x81017000        0x0 binaries/ionull.o
 .bss           0x81017000        0x0 binaries/kill.o
 .bss           0x81017000        0x0 binaries/kprintf.o
 .bss           0x81017000        0x0 binaries/main.o
 .bss           0x81017000        0x0 binaries/mark.o
 .bss           0x81017000        0x0 binaries/meminit.o
 .bss           0x81017000        0x0 binaries/mkbufpool.o
 .bss           0x81017000        0x0 binaries/newqueue.o
 .bss           0x81017000        0x0 binaries/open.o
 .bss           0x81017000        0x0 binaries/panic.o
 .bss           0x81017000        0x0 binaries/platinit.o
 .bss           0x81017000        0x0 binaries/pow.o
 .bss           0x81017000        0x0 binaries/ptclear.o
 .bss           0x81017000        0x0 binaries/ptcount.o
 .bss           0x81017000        0x0 binaries/ptcreate.o
 .bss           0x81017000        0x0 binaries/ptdelete.o
 .bss           0x81017000        0x0 binaries/ptinit.o
 .bss           0x81017000        0x0 binaries/ptrecv.o
 .bss           0x81017000        0x0 binaries/ptreset.o
 .bss           0x81017000        0x0 binaries/ptsend.o
 .bss           0x81017000        0x0 binaries/putc.o
 .bss           0x81017000        0x0 binaries/queue.o
 .bss           0x81017000        0x0 binaries/read.o
 .bss           0x81017000        0x0 binaries/ready.o
 .bss           0x81017000        0x0 binaries/receive.o
 .bss           0x81017000        0x0 binaries/recvclr.o
 .bss           0x81017000        0x0 binaries/recvtime.o
 .bss           0x81017000        0x0 binaries/resched.o
 .bss           0x81017000        0x0 binaries/resume.o
 .bss           0x81017000        0x0 binaries/seek.o
 .bss           0x81017000        0x0 binaries/semcount.o
 .bss           0x81017000        0x4 binaries/semcreate.o
 .bss           0x81017004        0x0 binaries/semdelete.o
 .bss           0x81017004        0x0 binaries/semreset.o
 .bss           0x81017004        0x0 binaries/send.o
 .bss           0x81017004        0x0 binaries/signal.o
 .bss           0x81017004        0x0 binaries/signaln.o
 .bss           0x81017004        0x0 binaries/sleep.o
 .bss           0x81017004        0x0 binaries/suspend.o
 .bss           0x81017004        0x0 binaries/unsleep.o
 .bss           0x81017004        0x0 binaries/userret.o
 .bss           0x81017004        0x0 binaries/wait.o
 .bss           0x81017004        0x0 binaries/wakeup.o
 .bss           0x81017004        0x0 binaries/write.o
 .bss           0x81017004        0x0 binaries/xdone.o
 .bss           0x81017004        0x0 binaries/yield.o
 .bss           0x81017004        0x0 binaries/abs.o
 .bss           0x81017004        0x0 binaries/atoi.o
 .bss           0x81017004        0x0 binaries/atol.o
 .bss           0x81017004        0x0 binaries/bzero.o
 .bss           0x81017004        0x0 binaries/ctype_.o
 .bss           0x81017004        0x0 binaries/doprnt.o
 .bss           0x81017004        0x0 binaries/doscan.o
 .bss           0x81017004        0x0 binaries/fdoprnt.o
 .bss           0x81017004        0x0 binaries/fgetc.o
 .bss           0x81017004        0x0 binaries/fgets.o
 .bss           0x81017004        0x0 binaries/fprintf.o
 .bss           0x81017004        0x0 binaries/fputc.o
 .bss           0x81017004        0x0 binaries/fputs.o
 .bss           0x81017004        0x0 binaries/fscanf.o
 .bss           0x81017004        0x0 binaries/getchar.o
 .bss           0x81017004        0x0 binaries/labs.o
 .bss           0x81017004        0x0 binaries/memchr.o
 .bss           0x81017004        0x0 binaries/memcmp.o
 .bss           0x81017004        0x0 binaries/memcpy.o
 .bss           0x81017004        0x0 binaries/memset.o
 .bss           0x81017004        0x0 binaries/printf.o
 .bss           0x81017004        0x0 binaries/putchar.o
 .bss           0x81017004        0x8 binaries/qsort.o
 .bss           0x8101700c        0x0 binaries/rand.o
 .bss           0x8101700c        0x0 binaries/sprintf.o
 .bss           0x8101700c        0x0 binaries/sscanf.o
 .bss           0x8101700c        0x0 binaries/strchr.o
 .bss           0x8101700c        0x0 binaries/strcmp.o
 .bss           0x8101700c        0x0 binaries/strcpy.o
 .bss           0x8101700c        0x0 binaries/strlen.o
 .bss           0x8101700c        0x0 binaries/strncat.o
 .bss           0x8101700c        0x0 binaries/strncmp.o
 .bss           0x8101700c        0x0 binaries/strncpy.o
 .bss           0x8101700c        0x0 binaries/strnlen.o
 .bss           0x8101700c        0x0 binaries/strrchr.o
 .bss           0x8101700c        0x0 binaries/strstr.o
 .bss           0x8101700c        0x0 binaries/ttycontrol.o
 .bss           0x8101700c        0x0 binaries/ttygetc.o
 .bss           0x8101700c        0x0 binaries/ttyhandle_in.o
 .bss           0x8101700c        0x0 binaries/ttyhandle_out.o
 .bss           0x8101700c        0x0 binaries/ttyhandler.o
 .bss           0x8101700c        0x0 binaries/ttyinit.o
 .bss           0x8101700c        0x0 binaries/ttykickout.o
 .bss           0x8101700c        0x0 binaries/ttyputc.o
 .bss           0x8101700c        0x0 binaries/ttyread.o
 .bss           0x8101700c        0x0 binaries/ttywrite.o
 .bss           0x8101700c        0x0 binaries/mount.o
 .bss           0x8101700c        0x0 binaries/naminit.o
 .bss           0x8101700c        0x0 binaries/nammap.o
 .bss           0x8101700c        0x0 binaries/namopen.o
 .bss           0x8101700c        0x0 binaries/ethcontrol.o
 .bss           0x8101700c        0x0 binaries/ethhandler.o
 .bss           0x8101700c        0x0 binaries/ethinit.o
 .bss           0x8101700c        0x0 binaries/ethread.o
 .bss           0x8101700c        0x0 binaries/ethwrite.o
 .bss           0x8101700c        0x0 binaries/rdsbufalloc.o
 .bss           0x8101700c        0x0 binaries/rdsclose.o
 .bss           0x8101700c        0x0 binaries/rdscomm.o
 .bss           0x8101700c        0x0 binaries/rdscontrol.o
 .bss           0x8101700c        0x0 binaries/rdsinit.o
 .bss           0x8101700c        0x0 binaries/rdsopen.o
 .bss           0x8101700c        0x0 binaries/rdsprocess.o
 .bss           0x8101700c        0x0 binaries/rdsread.o
 .bss           0x8101700c        0x0 binaries/rdswrite.o
 .bss           0x8101700c        0x0 binaries/ramclose.o
 .bss           0x8101700c        0x0 binaries/raminit.o
 .bss           0x8101700c        0x0 binaries/ramopen.o
 .bss           0x8101700c        0x0 binaries/ramread.o
 .bss           0x8101700c        0x0 binaries/ramwrite.o
 .bss           0x8101700c        0x0 binaries/lfdballoc.o
 .bss           0x8101700c        0x0 binaries/lfdbfree.o
 .bss           0x8101700c        0x0 binaries/lfflush.o
 .bss           0x8101700c        0x0 binaries/lfgetmode.o
 .bss           0x8101700c        0x0 binaries/lfiballoc.o
 .bss           0x8101700c        0x0 binaries/lfibclear.o
 .bss           0x8101700c        0x0 binaries/lfibget.o
 .bss           0x8101700c        0x0 binaries/lfibput.o
 .bss           0x8101700c        0x0 binaries/lflclose.o
 .bss           0x8101700c        0x0 binaries/lflcontrol.o
 .bss           0x8101700c        0x0 binaries/lflgetc.o
 .bss           0x8101700c        0x0 binaries/lflinit.o
 .bss           0x8101700c        0x0 binaries/lflputc.o
 .bss           0x8101700c        0x0 binaries/lflread.o
 .bss           0x8101700c        0x0 binaries/lflseek.o
 .bss           0x8101700c        0x0 binaries/lflwrite.o
 .bss           0x8101700c        0x0 binaries/lfscheck.o
 .bss           0x8101700c        0x0 binaries/lfsckfmt.o
 .bss           0x8101700c        0x0 binaries/lfscreate.o
 .bss           0x8101700c        0x0 binaries/lfsetup.o
 .bss           0x8101700c        0x0 binaries/lfsinit.o
 .bss           0x8101700c        0x0 binaries/lfsopen.o
 .bss           0x8101700c        0x0 binaries/lftruncate.o
 .bss           0x8101700c        0x0 binaries/rflclose.o
 .bss           0x8101700c        0x0 binaries/rflgetc.o
 .bss           0x8101700c        0x0 binaries/rflinit.o
 .bss           0x8101700c        0x0 binaries/rflputc.o
 .bss           0x8101700c        0x0 binaries/rflread.o
 .bss           0x8101700c        0x0 binaries/rflseek.o
 .bss           0x8101700c        0x0 binaries/rflwrite.o
 .bss           0x8101700c        0x0 binaries/rfscomm.o
 .bss           0x8101700c        0x0 binaries/rfscontrol.o
 .bss           0x8101700c        0x0 binaries/rfsgetmode.o
 .bss           0x8101700c        0x0 binaries/rfsinit.o
 .bss           0x8101700c        0x0 binaries/rfsndmsg.o
 .bss           0x8101700c        0x0 binaries/rfsopen.o
 .bss           0x8101700c        0x0 binaries/spicontrol.o
 .bss           0x8101700c        0x0 binaries/spiinit.o
 .bss           0x8101700c        0x0 binaries/gpiocontrol.o
 .bss           0x8101700c        0x0 binaries/gpiohandler.o
 .bss           0x8101700c        0x0 binaries/gpioinit.o
 .bss           0x8101700c        0x0 binaries/gpioread.o
 .bss           0x8101700c        0x0 binaries/gpioselect.o
 .bss           0x8101700c        0x0 binaries/gpiowrite.o
 .bss           0x8101700c        0x0 binaries/arp.o
 .bss           0x8101700c        0x0 binaries/dhcp.o
 .bss           0x8101700c        0x0 binaries/dns.o
 .bss           0x8101700c        0x0 binaries/dot2ip.o
 .bss           0x8101700c        0x0 binaries/hexdump.o
 .bss           0x8101700c        0x0 binaries/icmp.o
 .bss           0x8101700c        0x0 binaries/ip.o
 .bss           0x8101700c        0x0 binaries/net.o
 .bss           0x8101700c        0x0 binaries/pdump.o
 .bss           0x8101700c        0x0 binaries/tftp.o
 .bss           0x8101700c        0x0 binaries/udp.o
 .bss           0x8101700c        0x0 binaries/addargs.o
 .bss           0x8101700c        0x0 binaries/lexan.o
 .bss           0x8101700c        0x0 binaries/shell.o
 .bss           0x8101700c        0x0 binaries/xsh_argecho.o
 .bss           0x8101700c        0x0 binaries/xsh_arp.o
 .bss           0x8101700c        0x0 binaries/xsh_cat.o
 .bss           0x8101700c        0x0 binaries/xsh_clear.o
 .bss           0x8101700c        0x0 binaries/xsh_date.o
 .bss           0x8101700c        0x0 binaries/xsh_devdump.o
 .bss           0x8101700c        0x0 binaries/xsh_echo.o
 .bss           0x8101700c        0x0 binaries/xsh_exit.o
 .bss           0x8101700c        0x0 binaries/xsh_help.o
 .bss           0x8101700c        0x0 binaries/xsh_kill.o
 .bss           0x8101700c        0x0 binaries/xsh_memdump.o
 .bss           0x8101700c        0x0 binaries/xsh_memstat.o
 .bss           0x8101700c        0x0 binaries/xsh_netinfo.o
 .bss           0x8101700c        0x4 binaries/xsh_ping.o
 .bss           0x81017010        0x0 binaries/xsh_ps.o
 .bss           0x81017010        0x0 binaries/xsh_sleep.o
 .bss           0x81017010        0x0 binaries/xsh_udpdump.o
 .bss           0x81017010        0x0 binaries/xsh_udpecho.o
 .bss           0x81017010        0x0 binaries/xsh_udpserver.o
 .bss           0x81017010        0x0 binaries/xsh_uptime.o
 .bss           0x81017010        0x0 binaries/ctxsw.o
 .bss           0x81017010        0x0 binaries/intr.o
 .bss           0x81017010        0x0 /homes/cs354/bin/cross_compiler/lib/gcc/arm-none-eabi/4.8.1//libgcc.a(_udivsi3.o)
 .bss           0x81017010        0x0 /homes/cs354/bin/cross_compiler/lib/gcc/arm-none-eabi/4.8.1//libgcc.a(_divsi3.o)
 .bss           0x81017010        0x0 /homes/cs354/bin/cross_compiler/lib/gcc/arm-none-eabi/4.8.1//libgcc.a(_dvmd_tls.o)
 .bss           0x81017010        0x0 /homes/cs354/bin/cross_compiler/lib/gcc/arm-none-eabi/4.8.1//libgcc.a(_arm_muldivdf3.o)
 .bss           0x81017010        0x0 /homes/cs354/bin/cross_compiler/lib/gcc/arm-none-eabi/4.8.1//libgcc.a(_arm_cmpdf2.o)
 .bss           0x81017010        0x0 /homes/cs354/bin/cross_compiler/lib/gcc/arm-none-eabi/4.8.1//libgcc.a(_arm_fixdfsi.o)
 *(COMMON)
 COMMON         0x81017010       0xf4 binaries/bufinit.o
                0x81017010                buftab
                0x81017100                nbpools
 COMMON         0x81017104       0x10 binaries/clkinit.o
                0x81017104                sleepq
                0x81017108                preempt
                0x8101710c                count1000
                0x81017110                clktime
 COMMON         0x81017114      0x200 binaries/evec.o
                0x81017114                intc_vector
 COMMON         0x81017314     0x1ba8 binaries/initialize.o
                0x81017314                buddy1
                0x81017324                buddy10
                0x81017334                buddy6
                0x81017344                currpid
                0x81017348                buddy8
                0x81017358                proctab
                0x81018938                prcount
                0x8101893c                buddy3
                0x8101894c                buddy4
                0x8101895c                buddy0
                0x8101896c                buddy7
                0x8101897c                buddy13
                0x8101898c                semtab
                0x81018e3c                buddy11
                0x81018e4c                buddy12
                0x81018e5c                buddy15
                0x81018e6c                buddy9
                0x81018e7c                buddy14
                0x81018e8c                buddy2
                0x81018e9c                memlist
                0x81018eac                buddy5
 COMMON         0x81018ebc       0x58 binaries/mark.o
                0x81018ebc                marks
                0x81018f0c                nmarks
                0x81018f10                mkmutex
 COMMON         0x81018f14      0x110 binaries/meminit.o
                0x81018f14                minheap
                0x81018f18                maxheap
                0x81018f1c                freelists
                0x8101901c                maxbuddy
                0x81019020                minbuddy
 COMMON         0x81019024      0x2d8 binaries/ptinit.o
                0x81019024                porttab
                0x810192f4                ptnextid
                0x810192f8                ptfree
 COMMON         0x810192fc      0x980 binaries/queue.o
                0x810192fc                queuetab
 COMMON         0x81019c7c        0x2 binaries/ready.o
                0x81019c7c                readylist
 *fill*         0x81019c7e        0x2 
 COMMON         0x81019c80        0x8 binaries/resched.o
                0x81019c80                Defer
 COMMON         0x81019c88      0x110 binaries/ttyinit.o
                0x81019c88                ttytab
 COMMON         0x81019d98     0x19a4 binaries/naminit.o
                0x81019d98                nnames
                0x81019d9c                nametab
 COMMON         0x8101b73c      0x154 binaries/ethinit.o
                0x8101b73c                eth_a_regs
                0x8101b758                ethertab
 COMMON         0x8101b890       0x8c binaries/rdsinit.o
                0x8101b890                rdstab
 COMMON         0x8101b91c    0x19000 binaries/raminit.o
                0x8101b91c                Ram
 COMMON         0x8103491c      0xf00 binaries/lflinit.o
                0x8103491c                lfltab
 COMMON         0x8103581c      0x20c binaries/lfsinit.o
                0x8103581c                Lf_data
 COMMON         0x81035a28      0x5a0 binaries/rflinit.o
                0x81035a28                rfltab
 COMMON         0x81035fc8       0x18 binaries/rfsinit.o
                0x81035fc8                Rf_data
 COMMON         0x81035fe0       0x10 binaries/gpioinit.o
                0x81035fe0                gpiotab
 COMMON         0x81035ff0      0x140 binaries/arp.o
                0x81035ff0                arpcache
 COMMON         0x81036130      0x230 binaries/icmp.o
                0x81036130                icmptab
 COMMON         0x81036360       0x2c binaries/ip.o
                0x81036360                ipoqueue
 COMMON         0x8103638c       0xb8 binaries/net.o
                0x8103638c                netbufpool
                0x81036390                netportseed
                0x81036394                NetData
 COMMON         0x81036444      0x168 binaries/udp.o
                0x81036444                udptab
                0x810365ac                ebss = ABSOLUTE (.)
                0x81037000                . = ALIGN (0x1000)
 *fill*         0x810365ac      0xa54 
 */()
                0x81037000                end = ABSOLUTE (.)
                0x81037000                _end = ABSOLUTE (.)
                0x81037000                . = ALIGN (0x1000)
LOAD binaries/start.o
LOAD binaries/ascdate.o
LOAD binaries/bufinit.o
LOAD binaries/chprio.o
LOAD binaries/clkhandler.o
LOAD binaries/clkinit.o
LOAD binaries/close.o
LOAD binaries/conf.o
LOAD binaries/control.o
LOAD binaries/create.o
LOAD binaries/evec.o
LOAD binaries/exit.o
LOAD binaries/freebuddy.o
LOAD binaries/freebuf.o
LOAD binaries/freemem.o
LOAD binaries/getbuddy.o
LOAD binaries/getbuf.o
LOAD binaries/getc.o
LOAD binaries/getdev.o
LOAD binaries/getitem.o
LOAD binaries/getmem.o
LOAD binaries/getpid.o
LOAD binaries/getprio.o
LOAD binaries/getstk.o
LOAD binaries/getticks.o
LOAD binaries/gettime.o
LOAD binaries/getutime.o
LOAD binaries/init.o
LOAD binaries/initialize.o
LOAD binaries/insert.o
[...]
 .ARM.attributes
                0x00001e5f       0x35 binaries/lfdballoc.o
 .ARM.attributes
                0x00001e94       0x35 binaries/lfdbfree.o
 .ARM.attributes
                0x00001ec9       0x35 binaries/lfflush.o
 .ARM.attributes
                0x00001efe       0x35 binaries/lfgetmode.o
 .ARM.attributes
                0x00001f33       0x35 binaries/lfiballoc.o
 .ARM.attributes
                0x00001f68       0x35 binaries/lfibclear.o
 .ARM.attributes
                0x00001f9d       0x35 binaries/lfibget.o
 .ARM.attributes
                0x00001fd2       0x35 binaries/lfibput.o
 .ARM.attributes
                0x00002007       0x35 binaries/lflclose.o
 .ARM.attributes
                0x0000203c       0x35 binaries/lflcontrol.o
 .ARM.attributes
                0x00002071       0x35 binaries/lflgetc.o
 .ARM.attributes
                0x000020a6       0x35 binaries/lflinit.o
 .ARM.attributes
                0x000020db       0x35 binaries/lflputc.o
 .ARM.attributes
                0x00002110       0x35 binaries/lflread.o
 .ARM.attributes
                0x00002145       0x35 binaries/lflseek.o
 .ARM.attributes
                0x0000217a       0x35 binaries/lflwrite.o
 .ARM.attributes
                0x000021af       0x35 binaries/lfscheck.o
 .ARM.attributes
                0x000021e4       0x35 binaries/lfsckfmt.o
 .ARM.attributes
                0x00002219       0x35 binaries/lfscreate.o
 .ARM.attributes
                0x0000224e       0x35 binaries/lfsetup.o
 .ARM.attributes
                0x00002283       0x35 binaries/lfsinit.o
 .ARM.attributes
                0x000022b8       0x35 binaries/lfsopen.o
 .ARM.attributes
                0x000022ed       0x35 binaries/lftruncate.o
 .ARM.attributes
                0x00002322       0x35 binaries/rflclose.o
 .ARM.attributes
                0x00002357       0x35 binaries/rflgetc.o
 .ARM.attributes
                0x0000238c       0x35 binaries/rflinit.o
 .ARM.attributes
                0x000023c1       0x35 binaries/rflputc.o
 .ARM.attributes
                0x000023f6       0x35 binaries/rflread.o
 .ARM.attributes
                0x0000242b       0x35 binaries/rflseek.o
 .ARM.attributes
                0x00002460       0x35 binaries/rflwrite.o
 .ARM.attributes
                0x00002495       0x35 binaries/rfscomm.o
 .ARM.attributes
                0x000024ca       0x35 binaries/rfscontrol.o
 .ARM.attributes
                0x000024ff       0x35 binaries/rfsgetmode.o
 .ARM.attributes
                0x00002534       0x35 binaries/rfsinit.o
 .ARM.attributes
                0x00002569       0x35 binaries/rfsndmsg.o
 .ARM.attributes
                0x0000259e       0x35 binaries/rfsopen.o
 .ARM.attributes
                0x000025d3       0x35 binaries/spicontrol.o
 .ARM.attributes
                0x00002608       0x35 binaries/spiinit.o
 .ARM.attributes
                0x0000263d       0x35 binaries/gpiocontrol.o
 .ARM.attributes
                0x00002672       0x35 binaries/gpiohandler.o
 .ARM.attributes
                0x000026a7       0x35 binaries/gpioinit.o
 .ARM.attributes
                0x000026dc       0x35 binaries/gpioread.o
 .ARM.attributes
                0x00002711       0x35 binaries/gpioselect.o
 .ARM.attributes
                0x00002746       0x35 binaries/gpiowrite.o
 .ARM.attributes
                0x0000277b       0x35 binaries/arp.o
 .ARM.attributes
                0x000027b0       0x35 binaries/dhcp.o
 .ARM.attributes
                0x000027e5       0x35 binaries/dns.o
 .ARM.attributes
                0x0000281a       0x35 binaries/dot2ip.o
 .ARM.attributes
                0x0000284f       0x35 binaries/hexdump.o
 .ARM.attributes
                0x00002884       0x35 binaries/icmp.o
 .ARM.attributes
                0x000028b9       0x35 binaries/ip.o
 .ARM.attributes
                0x000028ee       0x35 binaries/net.o
 .ARM.attributes
                0x00002923       0x35 binaries/pdump.o
 .ARM.attributes
                0x00002958       0x35 binaries/tftp.o
 .ARM.attributes
                0x0000298d       0x35 binaries/udp.o
 .ARM.attributes
                0x000029c2       0x35 binaries/addargs.o
 .ARM.attributes
                0x000029f7       0x35 binaries/lexan.o
 .ARM.attributes
                0x00002a2c       0x35 binaries/shell.o
 .ARM.attributes
                0x00002a61       0x35 binaries/xsh_argecho.o
 .ARM.attributes
                0x00002a96       0x35 binaries/xsh_arp.o
 .ARM.attributes
                0x00002acb       0x35 binaries/xsh_cat.o
 .ARM.attributes
                0x00002b00       0x35 binaries/xsh_clear.o
 .ARM.attributes
                0x00002b35       0x35 binaries/xsh_date.o
 .ARM.attributes
                0x00002b6a       0x35 binaries/xsh_devdump.o
 .ARM.attributes
                0x00002b9f       0x35 binaries/xsh_echo.o
 .ARM.attributes
                0x00002bd4       0x35 binaries/xsh_exit.o
 .ARM.attributes
                0x00002c09       0x35 binaries/xsh_help.o
 .ARM.attributes
                0x00002c3e       0x35 binaries/xsh_kill.o
 .ARM.attributes
                0x00002c73       0x35 binaries/xsh_memdump.o
 .ARM.attributes
                0x00002ca8       0x35 binaries/xsh_memstat.o
 .ARM.attributes
                0x00002cdd       0x35 binaries/xsh_netinfo.o
 .ARM.attributes
                0x00002d12       0x35 binaries/xsh_ping.o
 .ARM.attributes
                0x00002d47       0x35 binaries/xsh_ps.o
 .ARM.attributes
                0x00002d7c       0x35 binaries/xsh_sleep.o
 .ARM.attributes
                0x00002db1       0x35 binaries/xsh_udpdump.o
 .ARM.attributes
                0x00002de6       0x35 binaries/xsh_udpecho.o
 .ARM.attributes
                0x00002e1b       0x35 binaries/xsh_udpserver.o
 .ARM.attributes
                0x00002e50       0x35 binaries/xsh_uptime.o
 .ARM.attributes
                0x00002e85       0x25 binaries/ctxsw.o
 .ARM.attributes
                0x00002eaa       0x25 binaries/intr.o
 .ARM.attributes
                0x00002ecf       0x18 /homes/cs354/bin/cross_compiler/lib/gcc/arm-none-eabi/4.8.1//libgcc.a(_udivsi3.o)
 .ARM.attributes
                0x00002ee7       0x18 /homes/cs354/bin/cross_compiler/lib/gcc/arm-none-eabi/4.8.1//libgcc.a(_divsi3.o)
 .ARM.attributes
                0x00002eff       0x18 /homes/cs354/bin/cross_compiler/lib/gcc/arm-none-eabi/4.8.1//libgcc.a(_dvmd_tls.o)
 .ARM.attributes
                0x00002f17       0x18 /homes/cs354/bin/cross_compiler/lib/gcc/arm-none-eabi/4.8.1//libgcc.a(_arm_muldivdf3.o)
 .ARM.attributes
                0x00002f2f       0x18 /homes/cs354/bin/cross_compiler/lib/gcc/arm-none-eabi/4.8.1//libgcc.a(_arm_cmpdf2.o)
 .ARM.attributes
                0x00002f47       0x18 /homes/cs354/bin/cross_compiler/lib/gcc/arm-none-eabi/4.8.1//libgcc.a(_arm_fixdfsi.o)

.comment        0x00000000       0x30
 .comment       0x00000000       0x30 binaries/ascdate.o
                                 0x31 (size before relaxing)
 .comment       0x00000000       0x31 binaries/bufinit.o
 .comment       0x00000000       0x31 binaries/chprio.o
 .comment       0x00000000       0x31 binaries/clkhandler.o
 .comment       0x00000000       0x31 binaries/clkinit.o
 .comment       0x00000000       0x31 binaries/close.o
 .comment       0x00000000       0x31 binaries/conf.o
 .comment       0x00000000       0x31 binaries/control.o
 .comment       0x00000000       0x31 binaries/create.o
 .comment       0x00000000       0x31 binaries/evec.o
 .comment       0x00000000       0x31 binaries/exit.o
 .comment       0x00000000       0x31 binaries/freebuddy.o
 .comment       0x00000000       0x31 binaries/freebuf.o
 .comment       0x00000000       0x31 binaries/freemem.o
 .comment       0x00000000       0x31 binaries/getbuddy.o
 .comment       0x00000000       0x31 binaries/getbuf.o
 .comment       0x00000000       0x31 binaries/getc.o
 .comment       0x00000000       0x31 binaries/getdev.o
 .comment       0x00000000       0x31 binaries/getitem.o
 .comment       0x00000000       0x31 binaries/getmem.o
 .comment       0x00000000       0x31 binaries/getpid.o
 .comment       0x00000000       0x31 binaries/getprio.o
 .comment       0x00000000       0x31 binaries/getstk.o
 .comment       0x00000000       0x31 binaries/getticks.o
 .comment       0x00000000       0x31 binaries/gettime.o
 .comment       0x00000000       0x31 binaries/getutime.o
 .comment       0x00000000       0x31 binaries/init.o
 .comment       0x00000000       0x31 binaries/initialize.o
 .comment       0x00000000       0x31 binaries/insert.o
 .comment       0x00000000       0x31 binaries/insertd.o
 .comment       0x00000000       0x31 binaries/ioerr.o
 .comment       0x00000000       0x31 binaries/ionull.o
 .comment       0x00000000       0x31 binaries/kill.o
 .comment       0x00000000       0x31 binaries/kprintf.o
 .comment       0x00000000       0x31 binaries/main.o
 .comment       0x00000000       0x31 binaries/mark.o
 .comment       0x00000000       0x31 binaries/meminit.o
 .comment       0x00000000       0x31 binaries/mkbufpool.o
 .comment       0x00000000       0x31 binaries/newqueue.o
 .comment       0x00000000       0x31 binaries/open.o
 .comment       0x00000000       0x31 binaries/panic.o
 .comment       0x00000000       0x31 binaries/platinit.o
 .comment       0x00000000       0x31 binaries/pow.o
 .comment       0x00000000       0x31 binaries/ptclear.o
 .comment       0x00000000       0x31 binaries/ptcount.o
 .comment       0x00000000       0x31 binaries/ptcreate.o
 .comment       0x00000000       0x31 binaries/ptdelete.o
 .comment       0x00000000       0x31 binaries/ptinit.o
 .comment       0x00000000       0x31 binaries/ptrecv.o
 .comment       0x00000000       0x31 binaries/ptreset.o
 .comment       0x00000000       0x31 binaries/ptsend.o
 .comment       0x00000000       0x31 binaries/putc.o
 .comment       0x00000000       0x31 binaries/queue.o
 .comment       0x00000000       0x31 binaries/read.o
 .comment       0x00000000       0x31 binaries/ready.o
 .comment       0x00000000       0x31 binaries/receive.o
 .comment       0x00000000       0x31 binaries/recvclr.o
 .comment       0x00000000       0x31 binaries/recvtime.o
 .comment       0x00000000       0x31 binaries/resched.o
 .comment       0x00000000       0x31 binaries/resume.o
 .comment       0x00000000       0x31 binaries/seek.o
 .comment       0x00000000       0x31 binaries/semcount.o
 .comment       0x00000000       0x31 binaries/semcreate.o
 .comment       0x00000000       0x31 binaries/semdelete.o
 .comment       0x00000000       0x31 binaries/semreset.o
 .comment       0x00000000       0x31 binaries/send.o
 .comment       0x00000000       0x31 binaries/signal.o
 .comment       0x00000000       0x31 binaries/signaln.o
 .comment       0x00000000       0x31 binaries/sleep.o
 .comment       0x00000000       0x31 binaries/suspend.o
 .comment       0x00000000       0x31 binaries/unsleep.o
 .comment       0x00000000       0x31 binaries/userret.o
 .comment       0x00000000       0x31 binaries/wait.o
 .comment       0x00000000       0x31 binaries/wakeup.o
 .comment       0x00000000       0x31 binaries/write.o
 .comment       0x00000000       0x31 binaries/xdone.o
 .comment       0x00000000       0x31 binaries/yield.o
 .comment       0x00000000       0x31 binaries/abs.o
 .comment       0x00000000       0x31 binaries/atoi.o
 .comment       0x00000000       0x31 binaries/atol.o
 .comment       0x00000000       0x31 binaries/bzero.o
 .comment       0x00000000       0x31 binaries/ctype_.o
 .comment       0x00000000       0x31 binaries/doprnt.o
 .comment       0x00000000       0x31 binaries/doscan.o
 .comment       0x00000000       0x31 binaries/fdoprnt.o
 .comment       0x00000000       0x31 binaries/fgetc.o
 .comment       0x00000000       0x31 binaries/fgets.o
 .comment       0x00000000       0x31 binaries/fprintf.o
 .comment       0x00000000       0x31 binaries/fputc.o
 .comment       0x00000000       0x31 binaries/fputs.o
 .comment       0x00000000       0x31 binaries/fscanf.o
 .comment       0x00000000       0x31 binaries/getchar.o
 .comment       0x00000000       0x31 binaries/labs.o
 .comment       0x00000000       0x31 binaries/memchr.o
 .comment       0x00000000       0x31 binaries/memcmp.o
 .comment       0x00000000       0x31 binaries/memcpy.o
 .comment       0x00000000       0x31 binaries/memset.o
 .comment       0x00000000       0x31 binaries/printf.o
 .comment       0x00000000       0x31 binaries/putchar.o
 .comment       0x00000000       0x31 binaries/qsort.o
 .comment       0x00000000       0x31 binaries/rand.o
 .comment       0x00000000       0x31 binaries/sprintf.o
 .comment       0x00000000       0x31 binaries/sscanf.o
 .comment       0x00000000       0x31 binaries/strchr.o
 .comment       0x00000000       0x31 binaries/strcmp.o
 .comment       0x00000000       0x31 binaries/strcpy.o
 .comment       0x00000000       0x31 binaries/strlen.o
 .comment       0x00000000       0x31 binaries/strncat.o
 .comment       0x00000000       0x31 binaries/strncmp.o
 .comment       0x00000000       0x31 binaries/strncpy.o
 .comment       0x00000000       0x31 binaries/strnlen.o
 .comment       0x00000000       0x31 binaries/strrchr.o
 .comment       0x00000000       0x31 binaries/strstr.o
 .comment       0x00000000       0x31 binaries/ttycontrol.o
 .comment       0x00000000       0x31 binaries/ttygetc.o
 .comment       0x00000000       0x31 binaries/ttyhandle_in.o
 .comment       0x00000000       0x31 binaries/ttyhandle_out.o
 .comment       0x00000000       0x31 binaries/ttyhandler.o
 .comment       0x00000000       0x31 binaries/ttyinit.o
 .comment       0x00000000       0x31 binaries/ttykickout.o
 .comment       0x00000000       0x31 binaries/ttyputc.o
 .comment       0x00000000       0x31 binaries/ttyread.o
 .comment       0x00000000       0x31 binaries/ttywrite.o
 .comment       0x00000000       0x31 binaries/mount.o
 .comment       0x00000000       0x31 binaries/naminit.o
 .comment       0x00000000       0x31 binaries/nammap.o
 .comment       0x00000000       0x31 binaries/namopen.o
 .comment       0x00000000       0x31 binaries/ethcontrol.o
 .comment       0x00000000       0x31 binaries/ethhandler.o
 .comment       0x00000000       0x31 binaries/ethinit.o
 .comment       0x00000000       0x31 binaries/ethread.o
 .comment       0x00000000       0x31 binaries/ethwrite.o
 .comment       0x00000000       0x31 binaries/rdsbufalloc.o
 .comment       0x00000000       0x31 binaries/rdsclose.o
 .comment       0x00000000       0x31 binaries/rdscomm.o
 .comment       0x00000000       0x31 binaries/rdscontrol.o
 .comment       0x00000000       0x31 binaries/rdsinit.o
 .comment       0x00000000       0x31 binaries/rdsopen.o
 .comment       0x00000000       0x31 binaries/rdsprocess.o
 .comment       0x00000000       0x31 binaries/rdsread.o
 .comment       0x00000000       0x31 binaries/rdswrite.o
 .comment       0x00000000       0x31 binaries/ramclose.o
 .comment       0x00000000       0x31 binaries/raminit.o
 .comment       0x00000000       0x31 binaries/ramopen.o
 .comment       0x00000000       0x31 binaries/ramread.o
 .comment       0x00000000       0x31 binaries/ramwrite.o
 .comment       0x00000000       0x31 binaries/lfdballoc.o
 .comment       0x00000000       0x31 binaries/lfdbfree.o
 .comment       0x00000000       0x31 binaries/lfflush.o
 .comment       0x00000000       0x31 binaries/lfgetmode.o
 .comment       0x00000000       0x31 binaries/lfiballoc.o
 .comment       0x00000000       0x31 binaries/lfibclear.o
 .comment       0x00000000       0x31 binaries/lfibget.o
 .comment       0x00000000       0x31 binaries/lfibput.o
 .comment       0x00000000       0x31 binaries/lflclose.o
 .comment       0x00000000       0x31 binaries/lflcontrol.o
 .comment       0x00000000       0x31 binaries/lflgetc.o
 .comment       0x00000000       0x31 binaries/lflinit.o
 .comment       0x00000000       0x31 binaries/lflputc.o
 .comment       0x00000000       0x31 binaries/lflread.o
 .comment       0x00000000       0x31 binaries/lflseek.o
 .comment       0x00000000       0x31 binaries/lflwrite.o
 .comment       0x00000000       0x31 binaries/lfscheck.o
 .comment       0x00000000       0x31 binaries/lfsckfmt.o
 .comment       0x00000000       0x31 binaries/lfscreate.o
 .comment       0x00000000       0x31 binaries/lfsetup.o
 .comment       0x00000000       0x31 binaries/lfsinit.o
 .comment       0x00000000       0x31 binaries/lfsopen.o
 .comment       0x00000000       0x31 binaries/lftruncate.o
 .comment       0x00000000       0x31 binaries/rflclose.o
 .comment       0x00000000       0x31 binaries/rflgetc.o
 .comment       0x00000000       0x31 binaries/rflinit.o
 .comment       0x00000000       0x31 binaries/rflputc.o
 .comment       0x00000000       0x31 binaries/rflread.o
 .comment       0x00000000       0x31 binaries/rflseek.o
 .comment       0x00000000       0x31 binaries/rflwrite.o
 .comment       0x00000000       0x31 binaries/rfscomm.o
 .comment       0x00000000       0x31 binaries/rfscontrol.o
 .comment       0x00000000       0x31 binaries/rfsgetmode.o
 .comment       0x00000000       0x31 binaries/rfsinit.o
 .comment       0x00000000       0x31 binaries/rfsndmsg.o
 .comment       0x00000000       0x31 binaries/rfsopen.o
 .comment       0x00000000       0x31 binaries/spicontrol.o
 .comment       0x00000000       0x31 binaries/spiinit.o
 .comment       0x00000000       0x31 binaries/gpiocontrol.o
 .comment       0x00000000       0x31 binaries/gpiohandler.o
 .comment       0x00000000       0x31 binaries/gpioinit.o
 .comment       0x00000000       0x31 binaries/gpioread.o
 .comment       0x00000000       0x31 binaries/gpioselect.o
 .comment       0x00000000       0x31 binaries/gpiowrite.o
 .comment       0x00000000       0x31 binaries/arp.o
 .comment       0x00000000       0x31 binaries/dhcp.o
 .comment       0x00000000       0x31 binaries/dns.o
 .comment       0x00000000       0x31 binaries/dot2ip.o
 .comment       0x00000000       0x31 binaries/hexdump.o
 .comment       0x00000000       0x31 binaries/icmp.o
 .comment       0x00000000       0x31 binaries/ip.o
 .comment       0x00000000       0x31 binaries/net.o
 .comment       0x00000000       0x31 binaries/pdump.o
 .comment       0x00000000       0x31 binaries/tftp.o
 .comment       0x00000000       0x31 binaries/udp.o
 .comment       0x00000000       0x31 binaries/addargs.o
 .comment       0x00000000       0x31 binaries/lexan.o
 .comment       0x00000000       0x31 binaries/shell.o
 .comment       0x00000000       0x31 binaries/xsh_argecho.o
 .comment       0x00000000       0x31 binaries/xsh_arp.o
 .comment       0x00000000       0x31 binaries/xsh_cat.o
 .comment       0x00000000       0x31 binaries/xsh_clear.o
 .comment       0x00000000       0x31 binaries/xsh_date.o
 .comment       0x00000000       0x31 binaries/xsh_devdump.o
 .comment       0x00000000       0x31 binaries/xsh_echo.o
 .comment       0x00000000       0x31 binaries/xsh_exit.o
 .comment       0x00000000       0x31 binaries/xsh_help.o
 .comment       0x00000000       0x31 binaries/xsh_kill.o
 .comment       0x00000000       0x31 binaries/xsh_memdump.o
 .comment       0x00000000       0x31 binaries/xsh_memstat.o
 .comment       0x00000000       0x31 binaries/xsh_netinfo.o
 .comment       0x00000000       0x31 binaries/xsh_ping.o
 .comment       0x00000000       0x31 binaries/xsh_ps.o
 .comment       0x00000000       0x31 binaries/xsh_sleep.o
 .comment       0x00000000       0x31 binaries/xsh_udpdump.o
 .comment       0x00000000       0x31 binaries/xsh_udpecho.o
 .comment       0x00000000       0x31 binaries/xsh_udpserver.o
 .comment       0x00000000       0x31 binaries/xsh_uptime.o

.debug_frame    0x00000000       0x40
 .debug_frame   0x00000000       0x20 /homes/cs354/bin/cross_compiler/lib/gcc/arm-none-eabi/4.8.1//libgcc.a(_udivsi3.o)
 .debug_frame   0x00000020       0x20 /homes/cs354/bin/cross_compiler/lib/gcc/arm-none-eabi/4.8.1//libgcc.a(_divsi3.o)
