Archive member included because of file (symbol)

/homes/cs354/bin/cross_compiler/lib/gcc/arm-none-eabi/4.8.1//libgcc.a(_udivsi3.o)
                              binaries/qsort.o (__aeabi_uidiv)
/homes/cs354/bin/cross_compiler/lib/gcc/arm-none-eabi/4.8.1//libgcc.a(_divsi3.o)
                              binaries/doprnt.o (__aeabi_idiv)
/homes/cs354/bin/cross_compiler/lib/gcc/arm-none-eabi/4.8.1//libgcc.a(_dvmd_tls.o)
                              /homes/cs354/bin/cross_compiler/lib/gcc/arm-none-eabi/4.8.1//libgcc.a(_udivsi3.o) (__aeabi_idiv0)
/homes/cs354/bin/cross_compiler/lib/gcc/arm-none-eabi/4.8.1//libgcc.a(_arm_muldivdf3.o)
                              binaries/doprnt.o (__aeabi_dmul)
/homes/cs354/bin/cross_compiler/lib/gcc/arm-none-eabi/4.8.1//libgcc.a(_arm_cmpdf2.o)
                              binaries/doprnt.o (__aeabi_dcmplt)
/homes/cs354/bin/cross_compiler/lib/gcc/arm-none-eabi/4.8.1//libgcc.a(_arm_fixdfsi.o)
                              binaries/doprnt.o (__aeabi_d2iz)

Allocating common symbols
Common symbol       size              file

netbufpool          0x4               binaries/net.o
readylist           0x2               binaries/ready.o
rfltab              0x5a0             binaries/rflinit.o
netportseed         0x4               binaries/net.o
sleepq              0x2               binaries/clkinit.o
gpiotab             0x10              binaries/gpioinit.o
intc_vector         0x200             binaries/evec.o
nnames              0x4               binaries/naminit.o
udptab              0x168             binaries/udp.o
minheap             0x4               binaries/meminit.o
marks               0x50              binaries/mark.o
currpid             0x4               binaries/initialize.o
Lf_data             0x20c             binaries/lfsinit.o
porttab             0x2d0             binaries/ptinit.o
ttytab              0x110             binaries/ttyinit.o
proctab             0x15e0            binaries/initialize.o
eth_a_regs          0x1c              binaries/ethinit.o
prcount             0x4               binaries/initialize.o
lfltab              0xf00             binaries/lflinit.o
rdstab              0x8c              binaries/rdsinit.o
ethertab            0x138             binaries/ethinit.o
NetData             0xb0              binaries/net.o
nmarks              0x4               binaries/mark.o
Defer               0x8               binaries/resched.o
semtab              0x4b0             binaries/initialize.o
maxheap             0x4               binaries/meminit.o
preempt             0x4               binaries/clkinit.o
buftab              0xf0              binaries/bufinit.o
Rf_data             0x18              binaries/rfsinit.o
mkmutex             0x4               binaries/mark.o
count1000           0x4               binaries/clkinit.o
clktime             0x4               binaries/clkinit.o
arpcache            0x140             binaries/arp.o
icmptab             0x230             binaries/icmp.o
nbpools             0x4               binaries/bufinit.o
queuetab            0x980             binaries/queue.o
ptnextid            0x4               binaries/ptinit.o
maxbuddy            0x4               binaries/meminit.o
Ram                 0x19000           binaries/raminit.o
ipoqueue            0x2c              binaries/ip.o
minbuddy            0x4               binaries/meminit.o
memlist             0x8               binaries/initialize.o
nametab             0x19a0            binaries/naminit.o
ptfree              0x4               binaries/ptinit.o

Memory Configuration

Name             Origin             Length             Attributes
*default*        0x00000000         0xffffffff

Linker script and memory map

                0x81000000                physbase = 0x81000000
                0x81000000                . = physbase
                0x81000000                . = ALIGN (0x1000)

.text           0x81000000    0x15000
                0x81000000                text = ABSOLUTE (.)
 *(.text .text.*)
 .text          0x81000000       0x4c binaries/start.o
                0x81000000                start
 .text          0x8100004c      0x33c binaries/ascdate.o
                0x8100004c                ascdate
 .text          0x81000388       0x18 binaries/bufinit.o
                0x81000388                bufinit
 .text          0x810003a0       0x68 binaries/chprio.o
                0x810003a0                chprio
 .text          0x81000408       0xf0 binaries/clkhandler.o
                0x81000408                clkhandler
 .text          0x810004f8       0xe0 binaries/clkinit.o
                0x810004f8                clkinit
 .text          0x810005d8       0x50 binaries/close.o
                0x810005d8                close
 .text          0x81000628        0x0 binaries/conf.o
 .text          0x81000628       0x68 binaries/control.o
                0x81000628                control
 .text          0x81000690      0x290 binaries/create.o
                0x81000690                create
 .text          0x81000920       0xc4 binaries/evec.o
                0x81000920                initintc
                0x8100094c                set_evec
                0x8100098c                irq_dispatch
 .text          0x810009e4       0x10 binaries/exit.o
                0x810009e4                exit
 .text          0x810009f4       0x7c binaries/freebuf.o
                0x810009f4                freebuf
 .text          0x81000a70      0x148 binaries/freemem.o
                0x81000a70                freemem
 .text          0x81000bb8       0x78 binaries/getbuf.o
                0x81000bb8                getbuf
 .text          0x81000c30       0x50 binaries/getc.o
                0x81000c30                getc
 .text          0x81000c80       0x68 binaries/getdev.o
                0x81000c80                getdev
 .text          0x81000ce8       0xa0 binaries/getitem.o
                0x81000ce8                getitem
                0x81000d18                getfirst
                0x81000d4c                getlast
 .text          0x81000d88      0x108 binaries/getmem.o
                0x81000d88                getmem
 .text          0x81000e90       0x10 binaries/getpid.o
                0x81000e90                getpid
 .text          0x81000ea0       0x5c binaries/getprio.o
                0x81000ea0                getprio
 .text          0x81000efc       0xc8 binaries/getstk.o
                0x81000efc                getstk
 .text          0x81000fc4        0x8 binaries/getticks.o
                0x81000fc4                getticks
 .text          0x81000fcc       0x38 binaries/gettime.o
                0x81000fcc                gettime
 .text          0x81001004      0x1f4 binaries/getutime.o
                0x81001004                getutime
 .text          0x810011f8       0x50 binaries/init.o
                0x810011f8                init
 .text          0x81001248      0x384 binaries/initialize.o
                0x810012ec                nulluser
                0x8100156c                stop
                0x81001590                delay
 .text          0x810015cc       0xd0 binaries/insert.o
                0x810015cc                insert
 .text          0x8100169c      0x134 binaries/insertd.o
                0x8100169c                insertd
 .text          0x810017d0        0x8 binaries/ioerr.o
                0x810017d0                ioerr
 .text          0x810017d8        0x8 binaries/ionull.o
                0x810017d8                ionull
 .text          0x810017e0      0x158 binaries/kill.o
                0x810017e0                kill
 .text          0x81001938       0xd0 binaries/kprintf.o
                0x81001938                kputc
                0x81001988                kgetc
                0x810019c8                kprintf
 .text          0x81001a08       0x98 binaries/main.o
                0x81001a08                main
 .text          0x81001aa0       0xd0 binaries/mark.o
                0x81001aa0                markinit
                0x81001acc                mark
 .text          0x81001b70       0x70 binaries/meminit.o
                0x81001b70                meminit
 .text          0x81001be0      0x140 binaries/mkbufpool.o
                0x81001be0                mkbufpool
 .text          0x81001d20       0x7c binaries/newqueue.o
                0x81001d20                newqueue
 .text          0x81001d9c       0x60 binaries/open.o
                0x81001d9c                open
 .text          0x81001dfc       0x20 binaries/panic.o
                0x81001dfc                panic
 .text          0x81001e1c       0xac binaries/platinit.o
                0x81001e1c                counterinit
                0x81001e34                platinit
 .text          0x81001ec8       0xa8 binaries/ptclear.o
                0x81001ec8                _ptclear
 .text          0x81001f70       0x78 binaries/ptcount.o
                0x81001f70                ptcount
 .text          0x81001fe8       0xdc binaries/ptcreate.o
                0x81001fe8                ptcreate
 .text          0x810020c4       0x74 binaries/ptdelete.o
                0x810020c4                ptdelete
 .text          0x81002138       0xbc binaries/ptinit.o
                0x81002138                ptinit
 .text          0x810021f4       0xd0 binaries/ptrecv.o
                0x810021f4                ptrecv
 .text          0x810022c4       0x68 binaries/ptreset.o
                0x810022c4                ptreset
 .text          0x8100232c       0xf4 binaries/ptsend.o
                0x8100232c                ptsend
 .text          0x81002420       0x58 binaries/putc.o
                0x81002420                putc
 .text          0x81002478       0xf4 binaries/queue.o
                0x81002478                enqueue
                0x81002510                dequeue
 .text          0x8100256c       0x60 binaries/read.o
                0x8100256c                read
 .text          0x810025cc       0x74 binaries/ready.o
                0x810025cc                ready
 .text          0x81002640       0x60 binaries/receive.o
                0x81002640                receive
 .text          0x810026a0       0x48 binaries/recvclr.o
                0x810026a0                recvclr
 .text          0x810026e8       0xb0 binaries/recvtime.o
                0x810026e8                recvtime
 .text          0x81002798      0x1ac binaries/resched.o
                0x81002798                resched
                0x81002888                resched_cntl
 .text          0x81002944       0x90 binaries/resume.o
                0x81002944                resume
 .text          0x810029d4       0x58 binaries/seek.o
                0x810029d4                seek
 .text          0x81002a2c       0x58 binaries/semcount.o
                0x81002a2c                semcount
 .text          0x81002a84       0xb8 binaries/semcreate.o
                0x81002a84                semcreate
 .text          0x81002b3c       0xac binaries/semdelete.o
                0x81002b3c                semdelete
 .text          0x81002be8       0xa4 binaries/semreset.o
                0x81002be8                semreset
 .text          0x81002c8c       0xc0 binaries/send.o
                0x81002c8c                send
 .text          0x81002d4c       0x80 binaries/signal.o
                0x81002d4c                signal
 .text          0x81002dcc       0xb0 binaries/signaln.o
                0x81002dcc                signaln
 .text          0x81002e7c       0xcc binaries/sleep.o
                0x81002e7c                sleepms
                0x81002f18                sleep
 .text          0x81002f48       0xbc binaries/suspend.o
                0x81002f48                suspend
 .text          0x81003004       0xb8 binaries/unsleep.o
                0x81003004                unsleep
 .text          0x810030bc       0x10 binaries/userret.o
                0x810030bc                userret
 .text          0x810030cc       0xac binaries/wait.o
                0x810030cc                wait
 .text          0x81003178       0xa0 binaries/wakeup.o
                0x81003178                wakeup
 .text          0x81003218       0x60 binaries/write.o
                0x81003218                write
 .text          0x81003278       0x18 binaries/xdone.o
                0x81003278                xdone
 .text          0x81003290       0x20 binaries/yield.o
                0x81003290                yield
 .text          0x810032b0        0xc binaries/abs.o
                0x810032b0                abs
 .text          0x810032bc      0x114 binaries/atoi.o
                0x810032bc                atoi
 .text          0x810033d0      0x114 binaries/atol.o
                0x810033d0                atol
 .text          0x810034e4       0x20 binaries/bzero.o
                0x810034e4                bzero
 .text          0x81003504        0x0 binaries/ctype_.o
 .text          0x81003504      0xa34 binaries/doprnt.o
                0x81003724                _doprnt
 .text          0x81003f38      0x704 binaries/doscan.o
                0x81003f38                _doscan
 .text          0x8100463c      0x898 binaries/fdoprnt.o
                0x810046e8                _fdoprnt
 .text          0x81004ed4       0x14 binaries/fgetc.o
                0x81004ed4                fgetc
 .text          0x81004ee8       0x84 binaries/fgets.o
                0x81004ee8                fgets
 .text          0x81004f6c       0x3c binaries/fprintf.o
                0x81004f6c                fprintf
 .text          0x81004fa8       0x24 binaries/fputc.o
                0x81004fa8                fputc
 .text          0x81004fcc       0x38 binaries/fputs.o
                0x81004fcc                fputs
 .text          0x81005004       0x78 binaries/fscanf.o
                0x81005038                fscanf
 .text          0x8100507c       0x2c binaries/getchar.o
                0x8100507c                getchar
 .text          0x810050a8        0xc binaries/labs.o
                0x810050a8                labs
 .text          0x810050b4        0x0 binaries/memchr.o
 .text          0x810050b4       0x60 binaries/memcmp.o
                0x810050b4                memcmp
 .text          0x81005114       0x24 binaries/memcpy.o
                0x81005114                memcpy
 .text          0x81005138       0x20 binaries/memset.o
                0x81005138                memset
 .text          0x81005158       0x58 binaries/printf.o
                0x81005158                printf
 .text          0x810051b0       0x2c binaries/putchar.o
                0x810051b0                putchar
 .text          0x810051dc      0x254 binaries/qsort.o
                0x81005410                qsort
 .text          0x81005430       0x7c binaries/rand.o
                0x81005430                rand
                0x81005468                rand_r
                0x8100549c                srand
 .text          0x810054ac       0x68 binaries/sprintf.o
                0x810054c4                sprintf
 .text          0x81005514       0x78 binaries/sscanf.o
                0x81005548                sscanf
 .text          0x8100558c       0x48 binaries/strchr.o
                0x8100558c                strchr
 .text          0x810055d4       0x54 binaries/strcmp.o
                0x810055d4                strcmp
 .text          0x81005628       0x18 binaries/strcpy.o
                0x81005628                strcpy
 .text          0x81005640       0x30 binaries/strlen.o
                0x81005640                strlen
 .text          0x81005670       0x50 binaries/strncat.o
                0x81005670                strncat
 .text          0x810056c0       0x54 binaries/strncmp.o
                0x810056c0                strncmp
 .text          0x81005714       0x80 binaries/strncpy.o
                0x81005714                strncpy
 .text          0x81005794       0x48 binaries/strnlen.o
                0x81005794                strnlen
 .text          0x810057dc       0x58 binaries/strrchr.o
                0x810057dc                strrchr
 .text          0x81005834       0xb0 binaries/strstr.o
                0x81005834                strstr
 .text          0x810058e4       0xc8 binaries/ttycontrol.o
                0x810058e4                ttycontrol
 .text          0x810059ac       0x6c binaries/ttygetc.o
                0x810059ac                ttygetc
 .text          0x81005a18      0x4e0 binaries/ttyhandle_in.o
                0x81005ae4                ttyhandle_in
 .text          0x81005ef8      0x14c binaries/ttyhandle_out.o
                0x81005ef8                ttyhandle_out
 .text          0x81006044       0xc8 binaries/ttyhandler.o
                0x81006044                ttyhandler
 .text          0x8100610c      0x120 binaries/ttyinit.o
                0x8100610c                ttyinit
 .text          0x8100622c        0xc binaries/ttykickout.o
                0x8100622c                ttykickout
 .text          0x81006238       0x78 binaries/ttyputc.o
                0x81006238                ttyputc
 .text          0x810062b0      0x110 binaries/ttyread.o
                0x810062b0                ttyread
 .text          0x810063c0       0x4c binaries/ttywrite.o
                0x810063c0                ttywrite
 .text          0x8100640c      0x134 binaries/mount.o
                0x8100640c                namlen
                0x81006460                mount
 .text          0x81006540      0x1c8 binaries/naminit.o
                0x81006540                naminit
 .text          0x81006708      0x238 binaries/nammap.o
                0x81006708                namrepl
                0x81006840                namcpy
                0x8100689c                nammap
 .text          0x81006940       0x40 binaries/namopen.o
                0x81006940                namopen
 .text          0x81006980       0x40 binaries/ethcontrol.o
                0x81006980                ethcontrol
 .text          0x810069c0      0x178 binaries/ethhandler.o
                0x810069c0                ethhandler
 .text          0x81006b38      0x734 binaries/ethinit.o
                0x81006b38                eth_phy_read
                0x81006ba8                eth_phy_write
                0x81006c00                eth_phy_reset
                0x81006d70                ethinit
 .text          0x8100726c       0xd8 binaries/ethread.o
                0x8100726c                ethread
 .text          0x81007344       0xf0 binaries/ethwrite.o
                0x81007344                ethwrite
 .text          0x81007434       0x90 binaries/rdsbufalloc.o
                0x81007434                rdsbufalloc
 .text          0x810074c4       0xa0 binaries/rdsclose.o
                0x810074c4                rdsclose
 .text          0x81007564      0x20c binaries/rdscomm.o
                0x81007564                rdscomm
 .text          0x81007770      0x1a0 binaries/rdscontrol.o
                0x81007770                rdscontrol
 .text          0x81007910      0x180 binaries/rdsinit.o
                0x81007910                rdsinit
 .text          0x81007a90      0x134 binaries/rdsopen.o
                0x81007a90                rdsopen
 .text          0x81007bc4      0x304 binaries/rdsprocess.o
                0x81007bc4                rdsprocess
 .text          0x81007ec8      0x210 binaries/rdsread.o
                0x81007ec8                rdsread
 .text          0x810080d8      0x184 binaries/rdswrite.o
                0x810080d8                rdswrite
 .text          0x8100825c        0x8 binaries/ramclose.o
                0x8100825c                ramclose
 .text          0x81008264       0x3c binaries/raminit.o
                0x81008264                raminit
 .text          0x810082a0        0x8 binaries/ramopen.o
                0x810082a0                ramopen
 .text          0x810082a8       0x24 binaries/ramread.o
                0x810082a8                ramread
 .text          0x810082cc       0x20 binaries/ramwrite.o
                0x810082cc                ramwrite
 .text          0x810082ec       0x94 binaries/lfdballoc.o
                0x810082ec                lfdballoc
 .text          0x81008380       0x4c binaries/lfdbfree.o
                0x81008380                lfdbfree
 .text          0x810083cc       0xb8 binaries/lfflush.o
                0x810083cc                lfflush
 .text          0x81008484       0xc8 binaries/lfgetmode.o
                0x81008484                lfgetmode
 .text          0x8100854c       0x6c binaries/lfiballoc.o
                0x8100854c                lfiballoc
 .text          0x810085b8       0x30 binaries/lfibclear.o
                0x810085b8                lfibclear
 .text          0x810085e8       0x64 binaries/lfibget.o
                0x810085e8                lfibget
 .text          0x8100864c       0x8c binaries/lfibput.o
                0x8100864c                lfibput
 .text          0x810086d8       0x84 binaries/lflclose.o
                0x810086d8                lflclose
 .text          0x8100875c       0xa0 binaries/lflcontrol.o
                0x8100875c                lflcontrol
 .text          0x810087fc       0xa8 binaries/lflgetc.o
                0x810087fc                lflgetc
 .text          0x810088a4       0xa8 binaries/lflinit.o
                0x810088a4                lflinit
 .text          0x8100894c       0xdc binaries/lflputc.o
                0x8100894c                lflputc
 .text          0x81008a28       0x78 binaries/lflread.o
                0x81008a28                lflread
 .text          0x81008aa0       0x80 binaries/lflseek.o
                0x81008aa0                lflseek
 .text          0x81008b20       0x5c binaries/lflwrite.o
                0x81008b20                lflwrite
 .text          0x81008b7c       0xa0 binaries/lfscheck.o
                0x81008b7c                lfscheck
 .text          0x81008c1c      0x144 binaries/lfsckfmt.o
                0x81008c1c                lfsckfmt
 .text          0x81008d60      0x15c binaries/lfscreate.o
                0x81008d60                lfscreate
 .text          0x81008ebc      0x1f0 binaries/lfsetup.o
                0x81008ebc                lfsetup
 .text          0x810090ac       0x44 binaries/lfsinit.o
                0x810090ac                lfsinit
 .text          0x810090f0      0x358 binaries/lfsopen.o
                0x810090f0                lfsopen
 .text          0x81009448      0x108 binaries/lftruncate.o
                0x81009448                lftruncate
 .text          0x81009550       0x70 binaries/rflclose.o
                0x81009550                rflclose
 .text          0x810095c0       0x28 binaries/rflgetc.o
                0x810095c0                rflgetc
 .text          0x810095e8       0x54 binaries/rflinit.o
                0x810095e8                rflinit
 .text          0x8100963c       0x30 binaries/rflputc.o
                0x8100963c                rflputc
 .text          0x8100966c      0x28c binaries/rflread.o
                0x8100966c                rflread
 .text          0x810098f8       0x74 binaries/rflseek.o
                0x810098f8                rflseek
 .text          0x8100996c      0x2c8 binaries/rflwrite.o
                0x8100996c                rflwrite
 .text          0x81009c34      0x198 binaries/rfscomm.o
                0x81009c34                rfscomm
 .text          0x81009dcc      0x21c binaries/rfscontrol.o
                0x81009dcc                rfscontrol
 .text          0x81009fe8       0xc8 binaries/rfsgetmode.o
                0x81009fe8                rfsgetmode
 .text          0x8100a0b0       0x84 binaries/rfsinit.o
                0x8100a0b0                rfsinit
 .text          0x8100a134       0xa4 binaries/rfsndmsg.o
                0x8100a134                rfsndmsg
 .text          0x8100a1d8      0x22c binaries/rfsopen.o
                0x8100a1d8                rfsopen
 .text          0x8100a404       0x8c binaries/spicontrol.o
                0x8100a404                spicontrol
 .text          0x8100a490       0xa8 binaries/spiinit.o
                0x8100a490                spiinit
 .text          0x8100a538      0x19c binaries/gpiocontrol.o
                0x8100a538                gpiocontrol
 .text          0x8100a6d4      0x204 binaries/gpiohandler.o
                0x8100a6d4                gpiohandler
 .text          0x8100a8d8       0xe8 binaries/gpioinit.o
                0x8100a8d8                gpioinit
 .text          0x8100a9c0       0x18 binaries/gpioread.o
                0x8100a9c0                gpioread
 .text          0x8100a9d8       0x18 binaries/gpioselect.o
                0x8100a9d8                gpioselect
 .text          0x8100a9f0       0x20 binaries/gpiowrite.o
                0x8100a9f0                gpiowrite
 .text          0x8100aa10      0x714 binaries/arp.o
                0x8100aa10                arp_init
                0x8100aa30                arp_alloc
                0x8100ab04                arp_ntoh
                0x8100aba8                arp_hton
                0x8100ac4c                arp_resolve
                0x8100aeb0                arp_in
 .text          0x8100b124      0x6b0 binaries/dhcp.o
                0x8100b124                dhcp_get_opt_val
                0x8100b184                dhcp_bld_bootp_msg
                0x8100b27c                dhcp_bld_disc
                0x8100b2d0                dhcp_bld_req
                0x8100b394                getlocalip
 .text          0x8100b7d4      0x56c binaries/dns.o
                0x8100b8bc                dnslookup
 .text          0x8100bd40      0x120 binaries/dot2ip.o
                0x8100bd40                dot2ip
 .text          0x8100be60      0x33c binaries/hexdump.o
                0x8100be60                hexdump
                0x8100bfc0                hexadump
 .text          0x8100c19c      0x660 binaries/icmp.o
                0x8100c19c                icmp_init
                0x8100c1c0                icmp_register
                0x8100c27c                icmp_recv
                0x8100c3cc                icmp_mkpkt
                0x8100c4bc                icmp_in
                0x8100c608                icmp_send
                0x8100c678                icmp_release
                0x8100c734                icmp_cksum
                0x8100c794                icmp_hton
                0x8100c7c8                icmp_ntoh
 .text          0x8100c7fc      0x674 binaries/ip.o
                0x8100c7fc                ip_local
                0x8100c82c                ipcksum
                0x8100c870                ip_ntoh
                0x8100c914                ip_in
                0x8100ca50                ip_hton
                0x8100caf4                ip_out
                0x8100cba8                ip_send
                0x8100ccd8                ipout
                0x8100cdd4                ip_enqueue
 .text          0x8100ce70      0x228 binaries/net.o
                0x8100ce70                net_init
                0x8100cf78                eth_hton
                0x8100cf8c                eth_ntoh
                0x8100cfa0                netin
                0x8100d048                getport
 .text          0x8100d098      0x9dc binaries/pdump.o
                0x8100d098                pdump
                0x8100d624                pdumph
 .text          0x8100da74      0x56c binaries/tftp.o
                0x8100da74                tftp_send1
                0x8100db60                tftpget_mb
                0x8100dfac                tftpget
 .text          0x8100dfe0      0x890 binaries/udp.o
                0x8100dfe0                udp_init
                0x8100e008                udp_in
                0x8100e0f4                udp_register
                0x8100e1f0                udp_recv
                0x8100e324                udp_recvaddr
                0x8100e474                udp_send
                0x8100e5ec                udp_sendto
                0x8100e74c                udp_release
                0x8100e808                udp_ntoh
                0x8100e83c                udp_hton
 .text          0x8100e870      0x120 binaries/addargs.o
                0x8100e870                addargs
 .text          0x8100e990      0x2b4 binaries/lexan.o
                0x8100e990                lexan
 .text          0x8100ec44      0x6ac binaries/shell.o
                0x8100ec44                shell
 .text          0x8100f2f0       0x64 binaries/xsh_argecho.o
                0x8100f2f0                xsh_argecho
 .text          0x8100f354      0x1f8 binaries/xsh_arp.o
                0x8100f354                xsh_arp
 .text          0x8100f54c      0x23c binaries/xsh_cat.o
                0x8100f54c                xsh_cat
 .text          0x8100f788       0x5c binaries/xsh_clear.o
                0x8100f788                xsh_clear
 .text          0x8100f7e4      0x29c binaries/xsh_date.o
                0x8100f7e4                xsh_date
 .text          0x8100fa80       0x98 binaries/xsh_devdump.o
                0x8100fa80                xsh_devdump
 .text          0x8100fb18       0x68 binaries/xsh_echo.o
                0x8100fb18                xsh_echo
 .text          0x8100fb80        0x8 binaries/xsh_exit.o
                0x8100fb80                xsh_exit
 .text          0x8100fb88      0x3d0 binaries/xsh_help.o
                0x8100fb88                xsh_help
 .text          0x8100ff58      0x1f8 binaries/xsh_kill.o
                0x8100ff58                xsh_kill
 .text          0x81010150      0x490 binaries/xsh_memdump.o
                0x8101024c                xsh_memdump
 .text          0x810105e0      0x224 binaries/xsh_memstat.o
                0x810105e0                xsh_memstat
 .text          0x81010804      0x3fc binaries/xsh_netinfo.o
                0x81010804                xsh_netinfo
 .text          0x81010c00      0x3b0 binaries/xsh_ping.o
                0x81010c00                xsh_ping
 .text          0x81010fb0      0x220 binaries/xsh_ps.o
                0x81010fb0                xsh_ps
 .text          0x810111d0      0x1cc binaries/xsh_sleep.o
                0x810111d0                xsh_sleep
 .text          0x8101139c      0x244 binaries/xsh_udpdump.o
                0x8101139c                xsh_udpdump
 .text          0x810115e0      0x400 binaries/xsh_udpecho.o
                0x810115e0                xsh_udpecho
 .text          0x810119e0      0x254 binaries/xsh_udpserver.o
                0x810119e0                xsh_udpeserver
 .text          0x81011c34      0x1ac binaries/xsh_uptime.o
                0x81011c34                xsh_uptime
 .text          0x81011de0       0x2c binaries/ctxsw.o
                0x81011de0                ctxsw
 .text          0x81011e0c      0x100 binaries/intr.o
                0x81011e0c                disable
                0x81011e18                restore
                0x81011e3c                enable
                0x81011e44                pause
                0x81011e44                halt
                0x81011e4c                irq_except
                0x81011e7c                initevec
                0x81011edc                expjmpinstr
 .text          0x81011f0c      0x114 /homes/cs354/bin/cross_compiler/lib/gcc/arm-none-eabi/4.8.1//libgcc.a(_udivsi3.o)
                0x81011f0c                __udivsi3
                0x81011f0c                __aeabi_uidiv
                0x81012000                __aeabi_uidivmod
 .text          0x81012020      0x148 /homes/cs354/bin/cross_compiler/lib/gcc/arm-none-eabi/4.8.1//libgcc.a(_divsi3.o)
                0x81012020                __aeabi_idiv
                0x81012020                __divsi3
                0x81012148                __aeabi_idivmod
 .text          0x81012168        0x4 /homes/cs354/bin/cross_compiler/lib/gcc/arm-none-eabi/4.8.1//libgcc.a(_dvmd_tls.o)
                0x81012168                __aeabi_ldiv0
                0x81012168                __aeabi_idiv0
 .text          0x8101216c      0x49c /homes/cs354/bin/cross_compiler/lib/gcc/arm-none-eabi/4.8.1//libgcc.a(_arm_muldivdf3.o)
                0x8101216c                __aeabi_dmul
                0x8101216c                __muldf3
                0x810123fc                __aeabi_ddiv
                0x810123fc                __divdf3
 .text          0x81012608      0x144 /homes/cs354/bin/cross_compiler/lib/gcc/arm-none-eabi/4.8.1//libgcc.a(_arm_cmpdf2.o)
                0x81012608                __gtdf2
                0x81012608                __gedf2
                0x81012610                __ltdf2
                0x81012610                __ledf2
                0x81012618                __cmpdf2
                0x81012618                __eqdf2
                0x81012618                __nedf2
                0x810126a0                __aeabi_cdrcmple
                0x810126bc                __aeabi_cdcmple
                0x810126bc                __aeabi_cdcmpeq
                0x810126d4                __aeabi_dcmpeq
                0x810126ec                __aeabi_dcmplt
                0x81012704                __aeabi_dcmple
                0x8101271c                __aeabi_dcmpge
                0x81012734                __aeabi_dcmpgt
 .text          0x8101274c       0x5c /homes/cs354/bin/cross_compiler/lib/gcc/arm-none-eabi/4.8.1//libgcc.a(_arm_fixdfsi.o)
                0x8101274c                __fixdfsi
                0x8101274c                __aeabi_d2iz
 *(.rodata .rodata.*)
 .rodata.str1.4
                0x810127a8       0x78 binaries/ascdate.o
 .rodata.str1.4
                0x81012820       0xf9 binaries/conf.o
                                 0xfc (size before relaxing)
 *fill*         0x81012919        0x3 
 .rodata.str1.4
                0x8101291c       0x61 binaries/getutime.o
                                 0x64 (size before relaxing)
 *fill*         0x8101297d        0x3 
 .rodata.str1.4
                0x81012980      0x1b4 binaries/initialize.o
                                0x1b8 (size before relaxing)
 .rodata.str1.4
                0x81012b34       0x2a binaries/main.o
                                 0x2c (size before relaxing)
 *fill*         0x81012b5e        0x2 
 .rodata.str1.4
                0x81012b60        0xf binaries/panic.o
                                 0x10 (size before relaxing)
 *fill*         0x81012b6f        0x1 
 .rodata.str1.4
                0x81012b70       0x1d binaries/ptinit.o
                                 0x20 (size before relaxing)
 *fill*         0x81012b8d        0x3 
 .rodata.str1.4
                0x81012b90       0x25 binaries/ptsend.o
                                 0x28 (size before relaxing)
 *fill*         0x81012bb5        0x3 
 .rodata.str1.4
                0x81012bb8       0x27 binaries/xdone.o
                                 0x28 (size before relaxing)
 *fill*         0x81012bdf        0x1 
 .rodata        0x81012be0       0x84 binaries/ctype_.o
                0x81012be0                _ctype_
 .rodata.str1.4
                0x81012c64       0x2f binaries/doprnt.o
                                 0x30 (size before relaxing)
 .rodata.str1.4
                0x00000000       0x30 binaries/fdoprnt.o
 *fill*         0x81012c93        0x1 
 .rodata.str1.4
                0x81012c94       0x86 binaries/naminit.o
                                 0x90 (size before relaxing)
 *fill*         0x81012d1a        0x2 
 .rodata.str1.4
                0x81012d1c       0xe5 binaries/ethinit.o
                                 0xe8 (size before relaxing)
 *fill*         0x81012e01        0x3 
 .rodata.str1.4
                0x81012e04       0x12 binaries/ethread.o
                                 0x14 (size before relaxing)
 *fill*         0x81012e16        0x2 
 .rodata.str1.4
                0x81012e18       0x2c binaries/rdsbufalloc.o
 .rodata.str1.4
                0x81012e44       0x76 binaries/rdscomm.o
                                 0x78 (size before relaxing)
 *fill*         0x81012eba        0x2 
 .rodata.str1.4
                0x81012ebc       0x48 binaries/rdscontrol.o
 .rodata.str1.4
                0x81012f04       0x96 binaries/rdsinit.o
                                 0x98 (size before relaxing)
 *fill*         0x81012f9a        0x2 
 .rodata.str1.4
                0x81012f9c       0x22 binaries/rdsopen.o
                                 0x24 (size before relaxing)
 *fill*         0x81012fbe        0x2 
 .rodata.str1.4
                0x81012fc0       0x4d binaries/rdsprocess.o
                                 0x50 (size before relaxing)
 *fill*         0x8101300d        0x3 
 .rodata.str1.4
                0x81013010        0x9 binaries/raminit.o
                                  0xc (size before relaxing)
 *fill*         0x81013019        0x3 
 .rodata.str1.4
                0x8101301c       0x37 binaries/lfdballoc.o
                                 0x38 (size before relaxing)
 *fill*         0x81013053        0x1 
 .rodata.str1.4
                0x81013054       0x14 binaries/lfiballoc.o
 .rodata.str1.4
                0x81013068       0x23 binaries/lflcontrol.o
                                 0x24 (size before relaxing)
 *fill*         0x8101308b        0x1 
 .rodata.str1.4
                0x8101308c      0x11f binaries/lfsckfmt.o
                                0x120 (size before relaxing)
 *fill*         0x810131ab        0x1 
 .rodata.str1.4
                0x810131ac       0x2a binaries/lfsopen.o
                                 0x2c (size before relaxing)
 *fill*         0x810131d6        0x2 
 .rodata.str1.4
                0x810131d8       0x21 binaries/rflread.o
                                 0x24 (size before relaxing)
 .rodata.str1.4
                0x00000000       0x24 binaries/rflwrite.o
 *fill*         0x810131f9        0x3 
 .rodata.str1.4
                0x810131fc       0x75 binaries/rfscomm.o
                                 0x78 (size before relaxing)
 *fill*         0x81013271        0x3 
 .rodata.str1.4
                0x81013274       0x23 binaries/rfscontrol.o
                                 0x24 (size before relaxing)
 *fill*         0x81013297        0x1 
 .rodata.str1.4
                0x81013298       0x63 binaries/rfsinit.o
                                 0x64 (size before relaxing)
 *fill*         0x810132fb        0x1 
 .rodata.str1.4
                0x810132fc       0x2a binaries/rfsndmsg.o
                                 0x2c (size before relaxing)
 .rodata.str1.4
                0x00000000       0x24 binaries/rfsopen.o
 *fill*         0x81013326        0x2 
 .rodata.str1.4
                0x81013328       0x3d binaries/arp.o
                                 0x40 (size before relaxing)
 *fill*         0x81013365        0x3 
 .rodata.str1.4
                0x81013368       0xd3 binaries/dhcp.o
                                 0xd4 (size before relaxing)
 *fill*         0x8101343b        0x1 
 .rodata.str1.4
                0x8101343c       0x1a binaries/dns.o
                                 0x1c (size before relaxing)
 *fill*         0x81013456        0x2 
 .rodata.str1.4
                0x81013458       0xca binaries/hexdump.o
                                 0xd8 (size before relaxing)
 *fill*         0x81013522        0x2 
 .rodata.str1.4
                0x81013524       0x29 binaries/icmp.o
                                 0x2c (size before relaxing)
 *fill*         0x8101354d        0x3 
 .rodata.str1.4
                0x81013550       0x6e binaries/ip.o
                                 0x70 (size before relaxing)
 *fill*         0x810135be        0x2 
 .rodata.str1.4
                0x810135c0       0x53 binaries/net.o
                                 0x54 (size before relaxing)
 *fill*         0x81013613        0x1 
 .rodata.str1.4
                0x81013614      0x292 binaries/pdump.o
                                0x298 (size before relaxing)
 *fill*         0x810138a6        0x2 
 .rodata.str1.4
                0x810138a8      0x154 binaries/tftp.o
                                0x158 (size before relaxing)
 .rodata        0x810139fc       0xfc binaries/shell.o
                0x810139fc                cmdtab
 .rodata.str1.4
                0x81013af8      0x2e6 binaries/shell.o
                                0x2f0 (size before relaxing)
 *fill*         0x81013dde        0x2 
 .rodata.str1.4
                0x81013de0       0x29 binaries/xsh_argecho.o
                                 0x30 (size before relaxing)
 *fill*         0x81013e09        0x3 
 .rodata.str1.4
                0x81013e0c      0x13e binaries/xsh_arp.o
                                0x144 (size before relaxing)
 *fill*         0x81013f4a        0x2 
 .rodata.str1.4
                0x81013f4c       0x81 binaries/xsh_cat.o
                                 0xd4 (size before relaxing)
 *fill*         0x81013fcd        0x3 
 .rodata.str1.4
                0x81013fd0       0x19 binaries/xsh_clear.o
                                 0x1c (size before relaxing)
 *fill*         0x81013fe9        0x3 
 .rodata.str1.4
                0x81013fec      0x1af binaries/xsh_date.o
                                0x1cc (size before relaxing)
 *fill*         0x8101419b        0x1 
 .rodata.str1.4
                0x8101419c       0x61 binaries/xsh_devdump.o
                                 0x64 (size before relaxing)
 *fill*         0x810141fd        0x3 
 .rodata.str1.4
                0x81014200        0x8 binaries/xsh_echo.o
                                  0xc (size before relaxing)
 .rodata.str1.4
                0x81014208       0xe7 binaries/xsh_help.o
                                0x17c (size before relaxing)
 *fill*         0x810142ef        0x1 
 .rodata.str1.4
                0x810142f0       0xc8 binaries/xsh_kill.o
                                0x138 (size before relaxing)
 .rodata.str1.4
                0x810143b8      0x226 binaries/xsh_memdump.o
                                0x27c (size before relaxing)
 *fill*         0x810145de        0x2 
 .rodata.str1.4
                0x810145e0      0x1cc binaries/xsh_memstat.o
                                0x234 (size before relaxing)
 .rodata.str1.4
                0x810147ac      0x10f binaries/xsh_netinfo.o
                                0x1cc (size before relaxing)
 *fill*         0x810148bb        0x1 
 .rodata.str1.4
                0x810148bc      0x13f binaries/xsh_ping.o
                                0x1b4 (size before relaxing)
 *fill*         0x810149fb        0x1 
 .rodata        0x810149fc       0x20 binaries/xsh_ps.o
 .rodata.str1.4
                0x81014a1c      0x11a binaries/xsh_ps.o
                                0x1d4 (size before relaxing)
 *fill*         0x81014b36        0x2 
 .rodata.str1.4
                0x81014b38       0x5e binaries/xsh_sleep.o
                                 0xf8 (size before relaxing)
 *fill*         0x81014b96        0x2 
 .rodata        0x81014b98        0xc binaries/xsh_udpdump.o
 .rodata.str1.4
                0x81014ba4      0x122 binaries/xsh_udpdump.o
                                0x1e0 (size before relaxing)
 *fill*         0x81014cc6        0x2 
 .rodata.str1.4
                0x81014cc8      0x1ae binaries/xsh_udpecho.o
                                0x224 (size before relaxing)
 *fill*         0x81014e76        0x2 
 .rodata.str1.4
                0x81014e78       0x97 binaries/xsh_udpserver.o
                                0x13c (size before relaxing)
 *fill*         0x81014f0f        0x1 
 .rodata.str1.4
                0x81014f10       0x78 binaries/xsh_uptime.o
                                0x114 (size before relaxing)
                0x81014f88                etext = ABSOLUTE (.)
                0x81015000                . = ALIGN (0x1000)
 *fill*         0x81014f88       0x78 

.glue_7         0x81015000        0x0
 .glue_7        0x00000000        0x0 linker stubs

.glue_7t        0x81015000        0x0
 .glue_7t       0x00000000        0x0 linker stubs

.vfp11_veneer   0x81015000        0x0
 .vfp11_veneer  0x00000000        0x0 linker stubs

.v4_bx          0x81015000        0x0
 .v4_bx         0x00000000        0x0 linker stubs

.iplt           0x81015000        0x0
 .iplt          0x00000000        0x0 binaries/start.o

.rel.dyn        0x81015000        0x0
 .rel.iplt      0x00000000        0x0 binaries/start.o

.data           0x81015000     0x1000
                0x81015000                data = ABSOLUTE (.)
 *(.data .data.*)
 .data          0x81015000        0x0 binaries/start.o
 .data          0x81015000       0x88 binaries/ascdate.o
                0x81015000                Date
 .data          0x81015088        0x0 binaries/bufinit.o
 .data          0x81015088        0x0 binaries/chprio.o
 .data          0x81015088        0x0 binaries/clkhandler.o
 .data          0x81015088        0x0 binaries/clkinit.o
 .data          0x81015088        0x0 binaries/close.o
 .data          0x81015088      0x708 binaries/conf.o
                0x81015088                devtab
 .data          0x81015790        0x0 binaries/control.o
 .data          0x81015790        0x4 binaries/create.o
 .data          0x81015794       0x40 binaries/evec.o
                0x81015794                expmsg2
                0x810157a8                expmsg1
 .data          0x810157d4        0x0 binaries/exit.o
 .data          0x810157d4        0x0 binaries/freebuf.o
 .data          0x810157d4        0x0 binaries/freemem.o
 .data          0x810157d4        0x0 binaries/getbuf.o
 .data          0x810157d4        0x0 binaries/getc.o
 .data          0x810157d4        0x0 binaries/getdev.o
 .data          0x810157d4        0x0 binaries/getitem.o
 .data          0x810157d4        0x0 binaries/getmem.o
 .data          0x810157d4        0x0 binaries/getpid.o
 .data          0x810157d4        0x0 binaries/getprio.o
 .data          0x810157d4        0x0 binaries/getstk.o
 .data          0x810157d4        0x0 binaries/getticks.o
 .data          0x810157d4        0x0 binaries/gettime.o
 .data          0x810157d4        0x0 binaries/getutime.o
 .data          0x810157d4        0x0 binaries/init.o
 .data          0x810157d4        0x0 binaries/initialize.o
 .data          0x810157d4        0x0 binaries/insert.o
 .data          0x810157d4        0x0 binaries/insertd.o
 .data          0x810157d4        0x0 binaries/ioerr.o
 .data          0x810157d4        0x0 binaries/ionull.o
 .data          0x810157d4        0x0 binaries/kill.o
 .data          0x810157d4        0x0 binaries/kprintf.o
 .data          0x810157d4        0x0 binaries/main.o
 .data          0x810157d4        0x0 binaries/mark.o
 .data          0x810157d4        0x0 binaries/meminit.o
 .data          0x810157d4        0x0 binaries/mkbufpool.o
 .data          0x810157d4        0x2 binaries/newqueue.o
 .data          0x810157d6        0x0 binaries/open.o
 .data          0x810157d6        0x0 binaries/panic.o
 .data          0x810157d6        0x0 binaries/platinit.o
 .data          0x810157d6        0x0 binaries/ptclear.o
 .data          0x810157d6        0x0 binaries/ptcount.o
 .data          0x810157d6        0x0 binaries/ptcreate.o
 .data          0x810157d6        0x0 binaries/ptdelete.o
 .data          0x810157d6        0x0 binaries/ptinit.o
 .data          0x810157d6        0x0 binaries/ptrecv.o
 .data          0x810157d6        0x0 binaries/ptreset.o
 .data          0x810157d6        0x0 binaries/ptsend.o
 .data          0x810157d6        0x0 binaries/putc.o
 .data          0x810157d6        0x0 binaries/queue.o
 .data          0x810157d6        0x0 binaries/read.o
 .data          0x810157d6        0x0 binaries/ready.o
 .data          0x810157d6        0x0 binaries/receive.o
 .data          0x810157d6        0x0 binaries/recvclr.o
 .data          0x810157d6        0x0 binaries/recvtime.o
 .data          0x810157d6        0x0 binaries/resched.o
 .data          0x810157d6        0x0 binaries/resume.o
 .data          0x810157d6        0x0 binaries/seek.o
 .data          0x810157d6        0x0 binaries/semcount.o
 .data          0x810157d6        0x0 binaries/semcreate.o
 .data          0x810157d6        0x0 binaries/semdelete.o
 .data          0x810157d6        0x0 binaries/semreset.o
 .data          0x810157d6        0x0 binaries/send.o
 .data          0x810157d6        0x0 binaries/signal.o
 .data          0x810157d6        0x0 binaries/signaln.o
 .data          0x810157d6        0x0 binaries/sleep.o
 .data          0x810157d6        0x0 binaries/suspend.o
 .data          0x810157d6        0x0 binaries/unsleep.o
 .data          0x810157d6        0x0 binaries/userret.o
 .data          0x810157d6        0x0 binaries/wait.o
 .data          0x810157d6        0x0 binaries/wakeup.o
 .data          0x810157d6        0x0 binaries/write.o
 .data          0x810157d6        0x0 binaries/xdone.o
 .data          0x810157d6        0x0 binaries/yield.o
 .data          0x810157d6        0x0 binaries/abs.o
 .data          0x810157d6        0x0 binaries/atoi.o
 .data          0x810157d6        0x0 binaries/atol.o
 .data          0x810157d6        0x0 binaries/bzero.o
 .data          0x810157d6        0x0 binaries/ctype_.o
 .data          0x810157d6        0x0 binaries/doprnt.o
 *fill*         0x810157d6        0x2 
 .data          0x810157d8       0x80 binaries/doscan.o
                0x810157d8                _sctab
 .data          0x81015858        0x0 binaries/fdoprnt.o
 .data          0x81015858        0x0 binaries/fgetc.o
 .data          0x81015858        0x0 binaries/fgets.o
 .data          0x81015858        0x0 binaries/fprintf.o
 .data          0x81015858        0x0 binaries/fputc.o
 .data          0x81015858        0x0 binaries/fputs.o
 .data          0x81015858        0x0 binaries/fscanf.o
 .data          0x81015858        0x0 binaries/getchar.o
 .data          0x81015858        0x0 binaries/labs.o
 .data          0x81015858        0x0 binaries/memchr.o
 .data          0x81015858        0x0 binaries/memcmp.o
 .data          0x81015858        0x0 binaries/memcpy.o
 .data          0x81015858        0x0 binaries/memset.o
 .data          0x81015858        0x0 binaries/printf.o
 .data          0x81015858        0x0 binaries/putchar.o
 .data          0x81015858        0x0 binaries/qsort.o
 .data          0x81015858        0x4 binaries/rand.o
 .data          0x8101585c        0x0 binaries/sprintf.o
 .data          0x8101585c        0x0 binaries/sscanf.o
 .data          0x8101585c        0x0 binaries/strchr.o
 .data          0x8101585c        0x0 binaries/strcmp.o
 .data          0x8101585c        0x0 binaries/strcpy.o
 .data          0x8101585c        0x0 binaries/strlen.o
 .data          0x8101585c        0x0 binaries/strncat.o
 .data          0x8101585c        0x0 binaries/strncmp.o
 .data          0x8101585c        0x0 binaries/strncpy.o
 .data          0x8101585c        0x0 binaries/strnlen.o
 .data          0x8101585c        0x0 binaries/strrchr.o
 .data          0x8101585c        0x0 binaries/strstr.o
 .data          0x8101585c        0x0 binaries/ttycontrol.o
 .data          0x8101585c        0x0 binaries/ttygetc.o
 .data          0x8101585c        0x0 binaries/ttyhandle_in.o
 .data          0x8101585c        0x0 binaries/ttyhandle_out.o
 .data          0x8101585c        0x0 binaries/ttyhandler.o
 .data          0x8101585c        0x0 binaries/ttyinit.o
 .data          0x8101585c        0x0 binaries/ttykickout.o
 .data          0x8101585c        0x0 binaries/ttyputc.o
 .data          0x8101585c        0x0 binaries/ttyread.o
 .data          0x8101585c        0x0 binaries/ttywrite.o
 .data          0x8101585c        0x0 binaries/mount.o
 .data          0x8101585c        0x0 binaries/naminit.o
 .data          0x8101585c        0x0 binaries/nammap.o
 .data          0x8101585c        0x0 binaries/namopen.o
 .data          0x8101585c        0x0 binaries/ethcontrol.o
 .data          0x8101585c        0x0 binaries/ethhandler.o
 .data          0x8101585c        0x0 binaries/ethinit.o
 .data          0x8101585c        0x0 binaries/ethread.o
 .data          0x8101585c        0x0 binaries/ethwrite.o
 .data          0x8101585c        0x0 binaries/rdsbufalloc.o
 .data          0x8101585c        0x0 binaries/rdsclose.o
 .data          0x8101585c        0x0 binaries/rdscomm.o
 .data          0x8101585c        0x0 binaries/rdscontrol.o
 .data          0x8101585c        0x0 binaries/rdsinit.o
 .data          0x8101585c        0x0 binaries/rdsopen.o
 .data          0x8101585c        0x0 binaries/rdsprocess.o
 .data          0x8101585c        0x0 binaries/rdsread.o
 .data          0x8101585c        0x0 binaries/rdswrite.o
 .data          0x8101585c        0x0 binaries/ramclose.o
 .data          0x8101585c        0x0 binaries/raminit.o
 .data          0x8101585c        0x0 binaries/ramopen.o
 .data          0x8101585c        0x0 binaries/ramread.o
 .data          0x8101585c        0x0 binaries/ramwrite.o
 .data          0x8101585c        0x0 binaries/lfdballoc.o
 .data          0x8101585c        0x0 binaries/lfdbfree.o
 .data          0x8101585c        0x0 binaries/lfflush.o
 .data          0x8101585c        0x0 binaries/lfgetmode.o
 .data          0x8101585c        0x0 binaries/lfiballoc.o
 .data          0x8101585c        0x0 binaries/lfibclear.o
 .data          0x8101585c        0x0 binaries/lfibget.o
 .data          0x8101585c        0x0 binaries/lfibput.o
 .data          0x8101585c        0x0 binaries/lflclose.o
 .data          0x8101585c        0x0 binaries/lflcontrol.o
 .data          0x8101585c        0x0 binaries/lflgetc.o
 .data          0x8101585c        0x0 binaries/lflinit.o
 .data          0x8101585c        0x0 binaries/lflputc.o
 .data          0x8101585c        0x0 binaries/lflread.o
 .data          0x8101585c        0x0 binaries/lflseek.o
 .data          0x8101585c        0x0 binaries/lflwrite.o
 .data          0x8101585c        0x0 binaries/lfscheck.o
 .data          0x8101585c        0x0 binaries/lfsckfmt.o
 .data          0x8101585c        0x0 binaries/lfscreate.o
 .data          0x8101585c        0x0 binaries/lfsetup.o
 .data          0x8101585c        0x0 binaries/lfsinit.o
 .data          0x8101585c        0x0 binaries/lfsopen.o
 .data          0x8101585c        0x0 binaries/lftruncate.o
 .data          0x8101585c        0x0 binaries/rflclose.o
 .data          0x8101585c        0x0 binaries/rflgetc.o
 .data          0x8101585c        0x0 binaries/rflinit.o
 .data          0x8101585c        0x0 binaries/rflputc.o
 .data          0x8101585c        0x0 binaries/rflread.o
 .data          0x8101585c        0x0 binaries/rflseek.o
 .data          0x8101585c        0x0 binaries/rflwrite.o
 .data          0x8101585c        0x0 binaries/rfscomm.o
 .data          0x8101585c        0x0 binaries/rfscontrol.o
 .data          0x8101585c        0x0 binaries/rfsgetmode.o
 .data          0x8101585c        0x0 binaries/rfsinit.o
 .data          0x8101585c        0x0 binaries/rfsndmsg.o
 .data          0x8101585c        0x0 binaries/rfsopen.o
 .data          0x8101585c        0x0 binaries/spicontrol.o
 .data          0x8101585c        0x0 binaries/spiinit.o
 .data          0x8101585c        0x0 binaries/gpiocontrol.o
 .data          0x8101585c        0x0 binaries/gpiohandler.o
 .data          0x8101585c        0x0 binaries/gpioinit.o
 .data          0x8101585c        0x0 binaries/gpioread.o
 .data          0x8101585c        0x0 binaries/gpioselect.o
 .data          0x8101585c        0x0 binaries/gpiowrite.o
 .data          0x8101585c        0x0 binaries/arp.o
 .data          0x8101585c        0x0 binaries/dhcp.o
 .data          0x8101585c        0x0 binaries/dns.o
 .data          0x8101585c        0x0 binaries/dot2ip.o
 .data          0x8101585c        0x0 binaries/hexdump.o
 .data          0x8101585c        0x4 binaries/icmp.o
 .data          0x81015860        0x0 binaries/ip.o
 .data          0x81015860        0x0 binaries/net.o
 .data          0x81015860        0x0 binaries/pdump.o
 .data          0x81015860        0x0 binaries/tftp.o
 .data          0x81015860        0x4 binaries/udp.o
 .data          0x81015864        0x0 binaries/addargs.o
 .data          0x81015864        0x0 binaries/lexan.o
 .data          0x81015864        0x4 binaries/shell.o
                0x81015864                ncmd
 .data          0x81015868        0x0 binaries/xsh_argecho.o
 .data          0x81015868        0x0 binaries/xsh_arp.o
 .data          0x81015868        0x0 binaries/xsh_cat.o
 .data          0x81015868        0x0 binaries/xsh_clear.o
 .data          0x81015868        0x0 binaries/xsh_date.o
 .data          0x81015868        0x0 binaries/xsh_devdump.o
 .data          0x81015868        0x0 binaries/xsh_echo.o
 .data          0x81015868        0x0 binaries/xsh_exit.o
 .data          0x81015868        0x0 binaries/xsh_help.o
 .data          0x81015868        0x0 binaries/xsh_kill.o
 .data          0x81015868        0x0 binaries/xsh_memdump.o
 .data          0x81015868        0x0 binaries/xsh_memstat.o
 .data          0x81015868        0x0 binaries/xsh_netinfo.o
 .data          0x81015868        0x0 binaries/xsh_ping.o
 .data          0x81015868        0x0 binaries/xsh_ps.o
 .data          0x81015868        0x0 binaries/xsh_sleep.o
 .data          0x81015868        0x0 binaries/xsh_udpdump.o
 .data          0x81015868        0x0 binaries/xsh_udpecho.o
 .data          0x81015868        0x0 binaries/xsh_udpserver.o
 .data          0x81015868        0x0 binaries/xsh_uptime.o
 .data          0x81015868        0x0 binaries/ctxsw.o
 .data          0x81015868        0x0 binaries/intr.o
 .data          0x81015868        0x0 /homes/cs354/bin/cross_compiler/lib/gcc/arm-none-eabi/4.8.1//libgcc.a(_udivsi3.o)
 .data          0x81015868        0x0 /homes/cs354/bin/cross_compiler/lib/gcc/arm-none-eabi/4.8.1//libgcc.a(_divsi3.o)
 .data          0x81015868        0x0 /homes/cs354/bin/cross_compiler/lib/gcc/arm-none-eabi/4.8.1//libgcc.a(_dvmd_tls.o)
 .data          0x81015868        0x0 /homes/cs354/bin/cross_compiler/lib/gcc/arm-none-eabi/4.8.1//libgcc.a(_arm_muldivdf3.o)
 .data          0x81015868        0x0 /homes/cs354/bin/cross_compiler/lib/gcc/arm-none-eabi/4.8.1//libgcc.a(_arm_cmpdf2.o)
 .data          0x81015868        0x0 /homes/cs354/bin/cross_compiler/lib/gcc/arm-none-eabi/4.8.1//libgcc.a(_arm_fixdfsi.o)
                0x81015868                edata = ABSOLUTE (.)
                0x81016000                . = ALIGN (0x1000)
 *fill*         0x81015868      0x798 

.igot.plt       0x81016000        0x0
 .igot.plt      0x00000000        0x0 binaries/start.o

.bss            0x81016000    0x20000
                0x81016000                bss = ABSOLUTE (.)
 *(.bss .bss.*)
 .bss           0x81016000        0x0 binaries/start.o
 .bss           0x81016000        0x0 binaries/ascdate.o
 .bss           0x81016000        0x0 binaries/bufinit.o
 .bss           0x81016000        0x0 binaries/chprio.o
 .bss           0x81016000        0x0 binaries/clkhandler.o
 .bss           0x81016000        0x0 binaries/clkinit.o
 .bss           0x81016000        0x0 binaries/close.o
 .bss           0x81016000        0x0 binaries/conf.o
 .bss           0x81016000        0x0 binaries/control.o
 .bss           0x81016000        0x0 binaries/create.o
 .bss           0x81016000        0x0 binaries/evec.o
 .bss           0x81016000        0x0 binaries/exit.o
 .bss           0x81016000        0x0 binaries/freebuf.o
 .bss           0x81016000        0x0 binaries/freemem.o
 .bss           0x81016000        0x0 binaries/getbuf.o
 .bss           0x81016000        0x0 binaries/getc.o
 .bss           0x81016000        0x0 binaries/getdev.o
 .bss           0x81016000        0x0 binaries/getitem.o
 .bss           0x81016000        0x0 binaries/getmem.o
 .bss           0x81016000        0x0 binaries/getpid.o
 .bss           0x81016000        0x0 binaries/getprio.o
 .bss           0x81016000        0x0 binaries/getstk.o
 .bss           0x81016000        0x0 binaries/getticks.o
 .bss           0x81016000        0x0 binaries/gettime.o
 .bss           0x81016000        0x0 binaries/getutime.o
 .bss           0x81016000        0x0 binaries/init.o
 .bss           0x81016000        0x0 binaries/initialize.o
 .bss           0x81016000        0x0 binaries/insert.o
 .bss           0x81016000        0x0 binaries/insertd.o
 .bss           0x81016000        0x0 binaries/ioerr.o
 .bss           0x81016000        0x0 binaries/ionull.o
 .bss           0x81016000        0x0 binaries/kill.o
 .bss           0x81016000        0x0 binaries/kprintf.o
 .bss           0x81016000        0x0 binaries/main.o
 .bss           0x81016000        0x0 binaries/mark.o
 .bss           0x81016000        0x0 binaries/meminit.o
 .bss           0x81016000        0x0 binaries/mkbufpool.o
 .bss           0x81016000        0x0 binaries/newqueue.o
 .bss           0x81016000        0x0 binaries/open.o
 .bss           0x81016000        0x0 binaries/panic.o
 .bss           0x81016000        0x0 binaries/platinit.o
 .bss           0x81016000        0x0 binaries/ptclear.o
 .bss           0x81016000        0x0 binaries/ptcount.o
 .bss           0x81016000        0x0 binaries/ptcreate.o
 .bss           0x81016000        0x0 binaries/ptdelete.o
 .bss           0x81016000        0x0 binaries/ptinit.o
 .bss           0x81016000        0x0 binaries/ptrecv.o
 .bss           0x81016000        0x0 binaries/ptreset.o
 .bss           0x81016000        0x0 binaries/ptsend.o
 .bss           0x81016000        0x0 binaries/putc.o
 .bss           0x81016000        0x0 binaries/queue.o
 .bss           0x81016000        0x0 binaries/read.o
 .bss           0x81016000        0x0 binaries/ready.o
 .bss           0x81016000        0x0 binaries/receive.o
 .bss           0x81016000        0x0 binaries/recvclr.o
 .bss           0x81016000        0x0 binaries/recvtime.o
 .bss           0x81016000        0x0 binaries/resched.o
 .bss           0x81016000        0x0 binaries/resume.o
 .bss           0x81016000        0x0 binaries/seek.o
 .bss           0x81016000        0x0 binaries/semcount.o
 .bss           0x81016000        0x4 binaries/semcreate.o
 .bss           0x81016004        0x0 binaries/semdelete.o
 .bss           0x81016004        0x0 binaries/semreset.o
 .bss           0x81016004        0x0 binaries/send.o
 .bss           0x81016004        0x0 binaries/signal.o
 .bss           0x81016004        0x0 binaries/signaln.o
 .bss           0x81016004        0x0 binaries/sleep.o
 .bss           0x81016004        0x0 binaries/suspend.o
 .bss           0x81016004        0x0 binaries/unsleep.o
 .bss           0x81016004        0x0 binaries/userret.o
 .bss           0x81016004        0x0 binaries/wait.o
 .bss           0x81016004        0x0 binaries/wakeup.o
 .bss           0x81016004        0x0 binaries/write.o
 .bss           0x81016004        0x0 binaries/xdone.o
 .bss           0x81016004        0x0 binaries/yield.o
 .bss           0x81016004        0x0 binaries/abs.o
 .bss           0x81016004        0x0 binaries/atoi.o
 .bss           0x81016004        0x0 binaries/atol.o
 .bss           0x81016004        0x0 binaries/bzero.o
 .bss           0x81016004        0x0 binaries/ctype_.o
 .bss           0x81016004        0x0 binaries/doprnt.o
 .bss           0x81016004        0x0 binaries/doscan.o
 .bss           0x81016004        0x0 binaries/fdoprnt.o
 .bss           0x81016004        0x0 binaries/fgetc.o
 .bss           0x81016004        0x0 binaries/fgets.o
 .bss           0x81016004        0x0 binaries/fprintf.o
 .bss           0x81016004        0x0 binaries/fputc.o
 .bss           0x81016004        0x0 binaries/fputs.o
 .bss           0x81016004        0x0 binaries/fscanf.o
 .bss           0x81016004        0x0 binaries/getchar.o
 .bss           0x81016004        0x0 binaries/labs.o
 .bss           0x81016004        0x0 binaries/memchr.o
 .bss           0x81016004        0x0 binaries/memcmp.o
 .bss           0x81016004        0x0 binaries/memcpy.o
 .bss           0x81016004        0x0 binaries/memset.o
 .bss           0x81016004        0x0 binaries/printf.o
 .bss           0x81016004        0x0 binaries/putchar.o
 .bss           0x81016004        0x8 binaries/qsort.o
 .bss           0x8101600c        0x0 binaries/rand.o
 .bss           0x8101600c        0x0 binaries/sprintf.o
 .bss           0x8101600c        0x0 binaries/sscanf.o
 .bss           0x8101600c        0x0 binaries/strchr.o
 .bss           0x8101600c        0x0 binaries/strcmp.o
 .bss           0x8101600c        0x0 binaries/strcpy.o
 .bss           0x8101600c        0x0 binaries/strlen.o
 .bss           0x8101600c        0x0 binaries/strncat.o
 .bss           0x8101600c        0x0 binaries/strncmp.o
 .bss           0x8101600c        0x0 binaries/strncpy.o
 .bss           0x8101600c        0x0 binaries/strnlen.o
 .bss           0x8101600c        0x0 binaries/strrchr.o
 .bss           0x8101600c        0x0 binaries/strstr.o
 .bss           0x8101600c        0x0 binaries/ttycontrol.o
 .bss           0x8101600c        0x0 binaries/ttygetc.o
 .bss           0x8101600c        0x0 binaries/ttyhandle_in.o
 .bss           0x8101600c        0x0 binaries/ttyhandle_out.o
 .bss           0x8101600c        0x0 binaries/ttyhandler.o
 .bss           0x8101600c        0x0 binaries/ttyinit.o
 .bss           0x8101600c        0x0 binaries/ttykickout.o
 .bss           0x8101600c        0x0 binaries/ttyputc.o
 .bss           0x8101600c        0x0 binaries/ttyread.o
 .bss           0x8101600c        0x0 binaries/ttywrite.o
 .bss           0x8101600c        0x0 binaries/mount.o
 .bss           0x8101600c        0x0 binaries/naminit.o
 .bss           0x8101600c        0x0 binaries/nammap.o
 .bss           0x8101600c        0x0 binaries/namopen.o
 .bss           0x8101600c        0x0 binaries/ethcontrol.o
 .bss           0x8101600c        0x0 binaries/ethhandler.o
 .bss           0x8101600c        0x0 binaries/ethinit.o
 .bss           0x8101600c        0x0 binaries/ethread.o
 .bss           0x8101600c        0x0 binaries/ethwrite.o
 .bss           0x8101600c        0x0 binaries/rdsbufalloc.o
 .bss           0x8101600c        0x0 binaries/rdsclose.o
 .bss           0x8101600c        0x0 binaries/rdscomm.o
 .bss           0x8101600c        0x0 binaries/rdscontrol.o
 .bss           0x8101600c        0x0 binaries/rdsinit.o
 .bss           0x8101600c        0x0 binaries/rdsopen.o
 .bss           0x8101600c        0x0 binaries/rdsprocess.o
 .bss           0x8101600c        0x0 binaries/rdsread.o
 .bss           0x8101600c        0x0 binaries/rdswrite.o
 .bss           0x8101600c        0x0 binaries/ramclose.o
 .bss           0x8101600c        0x0 binaries/raminit.o
 .bss           0x8101600c        0x0 binaries/ramopen.o
 .bss           0x8101600c        0x0 binaries/ramread.o
 .bss           0x8101600c        0x0 binaries/ramwrite.o
 .bss           0x8101600c        0x0 binaries/lfdballoc.o
 .bss           0x8101600c        0x0 binaries/lfdbfree.o
 .bss           0x8101600c        0x0 binaries/lfflush.o
 .bss           0x8101600c        0x0 binaries/lfgetmode.o
 .bss           0x8101600c        0x0 binaries/lfiballoc.o
 .bss           0x8101600c        0x0 binaries/lfibclear.o
 .bss           0x8101600c        0x0 binaries/lfibget.o
 .bss           0x8101600c        0x0 binaries/lfibput.o
 .bss           0x8101600c        0x0 binaries/lflclose.o
 .bss           0x8101600c        0x0 binaries/lflcontrol.o
 .bss           0x8101600c        0x0 binaries/lflgetc.o
 .bss           0x8101600c        0x0 binaries/lflinit.o
 .bss           0x8101600c        0x0 binaries/lflputc.o
 .bss           0x8101600c        0x0 binaries/lflread.o
 .bss           0x8101600c        0x0 binaries/lflseek.o
 .bss           0x8101600c        0x0 binaries/lflwrite.o
 .bss           0x8101600c        0x0 binaries/lfscheck.o
 .bss           0x8101600c        0x0 binaries/lfsckfmt.o
 .bss           0x8101600c        0x0 binaries/lfscreate.o
 .bss           0x8101600c        0x0 binaries/lfsetup.o
 .bss           0x8101600c        0x0 binaries/lfsinit.o
 .bss           0x8101600c        0x0 binaries/lfsopen.o
 .bss           0x8101600c        0x0 binaries/lftruncate.o
 .bss           0x8101600c        0x0 binaries/rflclose.o
 .bss           0x8101600c        0x0 binaries/rflgetc.o
 .bss           0x8101600c        0x0 binaries/rflinit.o
 .bss           0x8101600c        0x0 binaries/rflputc.o
 .bss           0x8101600c        0x0 binaries/rflread.o
 .bss           0x8101600c        0x0 binaries/rflseek.o
 .bss           0x8101600c        0x0 binaries/rflwrite.o
 .bss           0x8101600c        0x0 binaries/rfscomm.o
 .bss           0x8101600c        0x0 binaries/rfscontrol.o
 .bss           0x8101600c        0x0 binaries/rfsgetmode.o
 .bss           0x8101600c        0x0 binaries/rfsinit.o
 .bss           0x8101600c        0x0 binaries/rfsndmsg.o
 .bss           0x8101600c        0x0 binaries/rfsopen.o
 .bss           0x8101600c        0x0 binaries/spicontrol.o
 .bss           0x8101600c        0x0 binaries/spiinit.o
 .bss           0x8101600c        0x0 binaries/gpiocontrol.o
 .bss           0x8101600c        0x0 binaries/gpiohandler.o
 .bss           0x8101600c        0x0 binaries/gpioinit.o
 .bss           0x8101600c        0x0 binaries/gpioread.o
 .bss           0x8101600c        0x0 binaries/gpioselect.o
 .bss           0x8101600c        0x0 binaries/gpiowrite.o
 .bss           0x8101600c        0x0 binaries/arp.o
 .bss           0x8101600c        0x0 binaries/dhcp.o
 .bss           0x8101600c        0x0 binaries/dns.o
 .bss           0x8101600c        0x0 binaries/dot2ip.o
 .bss           0x8101600c        0x0 binaries/hexdump.o
 .bss           0x8101600c        0x0 binaries/icmp.o
 .bss           0x8101600c        0x0 binaries/ip.o
 .bss           0x8101600c        0x0 binaries/net.o
 .bss           0x8101600c        0x0 binaries/pdump.o
 .bss           0x8101600c        0x0 binaries/tftp.o
 .bss           0x8101600c        0x0 binaries/udp.o
 .bss           0x8101600c        0x0 binaries/addargs.o
 .bss           0x8101600c        0x0 binaries/lexan.o
 .bss           0x8101600c        0x0 binaries/shell.o
 .bss           0x8101600c        0x0 binaries/xsh_argecho.o
 .bss           0x8101600c        0x0 binaries/xsh_arp.o
 .bss           0x8101600c        0x0 binaries/xsh_cat.o
 .bss           0x8101600c        0x0 binaries/xsh_clear.o
 .bss           0x8101600c        0x0 binaries/xsh_date.o
 .bss           0x8101600c        0x0 binaries/xsh_devdump.o
 .bss           0x8101600c        0x0 binaries/xsh_echo.o
 .bss           0x8101600c        0x0 binaries/xsh_exit.o
 .bss           0x8101600c        0x0 binaries/xsh_help.o
 .bss           0x8101600c        0x0 binaries/xsh_kill.o
 .bss           0x8101600c        0x0 binaries/xsh_memdump.o
 .bss           0x8101600c        0x0 binaries/xsh_memstat.o
 .bss           0x8101600c        0x0 binaries/xsh_netinfo.o
 .bss           0x8101600c        0x4 binaries/xsh_ping.o
 .bss           0x81016010        0x0 binaries/xsh_ps.o
 .bss           0x81016010        0x0 binaries/xsh_sleep.o
 .bss           0x81016010        0x0 binaries/xsh_udpdump.o
 .bss           0x81016010        0x0 binaries/xsh_udpecho.o
 .bss           0x81016010        0x0 binaries/xsh_udpserver.o
 .bss           0x81016010        0x0 binaries/xsh_uptime.o
 .bss           0x81016010        0x0 binaries/ctxsw.o
 .bss           0x81016010        0x0 binaries/intr.o
 .bss           0x81016010        0x0 /homes/cs354/bin/cross_compiler/lib/gcc/arm-none-eabi/4.8.1//libgcc.a(_udivsi3.o)
 .bss           0x81016010        0x0 /homes/cs354/bin/cross_compiler/lib/gcc/arm-none-eabi/4.8.1//libgcc.a(_divsi3.o)
 .bss           0x81016010        0x0 /homes/cs354/bin/cross_compiler/lib/gcc/arm-none-eabi/4.8.1//libgcc.a(_dvmd_tls.o)
 .bss           0x81016010        0x0 /homes/cs354/bin/cross_compiler/lib/gcc/arm-none-eabi/4.8.1//libgcc.a(_arm_muldivdf3.o)
 .bss           0x81016010        0x0 /homes/cs354/bin/cross_compiler/lib/gcc/arm-none-eabi/4.8.1//libgcc.a(_arm_cmpdf2.o)
 .bss           0x81016010        0x0 /homes/cs354/bin/cross_compiler/lib/gcc/arm-none-eabi/4.8.1//libgcc.a(_arm_fixdfsi.o)
 *(COMMON)
 COMMON         0x81016010       0xf4 binaries/bufinit.o
                0x81016010                buftab
                0x81016100                nbpools
 COMMON         0x81016104       0x10 binaries/clkinit.o
                0x81016104                sleepq
                0x81016108                preempt
                0x8101610c                count1000
                0x81016110                clktime
 COMMON         0x81016114      0x200 binaries/evec.o
                0x81016114                intc_vector
 COMMON         0x81016314     0x1aa0 binaries/initialize.o
                0x81016314                currpid
                0x81016318                proctab
                0x810178f8                prcount
                0x810178fc                semtab
                0x81017dac                memlist
 COMMON         0x81017db4       0x58 binaries/mark.o
                0x81017db4                marks
                0x81017e04                nmarks
                0x81017e08                mkmutex
 COMMON         0x81017e0c       0x10 binaries/meminit.o
                0x81017e0c                minheap
                0x81017e10                maxheap
                0x81017e14                maxbuddy
                0x81017e18                minbuddy
 COMMON         0x81017e1c      0x2d8 binaries/ptinit.o
                0x81017e1c                porttab
                0x810180ec                ptnextid
                0x810180f0                ptfree
 COMMON         0x810180f4      0x980 binaries/queue.o
                0x810180f4                queuetab
 COMMON         0x81018a74        0x2 binaries/ready.o
                0x81018a74                readylist
 *fill*         0x81018a76        0x2 
 COMMON         0x81018a78        0x8 binaries/resched.o
                0x81018a78                Defer
 COMMON         0x81018a80      0x110 binaries/ttyinit.o
                0x81018a80                ttytab
 COMMON         0x81018b90     0x19a4 binaries/naminit.o
                0x81018b90                nnames
                0x81018b94                nametab
 COMMON         0x8101a534      0x154 binaries/ethinit.o
                0x8101a534                eth_a_regs
                0x8101a550                ethertab
 COMMON         0x8101a688       0x8c binaries/rdsinit.o
                0x8101a688                rdstab
 COMMON         0x8101a714    0x19000 binaries/raminit.o
                0x8101a714                Ram
 COMMON         0x81033714      0xf00 binaries/lflinit.o
                0x81033714                lfltab
 COMMON         0x81034614      0x20c binaries/lfsinit.o
                0x81034614                Lf_data
 COMMON         0x81034820      0x5a0 binaries/rflinit.o
                0x81034820                rfltab
 COMMON         0x81034dc0       0x18 binaries/rfsinit.o
                0x81034dc0                Rf_data
 COMMON         0x81034dd8       0x10 binaries/gpioinit.o
                0x81034dd8                gpiotab
 COMMON         0x81034de8      0x140 binaries/arp.o
                0x81034de8                arpcache
 COMMON         0x81034f28      0x230 binaries/icmp.o
                0x81034f28                icmptab
 COMMON         0x81035158       0x2c binaries/ip.o
                0x81035158                ipoqueue
 COMMON         0x81035184       0xb8 binaries/net.o
                0x81035184                netbufpool
                0x81035188                netportseed
                0x8103518c                NetData
 COMMON         0x8103523c      0x168 binaries/udp.o
                0x8103523c                udptab
                0x810353a4                ebss = ABSOLUTE (.)
                0x81036000                . = ALIGN (0x1000)
 *fill*         0x810353a4      0xc5c 
 */()
                0x81036000                end = ABSOLUTE (.)
                0x81036000                _end = ABSOLUTE (.)
                0x81036000                . = ALIGN (0x1000)
LOAD binaries/start.o
LOAD binaries/ascdate.o
LOAD binaries/bufinit.o
LOAD binaries/chprio.o
LOAD binaries/clkhandler.o
LOAD binaries/clkinit.o
LOAD binaries/close.o
LOAD binaries/conf.o
LOAD binaries/control.o
LOAD binaries/create.o
LOAD binaries/evec.o
LOAD binaries/exit.o
LOAD binaries/freebuf.o
LOAD binaries/freemem.o
LOAD binaries/getbuf.o
LOAD binaries/getc.o
LOAD binaries/getdev.o
LOAD binaries/getitem.o
LOAD binaries/getmem.o
LOAD binaries/getpid.o
LOAD binaries/getprio.o
LOAD binaries/getstk.o
LOAD binaries/getticks.o
LOAD binaries/gettime.o
LOAD binaries/getutime.o
LOAD binaries/init.o
LOAD binaries/initialize.o
LOAD binaries/insert.o
LOAD binaries/insertd.o
LOAD binaries/ioerr.o
LOAD binaries/ionull.o
LOAD binaries/kill.o
LOAD binaries/kprintf.o
LOAD binaries/main.o
LOAD binaries/mark.o
LOAD binaries/meminit.o
LOAD binaries/mkbufpool.o
LOAD binaries/newqueue.o
LOAD binaries/open.o
LOAD binaries/panic.o
LOAD binaries/platinit.o
LOAD binaries/ptclear.o
LOAD binaries/ptcount.o
LOAD binaries/ptcreate.o
LOAD binaries/ptdelete.o
LOAD binaries/ptinit.o
LOAD binaries/ptrecv.o
LOAD binaries/ptreset.o
LOAD binaries/ptsend.o
LOAD binaries/putc.o
LOAD binaries/queue.o
LOAD binaries/read.o
LOAD binaries/ready.o
LOAD binaries/receive.o
LOAD binaries/recvclr.o
LOAD binaries/recvtime.o
LOAD binaries/resched.o
LOAD binaries/resume.o
LOAD binaries/seek.o
LOAD binaries/semcount.o
LOAD binaries/semcreate.o
LOAD binaries/semdelete.o
LOAD binaries/semreset.o
LOAD binaries/send.o
LOAD binaries/signal.o
LOAD binaries/signaln.o
LOAD binaries/sleep.o
LOAD binaries/suspend.o
LOAD binaries/unsleep.o
LOAD binaries/userret.o
LOAD binaries/wait.o
LOAD binaries/wakeup.o
LOAD binaries/write.o
LOAD binaries/xdone.o
LOAD binaries/yield.o
LOAD binaries/abs.o
LOAD binaries/atoi.o
LOAD binaries/atol.o
LOAD binaries/bzero.o
LOAD binaries/ctype_.o
LOAD binaries/doprnt.o
LOAD binaries/doscan.o
LOAD binaries/fdoprnt.o
LOAD binaries/fgetc.o
LOAD binaries/fgets.o
LOAD binaries/fprintf.o
LOAD binaries/fputc.o
LOAD binaries/fputs.o
LOAD binaries/fscanf.o
LOAD binaries/getchar.o
LOAD binaries/labs.o
LOAD binaries/memchr.o
LOAD binaries/memcmp.o
LOAD binaries/memcpy.o
LOAD binaries/memset.o
LOAD binaries/printf.o
LOAD binaries/putchar.o
LOAD binaries/qsort.o
LOAD binaries/rand.o
LOAD binaries/sprintf.o
LOAD binaries/sscanf.o
LOAD binaries/strchr.o
LOAD binaries/strcmp.o
LOAD binaries/strcpy.o
LOAD binaries/strlen.o
LOAD binaries/strncat.o
LOAD binaries/strncmp.o
LOAD binaries/strncpy.o
LOAD binaries/strnlen.o
LOAD binaries/strrchr.o
LOAD binaries/strstr.o
LOAD binaries/ttycontrol.o
LOAD binaries/ttygetc.o
LOAD binaries/ttyhandle_in.o
LOAD binaries/ttyhandle_out.o
LOAD binaries/ttyhandler.o
LOAD binaries/ttyinit.o
LOAD binaries/ttykickout.o
LOAD binaries/ttyputc.o
LOAD binaries/ttyread.o
LOAD binaries/ttywrite.o
LOAD binaries/mount.o
LOAD binaries/naminit.o
LOAD binaries/nammap.o
LOAD binaries/namopen.o
LOAD binaries/ethcontrol.o
LOAD binaries/ethhandler.o
LOAD binaries/ethinit.o
LOAD binaries/ethread.o
LOAD binaries/ethwrite.o
LOAD binaries/rdsbufalloc.o
LOAD binaries/rdsclose.o
LOAD binaries/rdscomm.o
LOAD binaries/rdscontrol.o
LOAD binaries/rdsinit.o
LOAD binaries/rdsopen.o
LOAD binaries/rdsprocess.o
LOAD binaries/rdsread.o
LOAD binaries/rdswrite.o
LOAD binaries/ramclose.o
LOAD binaries/raminit.o
LOAD binaries/ramopen.o
LOAD binaries/ramread.o
LOAD binaries/ramwrite.o
LOAD binaries/lfdballoc.o
LOAD binaries/lfdbfree.o
[...]
                0x00001d21       0x35 binaries/ramopen.o
 .ARM.attributes
                0x00001d56       0x35 binaries/ramread.o
 .ARM.attributes
                0x00001d8b       0x35 binaries/ramwrite.o
 .ARM.attributes
                0x00001dc0       0x35 binaries/lfdballoc.o
 .ARM.attributes
                0x00001df5       0x35 binaries/lfdbfree.o
 .ARM.attributes
                0x00001e2a       0x35 binaries/lfflush.o
 .ARM.attributes
                0x00001e5f       0x35 binaries/lfgetmode.o
 .ARM.attributes
                0x00001e94       0x35 binaries/lfiballoc.o
 .ARM.attributes
                0x00001ec9       0x35 binaries/lfibclear.o
 .ARM.attributes
                0x00001efe       0x35 binaries/lfibget.o
 .ARM.attributes
                0x00001f33       0x35 binaries/lfibput.o
 .ARM.attributes
                0x00001f68       0x35 binaries/lflclose.o
 .ARM.attributes
                0x00001f9d       0x35 binaries/lflcontrol.o
 .ARM.attributes
                0x00001fd2       0x35 binaries/lflgetc.o
 .ARM.attributes
                0x00002007       0x35 binaries/lflinit.o
 .ARM.attributes
                0x0000203c       0x35 binaries/lflputc.o
 .ARM.attributes
                0x00002071       0x35 binaries/lflread.o
 .ARM.attributes
                0x000020a6       0x35 binaries/lflseek.o
 .ARM.attributes
                0x000020db       0x35 binaries/lflwrite.o
 .ARM.attributes
                0x00002110       0x35 binaries/lfscheck.o
 .ARM.attributes
                0x00002145       0x35 binaries/lfsckfmt.o
 .ARM.attributes
                0x0000217a       0x35 binaries/lfscreate.o
 .ARM.attributes
                0x000021af       0x35 binaries/lfsetup.o
 .ARM.attributes
                0x000021e4       0x35 binaries/lfsinit.o
 .ARM.attributes
                0x00002219       0x35 binaries/lfsopen.o
 .ARM.attributes
                0x0000224e       0x35 binaries/lftruncate.o
 .ARM.attributes
                0x00002283       0x35 binaries/rflclose.o
 .ARM.attributes
                0x000022b8       0x35 binaries/rflgetc.o
 .ARM.attributes
                0x000022ed       0x35 binaries/rflinit.o
 .ARM.attributes
                0x00002322       0x35 binaries/rflputc.o
 .ARM.attributes
                0x00002357       0x35 binaries/rflread.o
 .ARM.attributes
                0x0000238c       0x35 binaries/rflseek.o
 .ARM.attributes
                0x000023c1       0x35 binaries/rflwrite.o
 .ARM.attributes
                0x000023f6       0x35 binaries/rfscomm.o
 .ARM.attributes
                0x0000242b       0x35 binaries/rfscontrol.o
 .ARM.attributes
                0x00002460       0x35 binaries/rfsgetmode.o
 .ARM.attributes
                0x00002495       0x35 binaries/rfsinit.o
 .ARM.attributes
                0x000024ca       0x35 binaries/rfsndmsg.o
 .ARM.attributes
                0x000024ff       0x35 binaries/rfsopen.o
 .ARM.attributes
                0x00002534       0x35 binaries/spicontrol.o
 .ARM.attributes
                0x00002569       0x35 binaries/spiinit.o
 .ARM.attributes
                0x0000259e       0x35 binaries/gpiocontrol.o
 .ARM.attributes
                0x000025d3       0x35 binaries/gpiohandler.o
 .ARM.attributes
                0x00002608       0x35 binaries/gpioinit.o
 .ARM.attributes
                0x0000263d       0x35 binaries/gpioread.o
 .ARM.attributes
                0x00002672       0x35 binaries/gpioselect.o
 .ARM.attributes
                0x000026a7       0x35 binaries/gpiowrite.o
 .ARM.attributes
                0x000026dc       0x35 binaries/arp.o
 .ARM.attributes
                0x00002711       0x35 binaries/dhcp.o
 .ARM.attributes
                0x00002746       0x35 binaries/dns.o
 .ARM.attributes
                0x0000277b       0x35 binaries/dot2ip.o
 .ARM.attributes
                0x000027b0       0x35 binaries/hexdump.o
 .ARM.attributes
                0x000027e5       0x35 binaries/icmp.o
 .ARM.attributes
                0x0000281a       0x35 binaries/ip.o
 .ARM.attributes
                0x0000284f       0x35 binaries/net.o
 .ARM.attributes
                0x00002884       0x35 binaries/pdump.o
 .ARM.attributes
                0x000028b9       0x35 binaries/tftp.o
 .ARM.attributes
                0x000028ee       0x35 binaries/udp.o
 .ARM.attributes
                0x00002923       0x35 binaries/addargs.o
 .ARM.attributes
                0x00002958       0x35 binaries/lexan.o
 .ARM.attributes
                0x0000298d       0x35 binaries/shell.o
 .ARM.attributes
                0x000029c2       0x35 binaries/xsh_argecho.o
 .ARM.attributes
                0x000029f7       0x35 binaries/xsh_arp.o
 .ARM.attributes
                0x00002a2c       0x35 binaries/xsh_cat.o
 .ARM.attributes
                0x00002a61       0x35 binaries/xsh_clear.o
 .ARM.attributes
                0x00002a96       0x35 binaries/xsh_date.o
 .ARM.attributes
                0x00002acb       0x35 binaries/xsh_devdump.o
 .ARM.attributes
                0x00002b00       0x35 binaries/xsh_echo.o
 .ARM.attributes
                0x00002b35       0x35 binaries/xsh_exit.o
 .ARM.attributes
                0x00002b6a       0x35 binaries/xsh_help.o
 .ARM.attributes
                0x00002b9f       0x35 binaries/xsh_kill.o
 .ARM.attributes
                0x00002bd4       0x35 binaries/xsh_memdump.o
 .ARM.attributes
                0x00002c09       0x35 binaries/xsh_memstat.o
 .ARM.attributes
                0x00002c3e       0x35 binaries/xsh_netinfo.o
 .ARM.attributes
                0x00002c73       0x35 binaries/xsh_ping.o
 .ARM.attributes
                0x00002ca8       0x35 binaries/xsh_ps.o
 .ARM.attributes
                0x00002cdd       0x35 binaries/xsh_sleep.o
 .ARM.attributes
                0x00002d12       0x35 binaries/xsh_udpdump.o
 .ARM.attributes
                0x00002d47       0x35 binaries/xsh_udpecho.o
 .ARM.attributes
                0x00002d7c       0x35 binaries/xsh_udpserver.o
 .ARM.attributes
                0x00002db1       0x35 binaries/xsh_uptime.o
 .ARM.attributes
                0x00002de6       0x25 binaries/ctxsw.o
 .ARM.attributes
                0x00002e0b       0x25 binaries/intr.o
 .ARM.attributes
                0x00002e30       0x18 /homes/cs354/bin/cross_compiler/lib/gcc/arm-none-eabi/4.8.1//libgcc.a(_udivsi3.o)
 .ARM.attributes
                0x00002e48       0x18 /homes/cs354/bin/cross_compiler/lib/gcc/arm-none-eabi/4.8.1//libgcc.a(_divsi3.o)
 .ARM.attributes
                0x00002e60       0x18 /homes/cs354/bin/cross_compiler/lib/gcc/arm-none-eabi/4.8.1//libgcc.a(_dvmd_tls.o)
 .ARM.attributes
                0x00002e78       0x18 /homes/cs354/bin/cross_compiler/lib/gcc/arm-none-eabi/4.8.1//libgcc.a(_arm_muldivdf3.o)
 .ARM.attributes
                0x00002e90       0x18 /homes/cs354/bin/cross_compiler/lib/gcc/arm-none-eabi/4.8.1//libgcc.a(_arm_cmpdf2.o)
 .ARM.attributes
                0x00002ea8       0x18 /homes/cs354/bin/cross_compiler/lib/gcc/arm-none-eabi/4.8.1//libgcc.a(_arm_fixdfsi.o)

.comment        0x00000000       0x30
 .comment       0x00000000       0x30 binaries/ascdate.o
                                 0x31 (size before relaxing)
 .comment       0x00000000       0x31 binaries/bufinit.o
 .comment       0x00000000       0x31 binaries/chprio.o
 .comment       0x00000000       0x31 binaries/clkhandler.o
 .comment       0x00000000       0x31 binaries/clkinit.o
 .comment       0x00000000       0x31 binaries/close.o
 .comment       0x00000000       0x31 binaries/conf.o
 .comment       0x00000000       0x31 binaries/control.o
 .comment       0x00000000       0x31 binaries/create.o
 .comment       0x00000000       0x31 binaries/evec.o
 .comment       0x00000000       0x31 binaries/exit.o
 .comment       0x00000000       0x31 binaries/freebuf.o
 .comment       0x00000000       0x31 binaries/freemem.o
 .comment       0x00000000       0x31 binaries/getbuf.o
 .comment       0x00000000       0x31 binaries/getc.o
 .comment       0x00000000       0x31 binaries/getdev.o
 .comment       0x00000000       0x31 binaries/getitem.o
 .comment       0x00000000       0x31 binaries/getmem.o
 .comment       0x00000000       0x31 binaries/getpid.o
 .comment       0x00000000       0x31 binaries/getprio.o
 .comment       0x00000000       0x31 binaries/getstk.o
 .comment       0x00000000       0x31 binaries/getticks.o
 .comment       0x00000000       0x31 binaries/gettime.o
 .comment       0x00000000       0x31 binaries/getutime.o
 .comment       0x00000000       0x31 binaries/init.o
 .comment       0x00000000       0x31 binaries/initialize.o
 .comment       0x00000000       0x31 binaries/insert.o
 .comment       0x00000000       0x31 binaries/insertd.o
 .comment       0x00000000       0x31 binaries/ioerr.o
 .comment       0x00000000       0x31 binaries/ionull.o
 .comment       0x00000000       0x31 binaries/kill.o
 .comment       0x00000000       0x31 binaries/kprintf.o
 .comment       0x00000000       0x31 binaries/main.o
 .comment       0x00000000       0x31 binaries/mark.o
 .comment       0x00000000       0x31 binaries/meminit.o
 .comment       0x00000000       0x31 binaries/mkbufpool.o
 .comment       0x00000000       0x31 binaries/newqueue.o
 .comment       0x00000000       0x31 binaries/open.o
 .comment       0x00000000       0x31 binaries/panic.o
 .comment       0x00000000       0x31 binaries/platinit.o
 .comment       0x00000000       0x31 binaries/ptclear.o
 .comment       0x00000000       0x31 binaries/ptcount.o
 .comment       0x00000000       0x31 binaries/ptcreate.o
 .comment       0x00000000       0x31 binaries/ptdelete.o
 .comment       0x00000000       0x31 binaries/ptinit.o
 .comment       0x00000000       0x31 binaries/ptrecv.o
 .comment       0x00000000       0x31 binaries/ptreset.o
 .comment       0x00000000       0x31 binaries/ptsend.o
 .comment       0x00000000       0x31 binaries/putc.o
 .comment       0x00000000       0x31 binaries/queue.o
 .comment       0x00000000       0x31 binaries/read.o
 .comment       0x00000000       0x31 binaries/ready.o
 .comment       0x00000000       0x31 binaries/receive.o
 .comment       0x00000000       0x31 binaries/recvclr.o
 .comment       0x00000000       0x31 binaries/recvtime.o
 .comment       0x00000000       0x31 binaries/resched.o
 .comment       0x00000000       0x31 binaries/resume.o
 .comment       0x00000000       0x31 binaries/seek.o
 .comment       0x00000000       0x31 binaries/semcount.o
 .comment       0x00000000       0x31 binaries/semcreate.o
 .comment       0x00000000       0x31 binaries/semdelete.o
 .comment       0x00000000       0x31 binaries/semreset.o
 .comment       0x00000000       0x31 binaries/send.o
 .comment       0x00000000       0x31 binaries/signal.o
 .comment       0x00000000       0x31 binaries/signaln.o
 .comment       0x00000000       0x31 binaries/sleep.o
 .comment       0x00000000       0x31 binaries/suspend.o
 .comment       0x00000000       0x31 binaries/unsleep.o
 .comment       0x00000000       0x31 binaries/userret.o
 .comment       0x00000000       0x31 binaries/wait.o
 .comment       0x00000000       0x31 binaries/wakeup.o
 .comment       0x00000000       0x31 binaries/write.o
 .comment       0x00000000       0x31 binaries/xdone.o
 .comment       0x00000000       0x31 binaries/yield.o
 .comment       0x00000000       0x31 binaries/abs.o
 .comment       0x00000000       0x31 binaries/atoi.o
 .comment       0x00000000       0x31 binaries/atol.o
 .comment       0x00000000       0x31 binaries/bzero.o
 .comment       0x00000000       0x31 binaries/ctype_.o
 .comment       0x00000000       0x31 binaries/doprnt.o
 .comment       0x00000000       0x31 binaries/doscan.o
 .comment       0x00000000       0x31 binaries/fdoprnt.o
 .comment       0x00000000       0x31 binaries/fgetc.o
 .comment       0x00000000       0x31 binaries/fgets.o
 .comment       0x00000000       0x31 binaries/fprintf.o
 .comment       0x00000000       0x31 binaries/fputc.o
 .comment       0x00000000       0x31 binaries/fputs.o
 .comment       0x00000000       0x31 binaries/fscanf.o
 .comment       0x00000000       0x31 binaries/getchar.o
 .comment       0x00000000       0x31 binaries/labs.o
 .comment       0x00000000       0x31 binaries/memchr.o
 .comment       0x00000000       0x31 binaries/memcmp.o
 .comment       0x00000000       0x31 binaries/memcpy.o
 .comment       0x00000000       0x31 binaries/memset.o
 .comment       0x00000000       0x31 binaries/printf.o
 .comment       0x00000000       0x31 binaries/putchar.o
 .comment       0x00000000       0x31 binaries/qsort.o
 .comment       0x00000000       0x31 binaries/rand.o
 .comment       0x00000000       0x31 binaries/sprintf.o
 .comment       0x00000000       0x31 binaries/sscanf.o
 .comment       0x00000000       0x31 binaries/strchr.o
 .comment       0x00000000       0x31 binaries/strcmp.o
 .comment       0x00000000       0x31 binaries/strcpy.o
 .comment       0x00000000       0x31 binaries/strlen.o
 .comment       0x00000000       0x31 binaries/strncat.o
 .comment       0x00000000       0x31 binaries/strncmp.o
 .comment       0x00000000       0x31 binaries/strncpy.o
 .comment       0x00000000       0x31 binaries/strnlen.o
 .comment       0x00000000       0x31 binaries/strrchr.o
 .comment       0x00000000       0x31 binaries/strstr.o
 .comment       0x00000000       0x31 binaries/ttycontrol.o
 .comment       0x00000000       0x31 binaries/ttygetc.o
 .comment       0x00000000       0x31 binaries/ttyhandle_in.o
 .comment       0x00000000       0x31 binaries/ttyhandle_out.o
 .comment       0x00000000       0x31 binaries/ttyhandler.o
 .comment       0x00000000       0x31 binaries/ttyinit.o
 .comment       0x00000000       0x31 binaries/ttykickout.o
 .comment       0x00000000       0x31 binaries/ttyputc.o
 .comment       0x00000000       0x31 binaries/ttyread.o
 .comment       0x00000000       0x31 binaries/ttywrite.o
 .comment       0x00000000       0x31 binaries/mount.o
 .comment       0x00000000       0x31 binaries/naminit.o
 .comment       0x00000000       0x31 binaries/nammap.o
 .comment       0x00000000       0x31 binaries/namopen.o
 .comment       0x00000000       0x31 binaries/ethcontrol.o
 .comment       0x00000000       0x31 binaries/ethhandler.o
 .comment       0x00000000       0x31 binaries/ethinit.o
 .comment       0x00000000       0x31 binaries/ethread.o
 .comment       0x00000000       0x31 binaries/ethwrite.o
 .comment       0x00000000       0x31 binaries/rdsbufalloc.o
 .comment       0x00000000       0x31 binaries/rdsclose.o
 .comment       0x00000000       0x31 binaries/rdscomm.o
 .comment       0x00000000       0x31 binaries/rdscontrol.o
 .comment       0x00000000       0x31 binaries/rdsinit.o
 .comment       0x00000000       0x31 binaries/rdsopen.o
 .comment       0x00000000       0x31 binaries/rdsprocess.o
 .comment       0x00000000       0x31 binaries/rdsread.o
 .comment       0x00000000       0x31 binaries/rdswrite.o
 .comment       0x00000000       0x31 binaries/ramclose.o
 .comment       0x00000000       0x31 binaries/raminit.o
 .comment       0x00000000       0x31 binaries/ramopen.o
 .comment       0x00000000       0x31 binaries/ramread.o
 .comment       0x00000000       0x31 binaries/ramwrite.o
 .comment       0x00000000       0x31 binaries/lfdballoc.o
 .comment       0x00000000       0x31 binaries/lfdbfree.o
 .comment       0x00000000       0x31 binaries/lfflush.o
 .comment       0x00000000       0x31 binaries/lfgetmode.o
 .comment       0x00000000       0x31 binaries/lfiballoc.o
 .comment       0x00000000       0x31 binaries/lfibclear.o
 .comment       0x00000000       0x31 binaries/lfibget.o
 .comment       0x00000000       0x31 binaries/lfibput.o
 .comment       0x00000000       0x31 binaries/lflclose.o
 .comment       0x00000000       0x31 binaries/lflcontrol.o
 .comment       0x00000000       0x31 binaries/lflgetc.o
 .comment       0x00000000       0x31 binaries/lflinit.o
 .comment       0x00000000       0x31 binaries/lflputc.o
 .comment       0x00000000       0x31 binaries/lflread.o
 .comment       0x00000000       0x31 binaries/lflseek.o
 .comment       0x00000000       0x31 binaries/lflwrite.o
 .comment       0x00000000       0x31 binaries/lfscheck.o
 .comment       0x00000000       0x31 binaries/lfsckfmt.o
 .comment       0x00000000       0x31 binaries/lfscreate.o
 .comment       0x00000000       0x31 binaries/lfsetup.o
 .comment       0x00000000       0x31 binaries/lfsinit.o
 .comment       0x00000000       0x31 binaries/lfsopen.o
 .comment       0x00000000       0x31 binaries/lftruncate.o
 .comment       0x00000000       0x31 binaries/rflclose.o
 .comment       0x00000000       0x31 binaries/rflgetc.o
 .comment       0x00000000       0x31 binaries/rflinit.o
 .comment       0x00000000       0x31 binaries/rflputc.o
 .comment       0x00000000       0x31 binaries/rflread.o
 .comment       0x00000000       0x31 binaries/rflseek.o
 .comment       0x00000000       0x31 binaries/rflwrite.o
 .comment       0x00000000       0x31 binaries/rfscomm.o
 .comment       0x00000000       0x31 binaries/rfscontrol.o
 .comment       0x00000000       0x31 binaries/rfsgetmode.o
 .comment       0x00000000       0x31 binaries/rfsinit.o
 .comment       0x00000000       0x31 binaries/rfsndmsg.o
 .comment       0x00000000       0x31 binaries/rfsopen.o
 .comment       0x00000000       0x31 binaries/spicontrol.o
 .comment       0x00000000       0x31 binaries/spiinit.o
 .comment       0x00000000       0x31 binaries/gpiocontrol.o
 .comment       0x00000000       0x31 binaries/gpiohandler.o
 .comment       0x00000000       0x31 binaries/gpioinit.o
 .comment       0x00000000       0x31 binaries/gpioread.o
 .comment       0x00000000       0x31 binaries/gpioselect.o
 .comment       0x00000000       0x31 binaries/gpiowrite.o
 .comment       0x00000000       0x31 binaries/arp.o
 .comment       0x00000000       0x31 binaries/dhcp.o
 .comment       0x00000000       0x31 binaries/dns.o
 .comment       0x00000000       0x31 binaries/dot2ip.o
 .comment       0x00000000       0x31 binaries/hexdump.o
 .comment       0x00000000       0x31 binaries/icmp.o
 .comment       0x00000000       0x31 binaries/ip.o
 .comment       0x00000000       0x31 binaries/net.o
 .comment       0x00000000       0x31 binaries/pdump.o
 .comment       0x00000000       0x31 binaries/tftp.o
 .comment       0x00000000       0x31 binaries/udp.o
 .comment       0x00000000       0x31 binaries/addargs.o
 .comment       0x00000000       0x31 binaries/lexan.o
 .comment       0x00000000       0x31 binaries/shell.o
 .comment       0x00000000       0x31 binaries/xsh_argecho.o
 .comment       0x00000000       0x31 binaries/xsh_arp.o
 .comment       0x00000000       0x31 binaries/xsh_cat.o
 .comment       0x00000000       0x31 binaries/xsh_clear.o
 .comment       0x00000000       0x31 binaries/xsh_date.o
 .comment       0x00000000       0x31 binaries/xsh_devdump.o
 .comment       0x00000000       0x31 binaries/xsh_echo.o
 .comment       0x00000000       0x31 binaries/xsh_exit.o
 .comment       0x00000000       0x31 binaries/xsh_help.o
 .comment       0x00000000       0x31 binaries/xsh_kill.o
 .comment       0x00000000       0x31 binaries/xsh_memdump.o
 .comment       0x00000000       0x31 binaries/xsh_memstat.o
 .comment       0x00000000       0x31 binaries/xsh_netinfo.o
 .comment       0x00000000       0x31 binaries/xsh_ping.o
 .comment       0x00000000       0x31 binaries/xsh_ps.o
 .comment       0x00000000       0x31 binaries/xsh_sleep.o
 .comment       0x00000000       0x31 binaries/xsh_udpdump.o
 .comment       0x00000000       0x31 binaries/xsh_udpecho.o
 .comment       0x00000000       0x31 binaries/xsh_udpserver.o
 .comment       0x00000000       0x31 binaries/xsh_uptime.o

.debug_frame    0x00000000       0x40
 .debug_frame   0x00000000       0x20 /homes/cs354/bin/cross_compiler/lib/gcc/arm-none-eabi/4.8.1//libgcc.a(_udivsi3.o)
 .debug_frame   0x00000020       0x20 /homes/cs354/bin/cross_compiler/lib/gcc/arm-none-eabi/4.8.1//libgcc.a(_divsi3.o)
